<?xml version="1.0" encoding="ISO-8859-1" ?>
<link_info>
   <banner>TI ARM Linker PC v20.2.7.LTS</banner>
   <copyright>Copyright (c) 1996-2018 Texas Instruments Incorporated</copyright>
   <link_time>0x67fd8c63</link_time>
   <link_errors>0x0</link_errors>
   <output_file>Lab4.out</output_file>
   <entry_point>
      <name>_c_int00_noargs</name>
      <address>0x4d39</address>
   </entry_point>
   <input_file_list>
      <input_file id="fl-2">
         <path>.\</path>
         <kind>object</kind>
         <file>main.obj</file>
         <name>main.obj</name>
      </input_file>
      <input_file id="fl-3">
         <path>.\</path>
         <kind>object</kind>
         <file>tm4c123gh6pm_startup_ccs.obj</file>
         <name>tm4c123gh6pm_startup_ccs.obj</name>
      </input_file>
      <input_file id="fl-4">
         <path>.\FreeRTOS\Source\</path>
         <kind>object</kind>
         <file>event_groups.obj</file>
         <name>event_groups.obj</name>
      </input_file>
      <input_file id="fl-5">
         <path>.\FreeRTOS\Source\</path>
         <kind>object</kind>
         <file>list.obj</file>
         <name>list.obj</name>
      </input_file>
      <input_file id="fl-6">
         <path>.\FreeRTOS\Source\</path>
         <kind>object</kind>
         <file>queue.obj</file>
         <name>queue.obj</name>
      </input_file>
      <input_file id="fl-7">
         <path>.\FreeRTOS\Source\</path>
         <kind>object</kind>
         <file>tasks.obj</file>
         <name>tasks.obj</name>
      </input_file>
      <input_file id="fl-8">
         <path>.\FreeRTOS\Source\</path>
         <kind>object</kind>
         <file>timers.obj</file>
         <name>timers.obj</name>
      </input_file>
      <input_file id="fl-9">
         <path>.\FreeRTOS\Source\portable\CCS\ARM_CM4F\</path>
         <kind>object</kind>
         <file>port.obj</file>
         <name>port.obj</name>
      </input_file>
      <input_file id="fl-a">
         <path>.\FreeRTOS\Source\portable\CCS\ARM_CM4F\</path>
         <kind>object</kind>
         <file>portasm.obj</file>
         <name>portasm.obj</name>
      </input_file>
      <input_file id="fl-b">
         <path>.\FreeRTOS\Source\portable\MemMang\</path>
         <kind>object</kind>
         <file>heap_1.obj</file>
         <name>heap_1.obj</name>
      </input_file>
      <input_file id="fl-c">
         <path>.\MCAL\ADC\</path>
         <kind>object</kind>
         <file>adc.obj</file>
         <name>adc.obj</name>
      </input_file>
      <input_file id="fl-d">
         <path>.\MCAL\GPIO\</path>
         <kind>object</kind>
         <file>gpio.obj</file>
         <name>gpio.obj</name>
      </input_file>
      <input_file id="fl-e">
         <path>.\MCAL\GPTM\</path>
         <kind>object</kind>
         <file>GPTM.obj</file>
         <name>GPTM.obj</name>
      </input_file>
      <input_file id="fl-f">
         <path>.\MCAL\UART\</path>
         <kind>object</kind>
         <file>uart0.obj</file>
         <name>uart0.obj</name>
      </input_file>
      <input_file id="fl-13">
         <kind>object</kind>
         <file>&lt;internal&gt;</file>
         <name>&lt;internal&gt;</name>
      </input_file>
      <input_file id="fl-c9">
         <path>D:\Program Files\ccs\tools\compiler\ti-cgt-arm_20.2.7.LTS\lib\</path>
         <kind>archive</kind>
         <file>rtsv7M4_T_le_v4SPD16_eabi.lib</file>
         <name>fd_div_t2.asm.obj</name>
      </input_file>
      <input_file id="fl-ca">
         <path>D:\Program Files\ccs\tools\compiler\ti-cgt-arm_20.2.7.LTS\lib\</path>
         <kind>archive</kind>
         <file>rtsv7M4_T_le_v4SPD16_eabi.lib</file>
         <name>fd_mul_t2.asm.obj</name>
      </input_file>
      <input_file id="fl-cb">
         <path>D:\Program Files\ccs\tools\compiler\ti-cgt-arm_20.2.7.LTS\lib\</path>
         <kind>archive</kind>
         <file>rtsv7M4_T_le_v4SPD16_eabi.lib</file>
         <name>fd_tos_t2.asm.obj</name>
      </input_file>
      <input_file id="fl-cc">
         <path>D:\Program Files\ccs\tools\compiler\ti-cgt-arm_20.2.7.LTS\lib\</path>
         <kind>archive</kind>
         <file>rtsv7M4_T_le_v4SPD16_eabi.lib</file>
         <name>memcpy_t2.asm.obj</name>
      </input_file>
      <input_file id="fl-cd">
         <path>D:\Program Files\ccs\tools\compiler\ti-cgt-arm_20.2.7.LTS\lib\</path>
         <kind>archive</kind>
         <file>rtsv7M4_T_le_v4SPD16_eabi.lib</file>
         <name>u_tofd_t2.asm.obj</name>
      </input_file>
      <input_file id="fl-ce">
         <path>D:\Program Files\ccs\tools\compiler\ti-cgt-arm_20.2.7.LTS\lib\</path>
         <kind>archive</kind>
         <file>rtsv7M4_T_le_v4SPD16_eabi.lib</file>
         <name>memset_t2.asm.obj</name>
      </input_file>
      <input_file id="fl-cf">
         <path>D:\Program Files\ccs\tools\compiler\ti-cgt-arm_20.2.7.LTS\lib\</path>
         <kind>archive</kind>
         <file>rtsv7M4_T_le_v4SPD16_eabi.lib</file>
         <name>ll_div_t2.asm.obj</name>
      </input_file>
      <input_file id="fl-d0">
         <path>D:\Program Files\ccs\tools\compiler\ti-cgt-arm_20.2.7.LTS\lib\</path>
         <kind>archive</kind>
         <file>rtsv7M4_T_le_v4SPD16_eabi.lib</file>
         <name>ull_div_t2.asm.obj</name>
      </input_file>
      <input_file id="fl-d1">
         <path>D:\Program Files\ccs\tools\compiler\ti-cgt-arm_20.2.7.LTS\lib\</path>
         <kind>archive</kind>
         <file>rtsv7M4_T_le_v4SPD16_eabi.lib</file>
         <name>copy_zero_init.c.obj</name>
      </input_file>
      <input_file id="fl-d2">
         <path>D:\Program Files\ccs\tools\compiler\ti-cgt-arm_20.2.7.LTS\lib\</path>
         <kind>archive</kind>
         <file>rtsv7M4_T_le_v4SPD16_eabi.lib</file>
         <name>copy_decompress_none.c.obj</name>
      </input_file>
      <input_file id="fl-d3">
         <path>D:\Program Files\ccs\tools\compiler\ti-cgt-arm_20.2.7.LTS\lib\</path>
         <kind>archive</kind>
         <file>rtsv7M4_T_le_v4SPD16_eabi.lib</file>
         <name>copy_decompress_lzss.c.obj</name>
      </input_file>
      <input_file id="fl-d4">
         <path>D:\Program Files\ccs\tools\compiler\ti-cgt-arm_20.2.7.LTS\lib\</path>
         <kind>archive</kind>
         <file>rtsv7M4_T_le_v4SPD16_eabi.lib</file>
         <name>strcpy.c.obj</name>
      </input_file>
      <input_file id="fl-d5">
         <path>D:\Program Files\ccs\tools\compiler\ti-cgt-arm_20.2.7.LTS\lib\</path>
         <kind>archive</kind>
         <file>rtsv7M4_T_le_v4SPD16_eabi.lib</file>
         <name>boot_cortex_m.c.obj</name>
      </input_file>
      <input_file id="fl-d6">
         <path>D:\Program Files\ccs\tools\compiler\ti-cgt-arm_20.2.7.LTS\lib\</path>
         <kind>archive</kind>
         <file>rtsv7M4_T_le_v4SPD16_eabi.lib</file>
         <name>div0.asm.obj</name>
      </input_file>
      <input_file id="fl-d7">
         <path>D:\Program Files\ccs\tools\compiler\ti-cgt-arm_20.2.7.LTS\lib\</path>
         <kind>archive</kind>
         <file>rtsv7M4_T_le_v4SPD16_eabi.lib</file>
         <name>autoinit.c.obj</name>
      </input_file>
      <input_file id="fl-d8">
         <path>D:\Program Files\ccs\tools\compiler\ti-cgt-arm_20.2.7.LTS\lib\</path>
         <kind>archive</kind>
         <file>rtsv7M4_T_le_v4SPD16_eabi.lib</file>
         <name>pre_init.c.obj</name>
      </input_file>
      <input_file id="fl-d9">
         <path>D:\Program Files\ccs\tools\compiler\ti-cgt-arm_20.2.7.LTS\lib\</path>
         <kind>archive</kind>
         <file>rtsv7M4_T_le_v4SPD16_eabi.lib</file>
         <name>cpy_tbl.c.obj</name>
      </input_file>
      <input_file id="fl-da">
         <path>D:\Program Files\ccs\tools\compiler\ti-cgt-arm_20.2.7.LTS\lib\</path>
         <kind>archive</kind>
         <file>rtsv7M4_T_le_v4SPD16_eabi.lib</file>
         <name>exit.c.obj</name>
      </input_file>
      <input_file id="fl-db">
         <path>D:\Program Files\ccs\tools\compiler\ti-cgt-arm_20.2.7.LTS\lib\</path>
         <kind>archive</kind>
         <file>rtsv7M4_T_le_v4SPD16_eabi.lib</file>
         <name>_lock.c.obj</name>
      </input_file>
      <input_file id="fl-dc">
         <path>D:\Program Files\ccs\tools\compiler\ti-cgt-arm_20.2.7.LTS\lib\</path>
         <kind>archive</kind>
         <file>rtsv7M4_T_le_v4SPD16_eabi.lib</file>
         <name>args_main.c.obj</name>
      </input_file>
   </input_file_list>
   <object_component_list>
      <object_component id="oc-12">
         <name>.intvecs</name>
         <load_address>0x0</load_address>
         <run_address>0x0</run_address>
         <size>0x26c</size>
         <input_file_ref idref="fl-3"/>
      </object_component>
      <object_component id="oc-85">
         <name>.text</name>
         <load_address>0x26c</load_address>
         <run_address>0x26c</run_address>
         <size>0x1cf0</size>
         <input_file_ref idref="fl-7"/>
      </object_component>
      <object_component id="oc-a0">
         <name>.text</name>
         <load_address>0x1f5c</load_address>
         <run_address>0x1f5c</run_address>
         <size>0x100e</size>
         <input_file_ref idref="fl-6"/>
      </object_component>
      <object_component id="oc-236">
         <name>.text</name>
         <load_address>0x2f6a</load_address>
         <run_address>0x2f6a</run_address>
         <size>0x2</size>
         <input_file_ref idref="fl-d6"/>
      </object_component>
      <object_component id="oc-125">
         <name>.text</name>
         <load_address>0x2f6c</load_address>
         <run_address>0x2f6c</run_address>
         <size>0x70c</size>
         <input_file_ref idref="fl-8"/>
      </object_component>
      <object_component id="oc-38">
         <name>.text</name>
         <load_address>0x3678</load_address>
         <run_address>0x3678</run_address>
         <size>0x690</size>
         <input_file_ref idref="fl-2"/>
      </object_component>
      <object_component id="oc-32">
         <name>.text</name>
         <load_address>0x3d08</load_address>
         <run_address>0x3d08</run_address>
         <size>0x2b4</size>
         <input_file_ref idref="fl-9"/>
      </object_component>
      <object_component id="oc-ac">
         <name>.text</name>
         <load_address>0x3fbc</load_address>
         <run_address>0x3fbc</run_address>
         <size>0x1ec</size>
         <input_file_ref idref="fl-d"/>
      </object_component>
      <object_component id="oc-a6">
         <name>.text</name>
         <load_address>0x41a8</load_address>
         <run_address>0x41a8</run_address>
         <size>0x1c8</size>
         <input_file_ref idref="fl-f"/>
      </object_component>
      <object_component id="oc-b2">
         <name>.text</name>
         <load_address>0x4370</load_address>
         <run_address>0x4370</run_address>
         <size>0x138</size>
         <input_file_ref idref="fl-c"/>
      </object_component>
      <object_component id="oc-17b">
         <name>.text</name>
         <load_address>0x44a8</load_address>
         <run_address>0x44a8</run_address>
         <size>0x136</size>
         <input_file_ref idref="fl-c9"/>
      </object_component>
      <object_component id="oc-11f">
         <name>.text</name>
         <load_address>0x45de</load_address>
         <run_address>0x45de</run_address>
         <size>0x12a</size>
         <input_file_ref idref="fl-5"/>
      </object_component>
      <object_component id="oc-176">
         <name>.text</name>
         <load_address>0x4708</load_address>
         <run_address>0x4708</run_address>
         <size>0xfc</size>
         <input_file_ref idref="fl-ca"/>
      </object_component>
      <object_component id="oc-2d">
         <name>.text</name>
         <load_address>0x4804</load_address>
         <run_address>0x4804</run_address>
         <size>0xda</size>
         <input_file_ref idref="fl-a"/>
      </object_component>
      <object_component id="oc-119">
         <name>.text</name>
         <load_address>0x48e0</load_address>
         <run_address>0x48e0</run_address>
         <size>0xd0</size>
         <input_file_ref idref="fl-b"/>
      </object_component>
      <object_component id="oc-4c">
         <name>.text</name>
         <load_address>0x49b0</load_address>
         <run_address>0x49b0</run_address>
         <size>0x9c</size>
         <input_file_ref idref="fl-cc"/>
      </object_component>
      <object_component id="oc-23b">
         <name>.text</name>
         <load_address>0x4a4c</load_address>
         <run_address>0x4a4c</run_address>
         <size>0x96</size>
         <input_file_ref idref="fl-d0"/>
      </object_component>
      <object_component id="oc-f7">
         <name>.text</name>
         <load_address>0x4ae2</load_address>
         <run_address>0x4ae2</run_address>
         <size>0x7a</size>
         <input_file_ref idref="fl-ce"/>
      </object_component>
      <object_component id="oc-180">
         <name>.text</name>
         <load_address>0x4b5c</load_address>
         <run_address>0x4b5c</run_address>
         <size>0x6e</size>
         <input_file_ref idref="fl-cb"/>
      </object_component>
      <object_component id="oc-169">
         <name>.text</name>
         <load_address>0x4bca</load_address>
         <run_address>0x4bca</run_address>
         <size>0x6e</size>
         <input_file_ref idref="fl-cf"/>
      </object_component>
      <object_component id="oc-15">
         <name>.text:decompress:lzss:__TI_decompress_lzss</name>
         <load_address>0x4c38</load_address>
         <run_address>0x4c38</run_address>
         <size>0x68</size>
         <input_file_ref idref="fl-d3"/>
      </object_component>
      <object_component id="oc-b8">
         <name>.text</name>
         <load_address>0x4ca0</load_address>
         <run_address>0x4ca0</run_address>
         <size>0x54</size>
         <input_file_ref idref="fl-e"/>
      </object_component>
      <object_component id="oc-1bd">
         <name>.text:__TI_auto_init_nobinit_nopinit:__TI_auto_init_nobinit_nopinit</name>
         <load_address>0x4cf4</load_address>
         <run_address>0x4cf4</run_address>
         <size>0x44</size>
         <input_file_ref idref="fl-d7"/>
      </object_component>
      <object_component id="oc-6a">
         <name>.text:_c_int00_noargs:_c_int00_noargs</name>
         <load_address>0x4d38</load_address>
         <run_address>0x4d38</run_address>
         <size>0x34</size>
         <input_file_ref idref="fl-d5"/>
      </object_component>
      <object_component id="oc-171">
         <name>.text</name>
         <load_address>0x4d6c</load_address>
         <run_address>0x4d6c</run_address>
         <size>0x20</size>
         <input_file_ref idref="fl-cd"/>
      </object_component>
      <object_component id="oc-be">
         <name>.text:strcpy</name>
         <load_address>0x4d8c</load_address>
         <run_address>0x4d8c</run_address>
         <size>0x14</size>
         <input_file_ref idref="fl-d4"/>
      </object_component>
      <object_component id="oc-1b">
         <name>.text:decompress:none:__TI_decompress_none</name>
         <load_address>0x4da0</load_address>
         <run_address>0x4da0</run_address>
         <size>0xe</size>
         <input_file_ref idref="fl-d2"/>
      </object_component>
      <object_component id="oc-5e">
         <name>.text:decompress:ZI:__TI_zero_init</name>
         <load_address>0x4dae</load_address>
         <run_address>0x4dae</run_address>
         <size>0xc</size>
         <input_file_ref idref="fl-d1"/>
      </object_component>
      <object_component id="oc-27">
         <name>.text</name>
         <load_address>0x4dba</load_address>
         <run_address>0x4dba</run_address>
         <size>0xc</size>
         <input_file_ref idref="fl-3"/>
      </object_component>
      <object_component id="oc-fd">
         <name>.text:_system_pre_init</name>
         <load_address>0x4dc6</load_address>
         <run_address>0x4dc6</run_address>
         <size>0x4</size>
         <input_file_ref idref="fl-d8"/>
      </object_component>
      <object_component id="oc-1b1">
         <name>.text:abort:abort</name>
         <load_address>0x4dca</load_address>
         <run_address>0x4dca</run_address>
         <size>0x4</size>
         <input_file_ref idref="fl-da"/>
      </object_component>
      <object_component id="oc-82">
         <name>.const</name>
         <load_address>0x4dd0</load_address>
         <run_address>0x4dd0</run_address>
         <size>0x8</size>
         <input_file_ref idref="fl-9"/>
      </object_component>
      <object_component id="oc-12f">
         <name>.const</name>
         <load_address>0x4dd8</load_address>
         <run_address>0x4dd8</run_address>
         <size>0x4</size>
         <input_file_ref idref="fl-7"/>
      </object_component>
      <object_component id="oc-2e4">
         <name>.cinit..data.load</name>
         <load_address>0x4de0</load_address>
         <run_address>0x4de0</run_address>
         <size>0x1b</size>
      </object_component>
      <object_component id="oc-2e2">
         <name>__TI_handler_table</name>
         <load_address>0x4dfc</load_address>
         <run_address>0x4dfc</run_address>
         <size>0xc</size>
      </object_component>
      <object_component id="oc-2e5">
         <name>.cinit..bss.load</name>
         <load_address>0x4e08</load_address>
         <run_address>0x4e08</run_address>
         <size>0x8</size>
      </object_component>
      <object_component id="oc-2e3">
         <name>__TI_cinit_table</name>
         <load_address>0x4e10</load_address>
         <run_address>0x4e10</run_address>
         <size>0x10</size>
      </object_component>
      <object_component id="oc-d0">
         <name>.data</name>
         <load_address>0x20002388</load_address>
         <run_address>0x20002388</run_address>
         <size>0xd</size>
         <input_file_ref idref="fl-2"/>
      </object_component>
      <object_component id="oc-7f">
         <name>.data</name>
         <load_address>0x20002358</load_address>
         <run_address>0x20002358</run_address>
         <size>0x30</size>
         <input_file_ref idref="fl-7"/>
      </object_component>
      <object_component id="oc-20a">
         <name>.data</name>
         <load_address>0x200023a4</load_address>
         <run_address>0x200023a4</run_address>
         <size>0xc</size>
         <input_file_ref idref="fl-8"/>
      </object_component>
      <object_component id="oc-8c">
         <name>.data</name>
         <load_address>0x20002398</load_address>
         <run_address>0x20002398</run_address>
         <size>0xc</size>
         <input_file_ref idref="fl-9"/>
      </object_component>
      <object_component id="oc-200">
         <name>.data</name>
         <load_address>0x200023b0</load_address>
         <run_address>0x200023b0</run_address>
         <size>0x8</size>
         <input_file_ref idref="fl-b"/>
      </object_component>
      <object_component id="oc-12b">
         <name>.bss:pxReadyTasksLists</name>
         <uninitialized>true</uninitialized>
         <run_address>0x20002000</run_address>
         <size>0x64</size>
         <input_file_ref idref="fl-7"/>
      </object_component>
      <object_component id="oc-139">
         <name>.bss:xDelayedTaskList1</name>
         <uninitialized>true</uninitialized>
         <run_address>0x200020e0</run_address>
         <size>0x14</size>
         <input_file_ref idref="fl-7"/>
      </object_component>
      <object_component id="oc-13c">
         <name>.bss:xDelayedTaskList2</name>
         <uninitialized>true</uninitialized>
         <run_address>0x200020f4</run_address>
         <size>0x14</size>
         <input_file_ref idref="fl-7"/>
      </object_component>
      <object_component id="oc-135">
         <name>.bss</name>
         <uninitialized>true</uninitialized>
         <run_address>0x2000211c</run_address>
         <size>0x8</size>
         <input_file_ref idref="fl-7"/>
      </object_component>
      <object_component id="oc-132">
         <name>.bss:xPendingReadyList</name>
         <uninitialized>true</uninitialized>
         <run_address>0x20002108</run_address>
         <size>0x14</size>
         <input_file_ref idref="fl-7"/>
      </object_component>
      <object_component id="oc-210">
         <name>.bss:xActiveTimerList1</name>
         <uninitialized>true</uninitialized>
         <run_address>0x200020b8</run_address>
         <size>0x14</size>
         <input_file_ref idref="fl-8"/>
      </object_component>
      <object_component id="oc-213">
         <name>.bss:xActiveTimerList2</name>
         <uninitialized>true</uninitialized>
         <run_address>0x200020cc</run_address>
         <size>0x14</size>
         <input_file_ref idref="fl-8"/>
      </object_component>
      <object_component id="oc-20d">
         <name>.bss</name>
         <uninitialized>true</uninitialized>
         <run_address>0x20002124</run_address>
         <size>0x8</size>
         <input_file_ref idref="fl-8"/>
      </object_component>
      <object_component id="oc-203">
         <name>.bss:ucHeap</name>
         <uninitialized>true</uninitialized>
         <run_address>0x20000000</run_address>
         <size>0x2000</size>
         <input_file_ref idref="fl-b"/>
      </object_component>
      <object_component id="oc-138">
         <name>.common:ullTasksOutTime</name>
         <uninitialized>true</uninitialized>
         <run_address>0x20002080</run_address>
         <size>0x1c</size>
      </object_component>
      <object_component id="oc-12e">
         <name>.common:ullTasksInTime</name>
         <uninitialized>true</uninitialized>
         <run_address>0x20002064</run_address>
         <size>0x1c</size>
      </object_component>
      <object_component id="oc-d4">
         <name>.common:ullTasksTotalTime</name>
         <uninitialized>true</uninitialized>
         <run_address>0x2000209c</run_address>
         <size>0x1c</size>
      </object_component>
      <object_component id="oc-c4">
         <name>.common:xBtnSemaphore</name>
         <uninitialized>true</uninitialized>
         <run_address>0x20002130</run_address>
         <size>0x4</size>
      </object_component>
      <object_component id="oc-c7">
         <name>.common:xDataMutex</name>
         <uninitialized>true</uninitialized>
         <run_address>0x20002134</run_address>
         <size>0x4</size>
      </object_component>
      <object_component id="oc-c8">
         <name>.common:xGPTM_Mutex</name>
         <uninitialized>true</uninitialized>
         <run_address>0x20002138</run_address>
         <size>0x4</size>
      </object_component>
      <object_component id="oc-c9">
         <name>.common:xSystemFailureSemaphore</name>
         <uninitialized>true</uninitialized>
         <run_address>0x2000213c</run_address>
         <size>0x4</size>
      </object_component>
      <object_component id="oc-d3">
         <name>.common:Heater_Status</name>
         <uninitialized>true</uninitialized>
         <run_address>0x2000212c</run_address>
         <size>0x4</size>
      </object_component>
      <object_component id="oc-ca">
         <name>.common:xTask1Handle</name>
         <uninitialized>true</uninitialized>
         <run_address>0x20002140</run_address>
         <size>0x4</size>
      </object_component>
      <object_component id="oc-cb">
         <name>.common:xTask2Handle</name>
         <uninitialized>true</uninitialized>
         <run_address>0x20002144</run_address>
         <size>0x4</size>
      </object_component>
      <object_component id="oc-cc">
         <name>.common:xTask3Handle</name>
         <uninitialized>true</uninitialized>
         <run_address>0x20002148</run_address>
         <size>0x4</size>
      </object_component>
      <object_component id="oc-cd">
         <name>.common:xTask4Handle</name>
         <uninitialized>true</uninitialized>
         <run_address>0x2000214c</run_address>
         <size>0x4</size>
      </object_component>
      <object_component id="oc-ce">
         <name>.common:xTask5Handle</name>
         <uninitialized>true</uninitialized>
         <run_address>0x20002150</run_address>
         <size>0x4</size>
      </object_component>
      <object_component id="oc-cf">
         <name>.common:xTask6Handle</name>
         <uninitialized>true</uninitialized>
         <run_address>0x20002154</run_address>
         <size>0x4</size>
      </object_component>
      <object_component id="oc-24">
         <name>.stack</name>
         <uninitialized>true</uninitialized>
         <run_address>0x20002158</run_address>
         <size>0x4</size>
         <input_file_ref idref="fl-d5"/>
      </object_component>
      <object_component id="oc-2e7">
         <name>.stack</name>
         <uninitialized>true</uninitialized>
         <run_address>0x20002158</run_address>
         <size>0x0</size>
      </object_component>
      <object_component id="oc-c5">
         <name>.debug_info</name>
         <load_address>0x0</load_address>
         <run_address>0x0</run_address>
         <size>0xc57</size>
         <input_file_ref idref="fl-2"/>
      </object_component>
      <object_component id="oc-d1">
         <name>.debug_info</name>
         <load_address>0xc57</load_address>
         <run_address>0xc57</run_address>
         <size>0x18a</size>
         <input_file_ref idref="fl-2"/>
      </object_component>
      <object_component id="oc-39">
         <name>.debug_info</name>
         <load_address>0xde1</load_address>
         <run_address>0xde1</run_address>
         <size>0xf79</size>
         <input_file_ref idref="fl-2"/>
      </object_component>
      <object_component id="oc-149">
         <name>.debug_info</name>
         <load_address>0x1d5a</load_address>
         <run_address>0x1d5a</run_address>
         <size>0x30c</size>
         <input_file_ref idref="fl-2"/>
      </object_component>
      <object_component id="oc-19c">
         <name>.debug_info</name>
         <load_address>0x2066</load_address>
         <run_address>0x2066</run_address>
         <size>0x5a</size>
         <input_file_ref idref="fl-2"/>
      </object_component>
      <object_component id="oc-dd">
         <name>.debug_info</name>
         <load_address>0x20c0</load_address>
         <run_address>0x20c0</run_address>
         <size>0x26b</size>
         <input_file_ref idref="fl-2"/>
      </object_component>
      <object_component id="oc-153">
         <name>.debug_info</name>
         <load_address>0x232b</load_address>
         <run_address>0x232b</run_address>
         <size>0x3f8</size>
         <input_file_ref idref="fl-2"/>
      </object_component>
      <object_component id="oc-18b">
         <name>.debug_info</name>
         <load_address>0x2723</load_address>
         <run_address>0x2723</run_address>
         <size>0x4f</size>
         <input_file_ref idref="fl-2"/>
      </object_component>
      <object_component id="oc-195">
         <name>.debug_info</name>
         <load_address>0x2772</load_address>
         <run_address>0x2772</run_address>
         <size>0x2c</size>
         <input_file_ref idref="fl-2"/>
      </object_component>
      <object_component id="oc-47">
         <name>.debug_info</name>
         <load_address>0x279e</load_address>
         <run_address>0x279e</run_address>
         <size>0x84</size>
         <input_file_ref idref="fl-2"/>
      </object_component>
      <object_component id="oc-91">
         <name>.debug_info</name>
         <load_address>0x2822</load_address>
         <run_address>0x2822</run_address>
         <size>0x2c</size>
         <input_file_ref idref="fl-2"/>
      </object_component>
      <object_component id="oc-158">
         <name>.debug_info</name>
         <load_address>0x284e</load_address>
         <run_address>0x284e</run_address>
         <size>0x2a4</size>
         <input_file_ref idref="fl-2"/>
      </object_component>
      <object_component id="oc-9b">
         <name>.debug_info</name>
         <load_address>0x2af2</load_address>
         <run_address>0x2af2</run_address>
         <size>0xbb</size>
         <input_file_ref idref="fl-2"/>
      </object_component>
      <object_component id="oc-d6">
         <name>.debug_info</name>
         <load_address>0x2bad</load_address>
         <run_address>0x2bad</run_address>
         <size>0xae</size>
         <input_file_ref idref="fl-2"/>
      </object_component>
      <object_component id="oc-144">
         <name>.debug_info</name>
         <load_address>0x2c5b</load_address>
         <run_address>0x2c5b</run_address>
         <size>0x53</size>
         <input_file_ref idref="fl-2"/>
      </object_component>
      <object_component id="oc-96">
         <name>.debug_info</name>
         <load_address>0x2cae</load_address>
         <run_address>0x2cae</run_address>
         <size>0x53</size>
         <input_file_ref idref="fl-2"/>
      </object_component>
      <object_component id="oc-190">
         <name>.debug_info</name>
         <load_address>0x2d01</load_address>
         <run_address>0x2d01</run_address>
         <size>0x35</size>
         <input_file_ref idref="fl-2"/>
      </object_component>
      <object_component id="oc-14e">
         <name>.debug_info</name>
         <load_address>0x2d36</load_address>
         <run_address>0x2d36</run_address>
         <size>0x14c</size>
         <input_file_ref idref="fl-2"/>
      </object_component>
      <object_component id="oc-40">
         <name>.debug_info</name>
         <load_address>0x2e82</load_address>
         <run_address>0x2e82</run_address>
         <size>0x35c</size>
         <input_file_ref idref="fl-3"/>
      </object_component>
      <object_component id="oc-13">
         <name>.debug_info</name>
         <load_address>0x31de</load_address>
         <run_address>0x31de</run_address>
         <size>0xf1</size>
         <input_file_ref idref="fl-3"/>
      </object_component>
      <object_component id="oc-28">
         <name>.debug_info</name>
         <load_address>0x32cf</load_address>
         <run_address>0x32cf</run_address>
         <size>0x26d</size>
         <input_file_ref idref="fl-3"/>
      </object_component>
      <object_component id="oc-235">
         <name>.debug_info</name>
         <load_address>0x353c</load_address>
         <run_address>0x353c</run_address>
         <size>0x68c</size>
         <input_file_ref idref="fl-4"/>
      </object_component>
      <object_component id="oc-164">
         <name>.debug_info</name>
         <load_address>0x3bc8</load_address>
         <run_address>0x3bc8</run_address>
         <size>0x110</size>
         <input_file_ref idref="fl-4"/>
      </object_component>
      <object_component id="oc-1fb">
         <name>.debug_info</name>
         <load_address>0x3cd8</load_address>
         <run_address>0x3cd8</run_address>
         <size>0x3f8</size>
         <input_file_ref idref="fl-4"/>
      </object_component>
      <object_component id="oc-27d">
         <name>.debug_info</name>
         <load_address>0x40d0</load_address>
         <run_address>0x40d0</run_address>
         <size>0x62</size>
         <input_file_ref idref="fl-4"/>
      </object_component>
      <object_component id="oc-282">
         <name>.debug_info</name>
         <load_address>0x4132</load_address>
         <run_address>0x4132</run_address>
         <size>0x39</size>
         <input_file_ref idref="fl-4"/>
      </object_component>
      <object_component id="oc-1f1">
         <name>.debug_info</name>
         <load_address>0x416b</load_address>
         <run_address>0x416b</run_address>
         <size>0x4f</size>
         <input_file_ref idref="fl-4"/>
      </object_component>
      <object_component id="oc-209">
         <name>.debug_info</name>
         <load_address>0x41ba</load_address>
         <run_address>0x41ba</run_address>
         <size>0x38a</size>
         <input_file_ref idref="fl-5"/>
      </object_component>
      <object_component id="oc-121">
         <name>.debug_info</name>
         <load_address>0x4544</load_address>
         <run_address>0x4544</run_address>
         <size>0x4fa</size>
         <input_file_ref idref="fl-5"/>
      </object_component>
      <object_component id="oc-163">
         <name>.debug_info</name>
         <load_address>0x4a3e</load_address>
         <run_address>0x4a3e</run_address>
         <size>0x8f0</size>
         <input_file_ref idref="fl-6"/>
      </object_component>
      <object_component id="oc-a3">
         <name>.debug_info</name>
         <load_address>0x532e</load_address>
         <run_address>0x532e</run_address>
         <size>0x31f6</size>
         <input_file_ref idref="fl-6"/>
      </object_component>
      <object_component id="oc-230">
         <name>.debug_info</name>
         <load_address>0x8524</load_address>
         <run_address>0x8524</run_address>
         <size>0x1c7</size>
         <input_file_ref idref="fl-6"/>
      </object_component>
      <object_component id="oc-15e">
         <name>.debug_info</name>
         <load_address>0x86eb</load_address>
         <run_address>0x86eb</run_address>
         <size>0x46</size>
         <input_file_ref idref="fl-6"/>
      </object_component>
      <object_component id="oc-111">
         <name>.debug_info</name>
         <load_address>0x8731</load_address>
         <run_address>0x8731</run_address>
         <size>0x85d</size>
         <input_file_ref idref="fl-7"/>
      </object_component>
      <object_component id="oc-80">
         <name>.debug_info</name>
         <load_address>0x8f8e</load_address>
         <run_address>0x8f8e</run_address>
         <size>0x306</size>
         <input_file_ref idref="fl-7"/>
      </object_component>
      <object_component id="oc-12c">
         <name>.debug_info</name>
         <load_address>0x9294</load_address>
         <run_address>0x9294</run_address>
         <size>0xf8</size>
         <input_file_ref idref="fl-7"/>
      </object_component>
      <object_component id="oc-13a">
         <name>.debug_info</name>
         <load_address>0x938c</load_address>
         <run_address>0x938c</run_address>
         <size>0xf8</size>
         <input_file_ref idref="fl-7"/>
      </object_component>
      <object_component id="oc-13d">
         <name>.debug_info</name>
         <load_address>0x9484</load_address>
         <run_address>0x9484</run_address>
         <size>0xf8</size>
         <input_file_ref idref="fl-7"/>
      </object_component>
      <object_component id="oc-136">
         <name>.debug_info</name>
         <load_address>0x957c</load_address>
         <run_address>0x957c</run_address>
         <size>0x13b</size>
         <input_file_ref idref="fl-7"/>
      </object_component>
      <object_component id="oc-133">
         <name>.debug_info</name>
         <load_address>0x96b7</load_address>
         <run_address>0x96b7</run_address>
         <size>0xf8</size>
         <input_file_ref idref="fl-7"/>
      </object_component>
      <object_component id="oc-130">
         <name>.debug_info</name>
         <load_address>0x97af</load_address>
         <run_address>0x97af</run_address>
         <size>0xf9</size>
         <input_file_ref idref="fl-7"/>
      </object_component>
      <object_component id="oc-86">
         <name>.debug_info</name>
         <load_address>0x98a8</load_address>
         <run_address>0x98a8</run_address>
         <size>0x43c8</size>
         <input_file_ref idref="fl-7"/>
      </object_component>
      <object_component id="oc-112">
         <name>.debug_info</name>
         <load_address>0xdc70</load_address>
         <run_address>0xdc70</run_address>
         <size>0x303</size>
         <input_file_ref idref="fl-7"/>
      </object_component>
      <object_component id="oc-1f6">
         <name>.debug_info</name>
         <load_address>0xdf73</load_address>
         <run_address>0xdf73</run_address>
         <size>0x130</size>
         <input_file_ref idref="fl-7"/>
      </object_component>
      <object_component id="oc-21c">
         <name>.debug_info</name>
         <load_address>0xe0a3</load_address>
         <run_address>0xe0a3</run_address>
         <size>0x82b</size>
         <input_file_ref idref="fl-8"/>
      </object_component>
      <object_component id="oc-211">
         <name>.debug_info</name>
         <load_address>0xe8ce</load_address>
         <run_address>0xe8ce</run_address>
         <size>0xf8</size>
         <input_file_ref idref="fl-8"/>
      </object_component>
      <object_component id="oc-214">
         <name>.debug_info</name>
         <load_address>0xe9c6</load_address>
         <run_address>0xe9c6</run_address>
         <size>0xf8</size>
         <input_file_ref idref="fl-8"/>
      </object_component>
      <object_component id="oc-20e">
         <name>.debug_info</name>
         <load_address>0xeabe</load_address>
         <run_address>0xeabe</run_address>
         <size>0x130</size>
         <input_file_ref idref="fl-8"/>
      </object_component>
      <object_component id="oc-20b">
         <name>.debug_info</name>
         <load_address>0xebee</load_address>
         <run_address>0xebee</run_address>
         <size>0x11c</size>
         <input_file_ref idref="fl-8"/>
      </object_component>
      <object_component id="oc-127">
         <name>.debug_info</name>
         <load_address>0xed0a</load_address>
         <run_address>0xed0a</run_address>
         <size>0x1f43</size>
         <input_file_ref idref="fl-8"/>
      </object_component>
      <object_component id="oc-21d">
         <name>.debug_info</name>
         <load_address>0x10c4d</load_address>
         <run_address>0x10c4d</run_address>
         <size>0x1ba</size>
         <input_file_ref idref="fl-8"/>
      </object_component>
      <object_component id="oc-217">
         <name>.debug_info</name>
         <load_address>0x10e07</load_address>
         <run_address>0x10e07</run_address>
         <size>0x46</size>
         <input_file_ref idref="fl-8"/>
      </object_component>
      <object_component id="oc-90">
         <name>.debug_info</name>
         <load_address>0x10e4d</load_address>
         <run_address>0x10e4d</run_address>
         <size>0x471</size>
         <input_file_ref idref="fl-9"/>
      </object_component>
      <object_component id="oc-83">
         <name>.debug_info</name>
         <load_address>0x112be</load_address>
         <run_address>0x112be</run_address>
         <size>0x16d</size>
         <input_file_ref idref="fl-9"/>
      </object_component>
      <object_component id="oc-8d">
         <name>.debug_info</name>
         <load_address>0x1142b</load_address>
         <run_address>0x1142b</run_address>
         <size>0x178</size>
         <input_file_ref idref="fl-9"/>
      </object_component>
      <object_component id="oc-33">
         <name>.debug_info</name>
         <load_address>0x115a3</load_address>
         <run_address>0x115a3</run_address>
         <size>0x904</size>
         <input_file_ref idref="fl-9"/>
      </object_component>
      <object_component id="oc-2f">
         <name>.debug_info</name>
         <load_address>0x11ea7</load_address>
         <run_address>0x11ea7</run_address>
         <size>0x25a</size>
         <input_file_ref idref="fl-a"/>
      </object_component>
      <object_component id="oc-207">
         <name>.debug_info</name>
         <load_address>0x12101</load_address>
         <run_address>0x12101</run_address>
         <size>0x423</size>
         <input_file_ref idref="fl-b"/>
      </object_component>
      <object_component id="oc-204">
         <name>.debug_info</name>
         <load_address>0x12524</load_address>
         <run_address>0x12524</run_address>
         <size>0xf3</size>
         <input_file_ref idref="fl-b"/>
      </object_component>
      <object_component id="oc-201">
         <name>.debug_info</name>
         <load_address>0x12617</load_address>
         <run_address>0x12617</run_address>
         <size>0x101</size>
         <input_file_ref idref="fl-b"/>
      </object_component>
      <object_component id="oc-11a">
         <name>.debug_info</name>
         <load_address>0x12718</load_address>
         <run_address>0x12718</run_address>
         <size>0x411</size>
         <input_file_ref idref="fl-b"/>
      </object_component>
      <object_component id="oc-b5">
         <name>.debug_info</name>
         <load_address>0x12b29</load_address>
         <run_address>0x12b29</run_address>
         <size>0x21d</size>
         <input_file_ref idref="fl-c"/>
      </object_component>
      <object_component id="oc-af">
         <name>.debug_info</name>
         <load_address>0x12d46</load_address>
         <run_address>0x12d46</run_address>
         <size>0x769</size>
         <input_file_ref idref="fl-d"/>
      </object_component>
      <object_component id="oc-bb">
         <name>.debug_info</name>
         <load_address>0x134af</load_address>
         <run_address>0x134af</run_address>
         <size>0x198</size>
         <input_file_ref idref="fl-e"/>
      </object_component>
      <object_component id="oc-16f">
         <name>.debug_info</name>
         <load_address>0x13647</load_address>
         <run_address>0x13647</run_address>
         <size>0x272</size>
         <input_file_ref idref="fl-f"/>
      </object_component>
      <object_component id="oc-a7">
         <name>.debug_info</name>
         <load_address>0x138b9</load_address>
         <run_address>0x138b9</run_address>
         <size>0x472</size>
         <input_file_ref idref="fl-f"/>
      </object_component>
      <object_component id="oc-17c">
         <name>.debug_info</name>
         <load_address>0x13d2b</load_address>
         <run_address>0x13d2b</run_address>
         <size>0x13a</size>
         <input_file_ref idref="fl-c9"/>
      </object_component>
      <object_component id="oc-177">
         <name>.debug_info</name>
         <load_address>0x13e65</load_address>
         <run_address>0x13e65</run_address>
         <size>0x13a</size>
         <input_file_ref idref="fl-ca"/>
      </object_component>
      <object_component id="oc-183">
         <name>.debug_info</name>
         <load_address>0x13f9f</load_address>
         <run_address>0x13f9f</run_address>
         <size>0x13e</size>
         <input_file_ref idref="fl-cb"/>
      </object_component>
      <object_component id="oc-4e">
         <name>.debug_info</name>
         <load_address>0x140dd</load_address>
         <run_address>0x140dd</run_address>
         <size>0x119</size>
         <input_file_ref idref="fl-cc"/>
      </object_component>
      <object_component id="oc-173">
         <name>.debug_info</name>
         <load_address>0x141f6</load_address>
         <run_address>0x141f6</run_address>
         <size>0x12e</size>
         <input_file_ref idref="fl-cd"/>
      </object_component>
      <object_component id="oc-f8">
         <name>.debug_info</name>
         <load_address>0x14324</load_address>
         <run_address>0x14324</run_address>
         <size>0x147</size>
         <input_file_ref idref="fl-ce"/>
      </object_component>
      <object_component id="oc-16b">
         <name>.debug_info</name>
         <load_address>0x1446b</load_address>
         <run_address>0x1446b</run_address>
         <size>0x13f</size>
         <input_file_ref idref="fl-cf"/>
      </object_component>
      <object_component id="oc-23d">
         <name>.debug_info</name>
         <load_address>0x145aa</load_address>
         <run_address>0x145aa</run_address>
         <size>0x134</size>
         <input_file_ref idref="fl-d0"/>
      </object_component>
      <object_component id="oc-f6">
         <name>.debug_info</name>
         <load_address>0x146de</load_address>
         <run_address>0x146de</run_address>
         <size>0x2d4</size>
         <input_file_ref idref="fl-d1"/>
      </object_component>
      <object_component id="oc-62">
         <name>.debug_info</name>
         <load_address>0x149b2</load_address>
         <run_address>0x149b2</run_address>
         <size>0x1b5</size>
         <input_file_ref idref="fl-d1"/>
      </object_component>
      <object_component id="oc-f1">
         <name>.debug_info</name>
         <load_address>0x14b67</load_address>
         <run_address>0x14b67</run_address>
         <size>0x46</size>
         <input_file_ref idref="fl-d1"/>
      </object_component>
      <object_component id="oc-1a8">
         <name>.debug_info</name>
         <load_address>0x14bad</load_address>
         <run_address>0x14bad</run_address>
         <size>0x2c</size>
         <input_file_ref idref="fl-d1"/>
      </object_component>
      <object_component id="oc-57">
         <name>.debug_info</name>
         <load_address>0x14bd9</load_address>
         <run_address>0x14bd9</run_address>
         <size>0x2a8</size>
         <input_file_ref idref="fl-d2"/>
      </object_component>
      <object_component id="oc-1e">
         <name>.debug_info</name>
         <load_address>0x14e81</load_address>
         <run_address>0x14e81</run_address>
         <size>0x1ea</size>
         <input_file_ref idref="fl-d2"/>
      </object_component>
      <object_component id="oc-52">
         <name>.debug_info</name>
         <load_address>0x1506b</load_address>
         <run_address>0x1506b</run_address>
         <size>0x46</size>
         <input_file_ref idref="fl-d2"/>
      </object_component>
      <object_component id="oc-e9">
         <name>.debug_info</name>
         <load_address>0x150b1</load_address>
         <run_address>0x150b1</run_address>
         <size>0x2c</size>
         <input_file_ref idref="fl-d2"/>
      </object_component>
      <object_component id="oc-e7">
         <name>.debug_info</name>
         <load_address>0x150dd</load_address>
         <run_address>0x150dd</run_address>
         <size>0x29e</size>
         <input_file_ref idref="fl-d3"/>
      </object_component>
      <object_component id="oc-17">
         <name>.debug_info</name>
         <load_address>0x1537b</load_address>
         <run_address>0x1537b</run_address>
         <size>0x250</size>
         <input_file_ref idref="fl-d3"/>
      </object_component>
      <object_component id="oc-42">
         <name>.debug_info</name>
         <load_address>0x155cb</load_address>
         <run_address>0x155cb</run_address>
         <size>0x60</size>
         <input_file_ref idref="fl-d3"/>
      </object_component>
      <object_component id="oc-1a1">
         <name>.debug_info</name>
         <load_address>0x1562b</load_address>
         <run_address>0x1562b</run_address>
         <size>0x46</size>
         <input_file_ref idref="fl-d3"/>
      </object_component>
      <object_component id="oc-e2">
         <name>.debug_info</name>
         <load_address>0x15671</load_address>
         <run_address>0x15671</run_address>
         <size>0x39</size>
         <input_file_ref idref="fl-d3"/>
      </object_component>
      <object_component id="oc-188">
         <name>.debug_info</name>
         <load_address>0x156aa</load_address>
         <run_address>0x156aa</run_address>
         <size>0x2a4</size>
         <input_file_ref idref="fl-d4"/>
      </object_component>
      <object_component id="oc-c1">
         <name>.debug_info</name>
         <load_address>0x1594e</load_address>
         <run_address>0x1594e</run_address>
         <size>0x24d</size>
         <input_file_ref idref="fl-d4"/>
      </object_component>
      <object_component id="oc-25">
         <name>.debug_info</name>
         <load_address>0x15b9b</load_address>
         <run_address>0x15b9b</run_address>
         <size>0x10b</size>
         <input_file_ref idref="fl-d5"/>
      </object_component>
      <object_component id="oc-6c">
         <name>.debug_info</name>
         <load_address>0x15ca6</load_address>
         <run_address>0x15ca6</run_address>
         <size>0x1a9</size>
         <input_file_ref idref="fl-d5"/>
      </object_component>
      <object_component id="oc-237">
         <name>.debug_info</name>
         <load_address>0x15e4f</load_address>
         <run_address>0x15e4f</run_address>
         <size>0x115</size>
         <input_file_ref idref="fl-d6"/>
      </object_component>
      <object_component id="oc-254">
         <name>.debug_info</name>
         <load_address>0x15f64</load_address>
         <run_address>0x15f64</run_address>
         <size>0x4b3</size>
         <input_file_ref idref="fl-d7"/>
      </object_component>
      <object_component id="oc-1c0">
         <name>.debug_info</name>
         <load_address>0x16417</load_address>
         <run_address>0x16417</run_address>
         <size>0x1a6</size>
         <input_file_ref idref="fl-d7"/>
      </object_component>
      <object_component id="oc-299">
         <name>.debug_info</name>
         <load_address>0x165bd</load_address>
         <run_address>0x165bd</run_address>
         <size>0x39</size>
         <input_file_ref idref="fl-d7"/>
      </object_component>
      <object_component id="oc-2ad">
         <name>.debug_info</name>
         <load_address>0x165f6</load_address>
         <run_address>0x165f6</run_address>
         <size>0x39</size>
         <input_file_ref idref="fl-d7"/>
      </object_component>
      <object_component id="oc-29e">
         <name>.debug_info</name>
         <load_address>0x1662f</load_address>
         <run_address>0x1662f</run_address>
         <size>0x39</size>
         <input_file_ref idref="fl-d7"/>
      </object_component>
      <object_component id="oc-2a3">
         <name>.debug_info</name>
         <load_address>0x16668</load_address>
         <run_address>0x16668</run_address>
         <size>0xcd</size>
         <input_file_ref idref="fl-d7"/>
      </object_component>
      <object_component id="oc-101">
         <name>.debug_info</name>
         <load_address>0x16735</load_address>
         <run_address>0x16735</run_address>
         <size>0x153</size>
         <input_file_ref idref="fl-d8"/>
      </object_component>
      <object_component id="oc-1b5">
         <name>.debug_info</name>
         <load_address>0x16888</load_address>
         <run_address>0x16888</run_address>
         <size>0x122</size>
         <input_file_ref idref="fl-da"/>
      </object_component>
      <object_component id="oc-2e8">
         <name>.debug_info</name>
         <load_address>0x169aa</load_address>
         <run_address>0x169aa</run_address>
         <size>0xa4</size>
      </object_component>
      <object_component id="oc-18a">
         <name>.debug_line</name>
         <load_address>0x0</load_address>
         <run_address>0x0</run_address>
         <size>0x294</size>
         <input_file_ref idref="fl-2"/>
      </object_component>
      <object_component id="oc-19b">
         <name>.debug_line</name>
         <load_address>0x294</load_address>
         <run_address>0x294</run_address>
         <size>0x2d</size>
         <input_file_ref idref="fl-2"/>
      </object_component>
      <object_component id="oc-3c">
         <name>.debug_line</name>
         <load_address>0x2c1</load_address>
         <run_address>0x2c1</run_address>
         <size>0x224</size>
         <input_file_ref idref="fl-2"/>
      </object_component>
      <object_component id="oc-14c">
         <name>.debug_line</name>
         <load_address>0x4e5</load_address>
         <run_address>0x4e5</run_address>
         <size>0x72</size>
         <input_file_ref idref="fl-2"/>
      </object_component>
      <object_component id="oc-19f">
         <name>.debug_line</name>
         <load_address>0x557</load_address>
         <run_address>0x557</run_address>
         <size>0x2d</size>
         <input_file_ref idref="fl-2"/>
      </object_component>
      <object_component id="oc-e0">
         <name>.debug_line</name>
         <load_address>0x584</load_address>
         <run_address>0x584</run_address>
         <size>0x72</size>
         <input_file_ref idref="fl-2"/>
      </object_component>
      <object_component id="oc-156">
         <name>.debug_line</name>
         <load_address>0x5f6</load_address>
         <run_address>0x5f6</run_address>
         <size>0x76</size>
         <input_file_ref idref="fl-2"/>
      </object_component>
      <object_component id="oc-18e">
         <name>.debug_line</name>
         <load_address>0x66c</load_address>
         <run_address>0x66c</run_address>
         <size>0x73</size>
         <input_file_ref idref="fl-2"/>
      </object_component>
      <object_component id="oc-198">
         <name>.debug_line</name>
         <load_address>0x6df</load_address>
         <run_address>0x6df</run_address>
         <size>0x74</size>
         <input_file_ref idref="fl-2"/>
      </object_component>
      <object_component id="oc-4a">
         <name>.debug_line</name>
         <load_address>0x753</load_address>
         <run_address>0x753</run_address>
         <size>0x20</size>
         <input_file_ref idref="fl-2"/>
      </object_component>
      <object_component id="oc-94">
         <name>.debug_line</name>
         <load_address>0x773</load_address>
         <run_address>0x773</run_address>
         <size>0x76</size>
         <input_file_ref idref="fl-2"/>
      </object_component>
      <object_component id="oc-15b">
         <name>.debug_line</name>
         <load_address>0x7e9</load_address>
         <run_address>0x7e9</run_address>
         <size>0x76</size>
         <input_file_ref idref="fl-2"/>
      </object_component>
      <object_component id="oc-9e">
         <name>.debug_line</name>
         <load_address>0x85f</load_address>
         <run_address>0x85f</run_address>
         <size>0x73</size>
         <input_file_ref idref="fl-2"/>
      </object_component>
      <object_component id="oc-d9">
         <name>.debug_line</name>
         <load_address>0x8d2</load_address>
         <run_address>0x8d2</run_address>
         <size>0x66</size>
         <input_file_ref idref="fl-2"/>
      </object_component>
      <object_component id="oc-147">
         <name>.debug_line</name>
         <load_address>0x938</load_address>
         <run_address>0x938</run_address>
         <size>0x6e</size>
         <input_file_ref idref="fl-2"/>
      </object_component>
      <object_component id="oc-99">
         <name>.debug_line</name>
         <load_address>0x9a6</load_address>
         <run_address>0x9a6</run_address>
         <size>0x85</size>
         <input_file_ref idref="fl-2"/>
      </object_component>
      <object_component id="oc-193">
         <name>.debug_line</name>
         <load_address>0xa2b</load_address>
         <run_address>0xa2b</run_address>
         <size>0x77</size>
         <input_file_ref idref="fl-2"/>
      </object_component>
      <object_component id="oc-151">
         <name>.debug_line</name>
         <load_address>0xaa2</load_address>
         <run_address>0xaa2</run_address>
         <size>0x72</size>
         <input_file_ref idref="fl-2"/>
      </object_component>
      <object_component id="oc-dc">
         <name>.debug_line</name>
         <load_address>0xb14</load_address>
         <run_address>0xb14</run_address>
         <size>0x41</size>
         <input_file_ref idref="fl-3"/>
      </object_component>
      <object_component id="oc-3f">
         <name>.debug_line</name>
         <load_address>0xb55</load_address>
         <run_address>0xb55</run_address>
         <size>0x41</size>
         <input_file_ref idref="fl-3"/>
      </object_component>
      <object_component id="oc-2c">
         <name>.debug_line</name>
         <load_address>0xb96</load_address>
         <run_address>0xb96</run_address>
         <size>0xa1</size>
         <input_file_ref idref="fl-3"/>
      </object_component>
      <object_component id="oc-27c">
         <name>.debug_line</name>
         <load_address>0xc37</load_address>
         <run_address>0xc37</run_address>
         <size>0x17f</size>
         <input_file_ref idref="fl-4"/>
      </object_component>
      <object_component id="oc-167">
         <name>.debug_line</name>
         <load_address>0xdb6</load_address>
         <run_address>0xdb6</run_address>
         <size>0x6e</size>
         <input_file_ref idref="fl-4"/>
      </object_component>
      <object_component id="oc-1fe">
         <name>.debug_line</name>
         <load_address>0xe24</load_address>
         <run_address>0xe24</run_address>
         <size>0x76</size>
         <input_file_ref idref="fl-4"/>
      </object_component>
      <object_component id="oc-280">
         <name>.debug_line</name>
         <load_address>0xe9a</load_address>
         <run_address>0xe9a</run_address>
         <size>0x45</size>
         <input_file_ref idref="fl-4"/>
      </object_component>
      <object_component id="oc-285">
         <name>.debug_line</name>
         <load_address>0xedf</load_address>
         <run_address>0xedf</run_address>
         <size>0x7a</size>
         <input_file_ref idref="fl-4"/>
      </object_component>
      <object_component id="oc-1f4">
         <name>.debug_line</name>
         <load_address>0xf59</load_address>
         <run_address>0xf59</run_address>
         <size>0x74</size>
         <input_file_ref idref="fl-4"/>
      </object_component>
      <object_component id="oc-270">
         <name>.debug_line</name>
         <load_address>0xfcd</load_address>
         <run_address>0xfcd</run_address>
         <size>0x20</size>
         <input_file_ref idref="fl-5"/>
      </object_component>
      <object_component id="oc-120">
         <name>.debug_line</name>
         <load_address>0xfed</load_address>
         <run_address>0xfed</run_address>
         <size>0xf0</size>
         <input_file_ref idref="fl-5"/>
      </object_component>
      <object_component id="oc-22f">
         <name>.debug_line</name>
         <load_address>0x10dd</load_address>
         <run_address>0x10dd</run_address>
         <size>0x17f</size>
         <input_file_ref idref="fl-6"/>
      </object_component>
      <object_component id="oc-a5">
         <name>.debug_line</name>
         <load_address>0x125c</load_address>
         <run_address>0x125c</run_address>
         <size>0x773</size>
         <input_file_ref idref="fl-6"/>
      </object_component>
      <object_component id="oc-233">
         <name>.debug_line</name>
         <load_address>0x19cf</load_address>
         <run_address>0x19cf</run_address>
         <size>0x3e</size>
         <input_file_ref idref="fl-6"/>
      </object_component>
      <object_component id="oc-161">
         <name>.debug_line</name>
         <load_address>0x1a0d</load_address>
         <run_address>0x1a0d</run_address>
         <size>0x73</size>
         <input_file_ref idref="fl-6"/>
      </object_component>
      <object_component id="oc-1f0">
         <name>.debug_line</name>
         <load_address>0x1a80</load_address>
         <run_address>0x1a80</run_address>
         <size>0x257</size>
         <input_file_ref idref="fl-7"/>
      </object_component>
      <object_component id="oc-110">
         <name>.debug_line</name>
         <load_address>0x1cd7</load_address>
         <run_address>0x1cd7</run_address>
         <size>0x3e</size>
         <input_file_ref idref="fl-7"/>
      </object_component>
      <object_component id="oc-223">
         <name>.debug_line</name>
         <load_address>0x1d15</load_address>
         <run_address>0x1d15</run_address>
         <size>0x3e</size>
         <input_file_ref idref="fl-7"/>
      </object_component>
      <object_component id="oc-22b">
         <name>.debug_line</name>
         <load_address>0x1d53</load_address>
         <run_address>0x1d53</run_address>
         <size>0x3e</size>
         <input_file_ref idref="fl-7"/>
      </object_component>
      <object_component id="oc-22d">
         <name>.debug_line</name>
         <load_address>0x1d91</load_address>
         <run_address>0x1d91</run_address>
         <size>0x3e</size>
         <input_file_ref idref="fl-7"/>
      </object_component>
      <object_component id="oc-229">
         <name>.debug_line</name>
         <load_address>0x1dcf</load_address>
         <run_address>0x1dcf</run_address>
         <size>0x3e</size>
         <input_file_ref idref="fl-7"/>
      </object_component>
      <object_component id="oc-227">
         <name>.debug_line</name>
         <load_address>0x1e0d</load_address>
         <run_address>0x1e0d</run_address>
         <size>0x3e</size>
         <input_file_ref idref="fl-7"/>
      </object_component>
      <object_component id="oc-225">
         <name>.debug_line</name>
         <load_address>0x1e4b</load_address>
         <run_address>0x1e4b</run_address>
         <size>0x3e</size>
         <input_file_ref idref="fl-7"/>
      </object_component>
      <object_component id="oc-89">
         <name>.debug_line</name>
         <load_address>0x1e89</load_address>
         <run_address>0x1e89</run_address>
         <size>0xa79</size>
         <input_file_ref idref="fl-7"/>
      </object_component>
      <object_component id="oc-115">
         <name>.debug_line</name>
         <load_address>0x2902</load_address>
         <run_address>0x2902</run_address>
         <size>0x72</size>
         <input_file_ref idref="fl-7"/>
      </object_component>
      <object_component id="oc-1f9">
         <name>.debug_line</name>
         <load_address>0x2974</load_address>
         <run_address>0x2974</run_address>
         <size>0x3e</size>
         <input_file_ref idref="fl-7"/>
      </object_component>
      <object_component id="oc-27a">
         <name>.debug_line</name>
         <load_address>0x29b2</load_address>
         <run_address>0x29b2</run_address>
         <size>0x1d2</size>
         <input_file_ref idref="fl-8"/>
      </object_component>
      <object_component id="oc-276">
         <name>.debug_line</name>
         <load_address>0x2b84</load_address>
         <run_address>0x2b84</run_address>
         <size>0x3f</size>
         <input_file_ref idref="fl-8"/>
      </object_component>
      <object_component id="oc-278">
         <name>.debug_line</name>
         <load_address>0x2bc3</load_address>
         <run_address>0x2bc3</run_address>
         <size>0x3f</size>
         <input_file_ref idref="fl-8"/>
      </object_component>
      <object_component id="oc-274">
         <name>.debug_line</name>
         <load_address>0x2c02</load_address>
         <run_address>0x2c02</run_address>
         <size>0x3f</size>
         <input_file_ref idref="fl-8"/>
      </object_component>
      <object_component id="oc-272">
         <name>.debug_line</name>
         <load_address>0x2c41</load_address>
         <run_address>0x2c41</run_address>
         <size>0x3f</size>
         <input_file_ref idref="fl-8"/>
      </object_component>
      <object_component id="oc-129">
         <name>.debug_line</name>
         <load_address>0x2c80</load_address>
         <run_address>0x2c80</run_address>
         <size>0x481</size>
         <input_file_ref idref="fl-8"/>
      </object_component>
      <object_component id="oc-220">
         <name>.debug_line</name>
         <load_address>0x3101</load_address>
         <run_address>0x3101</run_address>
         <size>0x3f</size>
         <input_file_ref idref="fl-8"/>
      </object_component>
      <object_component id="oc-21a">
         <name>.debug_line</name>
         <load_address>0x3140</load_address>
         <run_address>0x3140</run_address>
         <size>0x74</size>
         <input_file_ref idref="fl-8"/>
      </object_component>
      <object_component id="oc-143">
         <name>.debug_line</name>
         <load_address>0x31b4</load_address>
         <run_address>0x31b4</run_address>
         <size>0xa5</size>
         <input_file_ref idref="fl-9"/>
      </object_component>
      <object_component id="oc-118">
         <name>.debug_line</name>
         <load_address>0x3259</load_address>
         <run_address>0x3259</run_address>
         <size>0x53</size>
         <input_file_ref idref="fl-9"/>
      </object_component>
      <object_component id="oc-141">
         <name>.debug_line</name>
         <load_address>0x32ac</load_address>
         <run_address>0x32ac</run_address>
         <size>0x53</size>
         <input_file_ref idref="fl-9"/>
      </object_component>
      <object_component id="oc-36">
         <name>.debug_line</name>
         <load_address>0x32ff</load_address>
         <run_address>0x32ff</run_address>
         <size>0x192</size>
         <input_file_ref idref="fl-9"/>
      </object_component>
      <object_component id="oc-2e">
         <name>.debug_line</name>
         <load_address>0x3491</load_address>
         <run_address>0x3491</run_address>
         <size>0xe8</size>
         <input_file_ref idref="fl-a"/>
      </object_component>
      <object_component id="oc-26e">
         <name>.debug_line</name>
         <load_address>0x3579</load_address>
         <run_address>0x3579</run_address>
         <size>0x72</size>
         <input_file_ref idref="fl-b"/>
      </object_component>
      <object_component id="oc-26c">
         <name>.debug_line</name>
         <load_address>0x35eb</load_address>
         <run_address>0x35eb</run_address>
         <size>0x50</size>
         <input_file_ref idref="fl-b"/>
      </object_component>
      <object_component id="oc-26a">
         <name>.debug_line</name>
         <load_address>0x363b</load_address>
         <run_address>0x363b</run_address>
         <size>0x50</size>
         <input_file_ref idref="fl-b"/>
      </object_component>
      <object_component id="oc-11e">
         <name>.debug_line</name>
         <load_address>0x368b</load_address>
         <run_address>0x368b</run_address>
         <size>0xd5</size>
         <input_file_ref idref="fl-b"/>
      </object_component>
      <object_component id="oc-b4">
         <name>.debug_line</name>
         <load_address>0x3760</load_address>
         <run_address>0x3760</run_address>
         <size>0x8d</size>
         <input_file_ref idref="fl-c"/>
      </object_component>
      <object_component id="oc-ad">
         <name>.debug_line</name>
         <load_address>0x37ed</load_address>
         <run_address>0x37ed</run_address>
         <size>0x1df</size>
         <input_file_ref idref="fl-d"/>
      </object_component>
      <object_component id="oc-b9">
         <name>.debug_line</name>
         <load_address>0x39cc</load_address>
         <run_address>0x39cc</run_address>
         <size>0x69</size>
         <input_file_ref idref="fl-e"/>
      </object_component>
      <object_component id="oc-242">
         <name>.debug_line</name>
         <load_address>0x3a35</load_address>
         <run_address>0x3a35</run_address>
         <size>0x20</size>
         <input_file_ref idref="fl-f"/>
      </object_component>
      <object_component id="oc-aa">
         <name>.debug_line</name>
         <load_address>0x3a55</load_address>
         <run_address>0x3a55</run_address>
         <size>0x11e</size>
         <input_file_ref idref="fl-f"/>
      </object_component>
      <object_component id="oc-17f">
         <name>.debug_line</name>
         <load_address>0x3b73</load_address>
         <run_address>0x3b73</run_address>
         <size>0xa8</size>
         <input_file_ref idref="fl-c9"/>
      </object_component>
      <object_component id="oc-17a">
         <name>.debug_line</name>
         <load_address>0x3c1b</load_address>
         <run_address>0x3c1b</run_address>
         <size>0x8e</size>
         <input_file_ref idref="fl-ca"/>
      </object_component>
      <object_component id="oc-182">
         <name>.debug_line</name>
         <load_address>0x3ca9</load_address>
         <run_address>0x3ca9</run_address>
         <size>0x67</size>
         <input_file_ref idref="fl-cb"/>
      </object_component>
      <object_component id="oc-50">
         <name>.debug_line</name>
         <load_address>0x3d10</load_address>
         <run_address>0x3d10</run_address>
         <size>0x88</size>
         <input_file_ref idref="fl-cc"/>
      </object_component>
      <object_component id="oc-172">
         <name>.debug_line</name>
         <load_address>0x3d98</load_address>
         <run_address>0x3d98</run_address>
         <size>0x4c</size>
         <input_file_ref idref="fl-cd"/>
      </object_component>
      <object_component id="oc-fb">
         <name>.debug_line</name>
         <load_address>0x3de4</load_address>
         <run_address>0x3de4</run_address>
         <size>0x79</size>
         <input_file_ref idref="fl-ce"/>
      </object_component>
      <object_component id="oc-16a">
         <name>.debug_line</name>
         <load_address>0x3e5d</load_address>
         <run_address>0x3e5d</run_address>
         <size>0x68</size>
         <input_file_ref idref="fl-cf"/>
      </object_component>
      <object_component id="oc-23f">
         <name>.debug_line</name>
         <load_address>0x3ec5</load_address>
         <run_address>0x3ec5</run_address>
         <size>0x81</size>
         <input_file_ref idref="fl-d0"/>
      </object_component>
      <object_component id="oc-1ae">
         <name>.debug_line</name>
         <load_address>0x3f46</load_address>
         <run_address>0x3f46</run_address>
         <size>0x92</size>
         <input_file_ref idref="fl-d1"/>
      </object_component>
      <object_component id="oc-61">
         <name>.debug_line</name>
         <load_address>0x3fd8</load_address>
         <run_address>0x3fd8</run_address>
         <size>0x53</size>
         <input_file_ref idref="fl-d1"/>
      </object_component>
      <object_component id="oc-f4">
         <name>.debug_line</name>
         <load_address>0x402b</load_address>
         <run_address>0x402b</run_address>
         <size>0x34</size>
         <input_file_ref idref="fl-d1"/>
      </object_component>
      <object_component id="oc-1ab">
         <name>.debug_line</name>
         <load_address>0x405f</load_address>
         <run_address>0x405f</run_address>
         <size>0x92</size>
         <input_file_ref idref="fl-d1"/>
      </object_component>
      <object_component id="oc-ef">
         <name>.debug_line</name>
         <load_address>0x40f1</load_address>
         <run_address>0x40f1</run_address>
         <size>0x20</size>
         <input_file_ref idref="fl-d2"/>
      </object_component>
      <object_component id="oc-1c">
         <name>.debug_line</name>
         <load_address>0x4111</load_address>
         <run_address>0x4111</run_address>
         <size>0x55</size>
         <input_file_ref idref="fl-d2"/>
      </object_component>
      <object_component id="oc-55">
         <name>.debug_line</name>
         <load_address>0x4166</load_address>
         <run_address>0x4166</run_address>
         <size>0x3a</size>
         <input_file_ref idref="fl-d2"/>
      </object_component>
      <object_component id="oc-ec">
         <name>.debug_line</name>
         <load_address>0x41a0</load_address>
         <run_address>0x41a0</run_address>
         <size>0x92</size>
         <input_file_ref idref="fl-d2"/>
      </object_component>
      <object_component id="oc-1a7">
         <name>.debug_line</name>
         <load_address>0x4232</load_address>
         <run_address>0x4232</run_address>
         <size>0x20</size>
         <input_file_ref idref="fl-d3"/>
      </object_component>
      <object_component id="oc-1a">
         <name>.debug_line</name>
         <load_address>0x4252</load_address>
         <run_address>0x4252</run_address>
         <size>0xa9</size>
         <input_file_ref idref="fl-d3"/>
      </object_component>
      <object_component id="oc-45">
         <name>.debug_line</name>
         <load_address>0x42fb</load_address>
         <run_address>0x42fb</run_address>
         <size>0x3a</size>
         <input_file_ref idref="fl-d3"/>
      </object_component>
      <object_component id="oc-1a4">
         <name>.debug_line</name>
         <load_address>0x4335</load_address>
         <run_address>0x4335</run_address>
         <size>0x9a</size>
         <input_file_ref idref="fl-d3"/>
      </object_component>
      <object_component id="oc-e5">
         <name>.debug_line</name>
         <load_address>0x43cf</load_address>
         <run_address>0x43cf</run_address>
         <size>0x96</size>
         <input_file_ref idref="fl-d3"/>
      </object_component>
      <object_component id="oc-248">
         <name>.debug_line</name>
         <load_address>0x4465</load_address>
         <run_address>0x4465</run_address>
         <size>0x20</size>
         <input_file_ref idref="fl-d4"/>
      </object_component>
      <object_component id="oc-c0">
         <name>.debug_line</name>
         <load_address>0x4485</load_address>
         <run_address>0x4485</run_address>
         <size>0xa8</size>
         <input_file_ref idref="fl-d4"/>
      </object_component>
      <object_component id="oc-7d">
         <name>.debug_line</name>
         <load_address>0x452d</load_address>
         <run_address>0x452d</run_address>
         <size>0x33</size>
         <input_file_ref idref="fl-d5"/>
      </object_component>
      <object_component id="oc-6f">
         <name>.debug_line</name>
         <load_address>0x4560</load_address>
         <run_address>0x4560</run_address>
         <size>0x45</size>
         <input_file_ref idref="fl-d5"/>
      </object_component>
      <object_component id="oc-23a">
         <name>.debug_line</name>
         <load_address>0x45a5</load_address>
         <run_address>0x45a5</run_address>
         <size>0x37</size>
         <input_file_ref idref="fl-d6"/>
      </object_component>
      <object_component id="oc-298">
         <name>.debug_line</name>
         <load_address>0x45dc</load_address>
         <run_address>0x45dc</run_address>
         <size>0xbf</size>
         <input_file_ref idref="fl-d7"/>
      </object_component>
      <object_component id="oc-1c2">
         <name>.debug_line</name>
         <load_address>0x469b</load_address>
         <run_address>0x469b</run_address>
         <size>0x6f</size>
         <input_file_ref idref="fl-d7"/>
      </object_component>
      <object_component id="oc-29c">
         <name>.debug_line</name>
         <load_address>0x470a</load_address>
         <run_address>0x470a</run_address>
         <size>0x2e</size>
         <input_file_ref idref="fl-d7"/>
      </object_component>
      <object_component id="oc-2b0">
         <name>.debug_line</name>
         <load_address>0x4738</load_address>
         <run_address>0x4738</run_address>
         <size>0x9a</size>
         <input_file_ref idref="fl-d7"/>
      </object_component>
      <object_component id="oc-2a1">
         <name>.debug_line</name>
         <load_address>0x47d2</load_address>
         <run_address>0x47d2</run_address>
         <size>0x97</size>
         <input_file_ref idref="fl-d7"/>
      </object_component>
      <object_component id="oc-2a6">
         <name>.debug_line</name>
         <load_address>0x4869</load_address>
         <run_address>0x4869</run_address>
         <size>0x93</size>
         <input_file_ref idref="fl-d7"/>
      </object_component>
      <object_component id="oc-100">
         <name>.debug_line</name>
         <load_address>0x48fc</load_address>
         <run_address>0x48fc</run_address>
         <size>0x40</size>
         <input_file_ref idref="fl-d8"/>
      </object_component>
      <object_component id="oc-1b3">
         <name>.debug_line</name>
         <load_address>0x493c</load_address>
         <run_address>0x493c</run_address>
         <size>0x3c</size>
         <input_file_ref idref="fl-da"/>
      </object_component>
      <object_component id="oc-3d">
         <name>.debug_frame</name>
         <load_address>0x0</load_address>
         <run_address>0x0</run_address>
         <size>0x144</size>
         <input_file_ref idref="fl-2"/>
      </object_component>
      <object_component id="oc-2b">
         <name>.debug_frame</name>
         <load_address>0x144</load_address>
         <run_address>0x144</run_address>
         <size>0x90</size>
         <input_file_ref idref="fl-3"/>
      </object_component>
      <object_component id="oc-124">
         <name>.debug_frame</name>
         <load_address>0x1d4</load_address>
         <run_address>0x1d4</run_address>
         <size>0xb8</size>
         <input_file_ref idref="fl-5"/>
      </object_component>
      <object_component id="oc-a2">
         <name>.debug_frame</name>
         <load_address>0x28c</load_address>
         <run_address>0x28c</run_address>
         <size>0x330</size>
         <input_file_ref idref="fl-6"/>
      </object_component>
      <object_component id="oc-8a">
         <name>.debug_frame</name>
         <load_address>0x5bc</load_address>
         <run_address>0x5bc</run_address>
         <size>0x568</size>
         <input_file_ref idref="fl-7"/>
      </object_component>
      <object_component id="oc-12a">
         <name>.debug_frame</name>
         <load_address>0xb24</load_address>
         <run_address>0xb24</run_address>
         <size>0x2c4</size>
         <input_file_ref idref="fl-8"/>
      </object_component>
      <object_component id="oc-37">
         <name>.debug_frame</name>
         <load_address>0xde8</load_address>
         <run_address>0xde8</run_address>
         <size>0x110</size>
         <input_file_ref idref="fl-9"/>
      </object_component>
      <object_component id="oc-11d">
         <name>.debug_frame</name>
         <load_address>0xef8</load_address>
         <run_address>0xef8</run_address>
         <size>0xa0</size>
         <input_file_ref idref="fl-b"/>
      </object_component>
      <object_component id="oc-b3">
         <name>.debug_frame</name>
         <load_address>0xf98</load_address>
         <run_address>0xf98</run_address>
         <size>0x70</size>
         <input_file_ref idref="fl-c"/>
      </object_component>
      <object_component id="oc-ae">
         <name>.debug_frame</name>
         <load_address>0x1008</load_address>
         <run_address>0x1008</run_address>
         <size>0x170</size>
         <input_file_ref idref="fl-d"/>
      </object_component>
      <object_component id="oc-bd">
         <name>.debug_frame</name>
         <load_address>0x1178</load_address>
         <run_address>0x1178</run_address>
         <size>0x68</size>
         <input_file_ref idref="fl-e"/>
      </object_component>
      <object_component id="oc-ab">
         <name>.debug_frame</name>
         <load_address>0x11e0</load_address>
         <run_address>0x11e0</run_address>
         <size>0xd4</size>
         <input_file_ref idref="fl-f"/>
      </object_component>
      <object_component id="oc-60">
         <name>.debug_frame</name>
         <load_address>0x12b4</load_address>
         <run_address>0x12b4</run_address>
         <size>0x54</size>
         <input_file_ref idref="fl-d1"/>
      </object_component>
      <object_component id="oc-20">
         <name>.debug_frame</name>
         <load_address>0x1308</load_address>
         <run_address>0x1308</run_address>
         <size>0x54</size>
         <input_file_ref idref="fl-d2"/>
      </object_component>
      <object_component id="oc-16">
         <name>.debug_frame</name>
         <load_address>0x135c</load_address>
         <run_address>0x135c</run_address>
         <size>0x60</size>
         <input_file_ref idref="fl-d3"/>
      </object_component>
      <object_component id="oc-c3">
         <name>.debug_frame</name>
         <load_address>0x13bc</load_address>
         <run_address>0x13bc</run_address>
         <size>0x54</size>
         <input_file_ref idref="fl-d4"/>
      </object_component>
      <object_component id="oc-6b">
         <name>.debug_frame</name>
         <load_address>0x1410</load_address>
         <run_address>0x1410</run_address>
         <size>0x50</size>
         <input_file_ref idref="fl-d5"/>
      </object_component>
      <object_component id="oc-1bf">
         <name>.debug_frame</name>
         <load_address>0x1460</load_address>
         <run_address>0x1460</run_address>
         <size>0x5c</size>
[...]
         <value>0xf91</value>
         <object_component_ref idref="oc-85"/>
      </symbol>
      <symbol id="sm-4b4">
         <name>xTaskPriorityDisinherit</name>
         <value>0x13d1</value>
         <object_component_ref idref="oc-85"/>
      </symbol>
      <symbol id="sm-4b5">
         <name>vTaskStartScheduler</name>
         <value>0x5eb</value>
         <object_component_ref idref="oc-85"/>
      </symbol>
      <symbol id="sm-4b6">
         <name>vTaskInternalSetTimeOutState</name>
         <value>0x10fd</value>
         <object_component_ref idref="oc-85"/>
      </symbol>
      <symbol id="sm-4b7">
         <name>pvTaskIncrementMutexHeldCount</name>
         <value>0x1665</value>
         <object_component_ref idref="oc-85"/>
      </symbol>
      <symbol id="sm-4b8">
         <name>xTaskGenericNotifyStateClear</name>
         <value>0x1e0d</value>
         <object_component_ref idref="oc-85"/>
      </symbol>
      <symbol id="sm-4b9">
         <name>xTaskGenericNotify</name>
         <value>0x1821</value>
         <object_component_ref idref="oc-85"/>
      </symbol>
      <symbol id="sm-4ba">
         <name>vTaskPriorityDisinheritAfterTimeout</name>
         <value>0x14f9</value>
         <object_component_ref idref="oc-85"/>
      </symbol>
      <symbol id="sm-4bb">
         <name>xTaskCreate</name>
         <value>0x26d</value>
         <object_component_ref idref="oc-85"/>
      </symbol>
      <symbol id="sm-4bc">
         <name>xTaskGetApplicationTaskTagFromISR</name>
         <value>0xb79</value>
         <object_component_ref idref="oc-85"/>
      </symbol>
      <symbol id="sm-4bd">
         <name>xTaskDelayUntil</name>
         <value>0x4bf</value>
         <object_component_ref idref="oc-85"/>
      </symbol>
      <symbol id="sm-4be">
         <name>vTaskEndScheduler</name>
         <value>0x685</value>
         <object_component_ref idref="oc-85"/>
      </symbol>
      <symbol id="sm-4bf">
         <name>vTaskMissedYield</name>
         <value>0x11c1</value>
         <object_component_ref idref="oc-85"/>
      </symbol>
      <symbol id="sm-4c0">
         <name>uxTaskGetNumberOfTasks</name>
         <value>0x891</value>
         <object_component_ref idref="oc-85"/>
      </symbol>
      <symbol id="sm-4c1">
         <name>xTaskCatchUpTicks</name>
         <value>0x8e1</value>
         <object_component_ref idref="oc-85"/>
      </symbol>
      <symbol id="sm-4c2">
         <name>xTaskGenericNotifyFromISR</name>
         <value>0x1a07</value>
         <object_component_ref idref="oc-85"/>
      </symbol>
      <symbol id="sm-4c3">
         <name>xTaskResumeAll</name>
         <value>0x6c9</value>
         <object_component_ref idref="oc-85"/>
      </symbol>
      <symbol id="sm-4c4">
         <name>vTaskSetApplicationTaskTag</name>
         <value>0xb29</value>
         <object_component_ref idref="oc-85"/>
      </symbol>
      <symbol id="sm-4c5">
         <name>xTaskGetTickCount</name>
         <value>0x86d</value>
         <object_component_ref idref="oc-85"/>
      </symbol>
      <symbol id="sm-4c6">
         <name>ulTaskGenericNotifyTake</name>
         <value>0x167d</value>
         <object_component_ref idref="oc-85"/>
      </symbol>
      <symbol id="sm-4c7">
         <name>xTaskGetApplicationTaskTag</name>
         <value>0xb4f</value>
         <object_component_ref idref="oc-85"/>
      </symbol>
      <symbol id="sm-4c8">
         <name>xTaskCallApplicationTaskHook</name>
         <value>0xbb3</value>
         <object_component_ref idref="oc-85"/>
      </symbol>
      <symbol id="sm-4c9">
         <name>ulTaskGenericNotifyValueClear</name>
         <value>0x1e75</value>
         <object_component_ref idref="oc-85"/>
      </symbol>
      <symbol id="sm-4ca">
         <name>xTaskGenericNotifyWait</name>
         <value>0x1739</value>
         <object_component_ref idref="oc-85"/>
      </symbol>
      <symbol id="sm-4cb">
         <name>pxCurrentTCB</name>
         <value>0x20002358</value>
         <object_component_ref idref="oc-7f"/>
      </symbol>
      <symbol id="sm-4cc">
         <name>xTaskGetTickCountFromISR</name>
         <value>0x87d</value>
         <object_component_ref idref="oc-85"/>
      </symbol>
      <symbol id="sm-4cd">
         <name>uxTopUsedPriority</name>
         <value>0x4dd8</value>
         <object_component_ref idref="oc-12f"/>
      </symbol>
      <symbol id="sm-4ce">
         <name>vTaskPlaceOnEventListRestricted</name>
         <value>0xda5</value>
         <object_component_ref idref="oc-85"/>
      </symbol>
      <symbol id="sm-4cf">
         <name>vTaskSetTimeOutState</name>
         <value>0x10cb</value>
         <object_component_ref idref="oc-85"/>
      </symbol>
      <symbol id="sm-4d0">
         <name>xTaskIncrementTick</name>
         <value>0x94d</value>
         <object_component_ref idref="oc-85"/>
      </symbol>
      <symbol id="sm-4d1">
         <name>vTaskSwitchContext</name>
         <value>0xbfd</value>
         <object_component_ref idref="oc-85"/>
      </symbol>
      <symbol id="sm-4d2">
         <name>uxTaskResetEventItemValue</name>
         <value>0x163f</value>
         <object_component_ref idref="oc-85"/>
      </symbol>
      <symbol id="sm-4d3">
         <name>xTaskGetSchedulerState</name>
         <value>0x1281</value>
         <object_component_ref idref="oc-85"/>
      </symbol>
      <symbol id="sm-4d4">
         <name>xTaskGetCurrentTaskHandle</name>
         <value>0x1271</value>
         <object_component_ref idref="oc-85"/>
      </symbol>
      <symbol id="sm-4d5">
         <name>vTaskPlaceOnUnorderedEventList</name>
         <value>0xd05</value>
         <object_component_ref idref="oc-85"/>
      </symbol>
      <symbol id="sm-4d6">
         <name>xTaskRemoveFromEventList</name>
         <value>0xe25</value>
         <object_component_ref idref="oc-85"/>
      </symbol>
      <symbol id="sm-4d7">
         <name>xTaskPriorityInherit</name>
         <value>0x12b1</value>
         <object_component_ref idref="oc-85"/>
      </symbol>
      <symbol id="sm-596">
         <name>xTimerGetTimerDaemonTaskHandle</name>
         <value>0x30c9</value>
         <object_component_ref idref="oc-125"/>
      </symbol>
      <symbol id="sm-597">
         <name>pcTimerGetName</name>
         <value>0x31d1</value>
         <object_component_ref idref="oc-125"/>
      </symbol>
      <symbol id="sm-598">
         <name>xTimerCreateTimerTask</name>
         <value>0x2f6d</value>
         <object_component_ref idref="oc-125"/>
      </symbol>
      <symbol id="sm-599">
         <name>xTimerGetExpiryTime</name>
         <value>0x31a3</value>
         <object_component_ref idref="oc-125"/>
      </symbol>
      <symbol id="sm-59a">
         <name>xTimerIsTimerActive</name>
         <value>0x35c9</value>
         <object_component_ref idref="oc-125"/>
      </symbol>
      <symbol id="sm-59b">
         <name>xTimerGetPeriod</name>
         <value>0x30eb</value>
         <object_component_ref idref="oc-125"/>
      </symbol>
      <symbol id="sm-59c">
         <name>xTimerGetReloadMode</name>
         <value>0x315b</value>
         <object_component_ref idref="oc-125"/>
      </symbol>
      <symbol id="sm-59d">
         <name>xTimerCreate</name>
         <value>0x2fab</value>
         <object_component_ref idref="oc-125"/>
      </symbol>
      <symbol id="sm-59e">
         <name>vTimerSetReloadMode</name>
         <value>0x3111</value>
         <object_component_ref idref="oc-125"/>
      </symbol>
      <symbol id="sm-59f">
         <name>xTimerGenericCommand</name>
         <value>0x3049</value>
         <object_component_ref idref="oc-125"/>
      </symbol>
      <symbol id="sm-5a0">
         <name>uxTimerGetReloadMode</name>
         <value>0x3197</value>
         <object_component_ref idref="oc-125"/>
      </symbol>
      <symbol id="sm-5a1">
         <name>pvTimerGetTimerID</name>
         <value>0x3609</value>
         <object_component_ref idref="oc-125"/>
      </symbol>
      <symbol id="sm-5a2">
         <name>vTimerSetTimerID</name>
         <value>0x3637</value>
         <object_component_ref idref="oc-125"/>
      </symbol>
      <symbol id="sm-5f3">
         <name>ulMaxSyscallInterruptPriority</name>
         <value>0x4dd0</value>
         <object_component_ref idref="oc-82"/>
      </symbol>
      <symbol id="sm-5f4">
         <name>vPortSetupTimerInterrupt</name>
         <value>0x3f05</value>
         <object_component_ref idref="oc-32"/>
      </symbol>
      <symbol id="sm-5f5">
         <name>vPortEndScheduler</name>
         <value>0x3e4d</value>
         <object_component_ref idref="oc-32"/>
      </symbol>
      <symbol id="sm-5f6">
         <name>xPortSysTickHandler</name>
         <value>0x3edf</value>
         <object_component_ref idref="oc-32"/>
      </symbol>
      <symbol id="sm-5f7">
         <name>vPortValidateInterruptPriority</name>
         <value>0x3f1f</value>
         <object_component_ref idref="oc-32"/>
      </symbol>
      <symbol id="sm-5f8">
         <name>pxPortInitialiseStack</name>
         <value>0x3d09</value>
         <object_component_ref idref="oc-32"/>
      </symbol>
      <symbol id="sm-5f9">
         <name>vPortExitCritical</name>
         <value>0x3eb3</value>
         <object_component_ref idref="oc-32"/>
      </symbol>
      <symbol id="sm-5fa">
         <name>xPortStartScheduler</name>
         <value>0x3d95</value>
         <object_component_ref idref="oc-32"/>
      </symbol>
      <symbol id="sm-5fb">
         <name>vPortEnterCritical</name>
         <value>0x3e71</value>
         <object_component_ref idref="oc-32"/>
      </symbol>
      <symbol id="sm-60a">
         <name>vPortStartFirstTask</name>
         <value>0x48ad</value>
         <object_component_ref idref="oc-2d"/>
      </symbol>
      <symbol id="sm-60b">
         <name>ulPortGetIPSR</name>
         <value>0x4815</value>
         <object_component_ref idref="oc-2d"/>
      </symbol>
      <symbol id="sm-60c">
         <name>vPortEnableVFP</name>
         <value>0x48d1</value>
         <object_component_ref idref="oc-2d"/>
      </symbol>
      <symbol id="sm-60d">
         <name>xPortPendSVHandler</name>
         <value>0x482d</value>
         <object_component_ref idref="oc-2d"/>
      </symbol>
      <symbol id="sm-60e">
         <name>vPortSVCHandler</name>
         <value>0x488d</value>
         <object_component_ref idref="oc-2d"/>
      </symbol>
      <symbol id="sm-638">
         <name>vPortInitialiseBlocks</name>
         <value>0x4991</value>
         <object_component_ref idref="oc-119"/>
      </symbol>
      <symbol id="sm-639">
         <name>xPortGetFreeHeapSize</name>
         <value>0x4999</value>
         <object_component_ref idref="oc-119"/>
      </symbol>
      <symbol id="sm-63a">
         <name>pvPortMalloc</name>
         <value>0x48e1</value>
         <object_component_ref idref="oc-119"/>
      </symbol>
      <symbol id="sm-63b">
         <name>vPortFree</name>
         <value>0x496d</value>
         <object_component_ref idref="oc-119"/>
      </symbol>
      <symbol id="sm-65e">
         <name>ADC_init</name>
         <value>0x4371</value>
         <object_component_ref idref="oc-b2"/>
      </symbol>
      <symbol id="sm-65f">
         <name>ADC_readValue</name>
         <value>0x43e9</value>
         <object_component_ref idref="oc-b2"/>
      </symbol>
      <symbol id="sm-68c">
         <name>GPIO_SW1GetState</name>
         <value>0x40ad</value>
         <object_component_ref idref="oc-ac"/>
      </symbol>
      <symbol id="sm-68d">
         <name>GPIO_GreenLedOn</name>
         <value>0x4049</value>
         <object_component_ref idref="oc-ac"/>
      </symbol>
      <symbol id="sm-68e">
         <name>GPIO_BlueLedToggle</name>
         <value>0x4095</value>
         <object_component_ref idref="oc-ac"/>
      </symbol>
      <symbol id="sm-68f">
         <name>GPIO_SW2GetState</name>
         <value>0x40b7</value>
         <object_component_ref idref="oc-ac"/>
      </symbol>
      <symbol id="sm-690">
         <name>GPIO_SW2EdgeTriggeredInterruptInit</name>
         <value>0x410f</value>
         <object_component_ref idref="oc-ac"/>
      </symbol>
      <symbol id="sm-691">
         <name>GPIO_BuiltinButtonsLedsInit</name>
         <value>0x3fbd</value>
         <object_component_ref idref="oc-ac"/>
      </symbol>
      <symbol id="sm-692">
         <name>GPIO_LedsOff</name>
         <value>0x4079</value>
         <object_component_ref idref="oc-ac"/>
      </symbol>
      <symbol id="sm-693">
         <name>GPIO_RedLedToggle</name>
         <value>0x4089</value>
         <object_component_ref idref="oc-ac"/>
      </symbol>
      <symbol id="sm-694">
         <name>GPIO_BlueLedOff</name>
         <value>0x4061</value>
         <object_component_ref idref="oc-ac"/>
      </symbol>
      <symbol id="sm-695">
         <name>GPIO_SW1EdgeTriggeredInterruptInit</name>
         <value>0x40c1</value>
         <object_component_ref idref="oc-ac"/>
      </symbol>
      <symbol id="sm-696">
         <name>GPIO_GreenLedOff</name>
         <value>0x406d</value>
         <object_component_ref idref="oc-ac"/>
      </symbol>
      <symbol id="sm-697">
         <name>GPIO_GreenLedToggle</name>
         <value>0x40a1</value>
         <object_component_ref idref="oc-ac"/>
      </symbol>
      <symbol id="sm-698">
         <name>GPIO_RedLedOff</name>
         <value>0x4055</value>
         <object_component_ref idref="oc-ac"/>
      </symbol>
      <symbol id="sm-699">
         <name>GPIO_BlueLedOn</name>
         <value>0x403d</value>
         <object_component_ref idref="oc-ac"/>
      </symbol>
      <symbol id="sm-69a">
         <name>GPIO_RedLedOn</name>
         <value>0x4031</value>
         <object_component_ref idref="oc-ac"/>
      </symbol>
      <symbol id="sm-6ac">
         <name>GPTM_WTimer0Init</name>
         <value>0x4ca1</value>
         <object_component_ref idref="oc-b8"/>
      </symbol>
      <symbol id="sm-6ad">
         <name>GPTM_WTimer0Read</name>
         <value>0x4cd1</value>
         <object_component_ref idref="oc-b8"/>
      </symbol>
      <symbol id="sm-6db">
         <name>UART0_SendInteger</name>
         <value>0x4291</value>
         <object_component_ref idref="oc-a6"/>
      </symbol>
      <symbol id="sm-6dc">
         <name>UART0_ReceiveByte</name>
         <value>0x425b</value>
         <object_component_ref idref="oc-a6"/>
      </symbol>
      <symbol id="sm-6dd">
         <name>UART0_SendByte</name>
         <value>0x423f</value>
         <object_component_ref idref="oc-a6"/>
      </symbol>
      <symbol id="sm-6de">
         <name>UART0_Init</name>
         <value>0x41ff</value>
         <object_component_ref idref="oc-a6"/>
      </symbol>
      <symbol id="sm-6df">
         <name>UART0_SendString</name>
         <value>0x426b</value>
         <object_component_ref idref="oc-a6"/>
      </symbol>
      <symbol id="sm-6f3">
         <name>__aeabi_ddiv</name>
         <value>0x44a9</value>
         <object_component_ref idref="oc-17b"/>
      </symbol>
      <symbol id="sm-6fe">
         <name>__aeabi_dmul</name>
         <value>0x4709</value>
         <object_component_ref idref="oc-176"/>
      </symbol>
      <symbol id="sm-70a">
         <name>__aeabi_d2f</name>
         <value>0x4b5d</value>
         <object_component_ref idref="oc-180"/>
      </symbol>
      <symbol id="sm-725">
         <name>memcpy</name>
         <value>0x49b1</value>
         <object_component_ref idref="oc-4c"/>
      </symbol>
      <symbol id="sm-726">
         <name>__aeabi_memcpy</name>
         <value>0x49b1</value>
         <object_component_ref idref="oc-4c"/>
      </symbol>
      <symbol id="sm-727">
         <name>__aeabi_memcpy8</name>
         <value>0x49b1</value>
         <object_component_ref idref="oc-4c"/>
      </symbol>
      <symbol id="sm-728">
         <name>__aeabi_memcpy4</name>
         <value>0x49b1</value>
         <object_component_ref idref="oc-4c"/>
      </symbol>
      <symbol id="sm-732">
         <name>__aeabi_ui2d</name>
         <value>0x4d6d</value>
         <object_component_ref idref="oc-171"/>
      </symbol>
      <symbol id="sm-741">
         <name>__aeabi_memset</name>
         <value>0x4ae5</value>
         <object_component_ref idref="oc-f7"/>
      </symbol>
      <symbol id="sm-742">
         <name>memset</name>
         <value>0x4aeb</value>
         <object_component_ref idref="oc-f7"/>
      </symbol>
      <symbol id="sm-743">
         <name>__aeabi_memset8</name>
         <value>0x4ae5</value>
         <object_component_ref idref="oc-f7"/>
      </symbol>
      <symbol id="sm-744">
         <name>__aeabi_memset4</name>
         <value>0x4ae5</value>
         <object_component_ref idref="oc-f7"/>
      </symbol>
      <symbol id="sm-745">
         <name>__aeabi_memclr8</name>
         <value>0x4ae3</value>
         <object_component_ref idref="oc-f7"/>
      </symbol>
      <symbol id="sm-746">
         <name>__aeabi_memclr4</name>
         <value>0x4ae3</value>
         <object_component_ref idref="oc-f7"/>
      </symbol>
      <symbol id="sm-747">
         <name>__aeabi_memclr</name>
         <value>0x4ae3</value>
         <object_component_ref idref="oc-f7"/>
      </symbol>
      <symbol id="sm-755">
         <name>__aeabi_ldivmod</name>
         <value>0x4bcb</value>
         <object_component_ref idref="oc-169"/>
      </symbol>
      <symbol id="sm-762">
         <name>__aeabi_uldivmod</name>
         <value>0x4a4d</value>
         <object_component_ref idref="oc-23b"/>
      </symbol>
      <symbol id="sm-779">
         <name>__TI_zero_init</name>
         <value>0x4daf</value>
         <object_component_ref idref="oc-5e"/>
      </symbol>
      <symbol id="sm-790">
         <name>__TI_decompress_none</name>
         <value>0x4da1</value>
         <object_component_ref idref="oc-1b"/>
      </symbol>
      <symbol id="sm-7b3">
         <name>__TI_decompress_lzss</name>
         <value>0x4c39</value>
         <object_component_ref idref="oc-15"/>
      </symbol>
      <symbol id="sm-7c1">
         <name>strcpy</name>
         <value>0x4d8d</value>
         <object_component_ref idref="oc-be"/>
      </symbol>
      <symbol id="sm-7d4">
         <name>__stack</name>
         <value>0x20002158</value>
         <object_component_ref idref="oc-24"/>
      </symbol>
      <symbol id="sm-7d5">
         <name>_c_int00_noargs</name>
         <value>0x4d39</value>
         <object_component_ref idref="oc-6a"/>
      </symbol>
      <symbol id="sm-7df">
         <name>__aeabi_idiv0</name>
         <value>0x2f6b</value>
         <object_component_ref idref="oc-236"/>
      </symbol>
      <symbol id="sm-7e0">
         <name>__aeabi_ldiv0</name>
         <value>0x2f6b</value>
         <object_component_ref idref="oc-236"/>
      </symbol>
      <symbol id="sm-808">
         <name>__TI_auto_init_nobinit_nopinit</name>
         <value>0x4cf5</value>
         <object_component_ref idref="oc-1bd"/>
      </symbol>
      <symbol id="sm-812">
         <name>_system_pre_init</name>
         <value>0x4dc7</value>
         <object_component_ref idref="oc-fd"/>
      </symbol>
      <symbol id="sm-81e">
         <name>C$$EXIT</name>
         <value>0x4dcb</value>
         <object_component_ref idref="oc-1b1"/>
      </symbol>
      <symbol id="sm-81f">
         <name>abort</name>
         <value>0x4dcb</value>
         <object_component_ref idref="oc-1b1"/>
      </symbol>
      <symbol id="sm-822">
         <name>__TI_static_base__</name>
         <value>0x0</value>
      </symbol>
      <symbol id="sm-825">
         <name>__mpu_init</name>
         <value>0x0</value>
      </symbol>
      <symbol id="sm-826">
         <name>_system_post_cinit</name>
         <value>0x0</value>
      </symbol>
   </symbol_table>
   <title>Link successful</title>
</link_info>
