******************************************************************************
                  TI ARM Linker PC v20.2.7                     
******************************************************************************
>> Linked Tue Apr 15 00:29:55 2025

OUTPUT FILE NAME:   <Lab4.out>
ENTRY POINT SYMBOL: "_c_int00_noargs"  address: 00004d39


MEMORY CONFIGURATION

         name            origin    length      used     unused   attr    fill
----------------------  --------  ---------  --------  --------  ----  --------
  FLASH                 00000000   00040000  00004e1a  0003b1e6  R  X
  SRAM                  20000000   00008000  000023b8  00005c48  RW X


SEGMENT ALLOCATION MAP

run origin  load origin   length   init length attrs members
----------  ----------- ---------- ----------- ----- -------
00000000    00000000    00004e20   00004e20    r-x
  00000000    00000000    0000026c   0000026c    r-- .intvecs
  0000026c    0000026c    00004b62   00004b62    r-x .text
  00004dd0    00004dd0    0000000c   0000000c    r-- .const
  00004de0    00004de0    00000040   00000040    r-- .cinit
20000000    20000000    000023b8   00000000    rw-
  20000000    20000000    00002158   00000000    rw- .bss
  20002158    20002158    00000200   00000000    rw- .stack
  20002358    20002358    00000060   00000000    rw- .data


SECTION ALLOCATION MAP

 output                                  attributes/
section   page    origin      length       input sections
--------  ----  ----------  ----------   ----------------
.intvecs   0    00000000    0000026c     
                  00000000    0000026c     tm4c123gh6pm_startup_ccs.obj (.intvecs)

.text      0    0000026c    00004b62     
                  0000026c    00001cf0     tasks.obj (.text)
                  00001f5c    0000100e     queue.obj (.text)
                  00002f6a    00000002     rtsv7M4_T_le_v4SPD16_eabi.lib : div0.asm.obj (.text)
                  00002f6c    0000070c     timers.obj (.text)
                  00003678    00000690     main.obj (.text)
                  00003d08    000002b4     port.obj (.text)
                  00003fbc    000001ec     gpio.obj (.text)
                  000041a8    000001c8     uart0.obj (.text)
                  00004370    00000138     adc.obj (.text)
                  000044a8    00000136     rtsv7M4_T_le_v4SPD16_eabi.lib : fd_div_t2.asm.obj (.text)
                  000045de    0000012a     list.obj (.text)
                  00004708    000000fc     rtsv7M4_T_le_v4SPD16_eabi.lib : fd_mul_t2.asm.obj (.text)
                  00004804    000000da     portasm.obj (.text)
                  000048de    00000002     --HOLE-- [fill = 0]
                  000048e0    000000d0     heap_1.obj (.text)
                  000049b0    0000009c     rtsv7M4_T_le_v4SPD16_eabi.lib : memcpy_t2.asm.obj (.text)
                  00004a4c    00000096                                   : ull_div_t2.asm.obj (.text)
                  00004ae2    0000007a                                   : memset_t2.asm.obj (.text)
                  00004b5c    0000006e                                   : fd_tos_t2.asm.obj (.text)
                  00004bca    0000006e                                   : ll_div_t2.asm.obj (.text)
                  00004c38    00000068                                   : copy_decompress_lzss.c.obj (.text:decompress:lzss:__TI_decompress_lzss)
                  00004ca0    00000054     GPTM.obj (.text)
                  00004cf4    00000044     rtsv7M4_T_le_v4SPD16_eabi.lib : autoinit.c.obj (.text:__TI_auto_init_nobinit_nopinit:__TI_auto_init_nobinit_nopinit)
                  00004d38    00000034                                   : boot_cortex_m.c.obj (.text:_c_int00_noargs:_c_int00_noargs)
                  00004d6c    00000020                                   : u_tofd_t2.asm.obj (.text)
                  00004d8c    00000014                                   : strcpy.c.obj (.text:strcpy)
                  00004da0    0000000e                                   : copy_decompress_none.c.obj (.text:decompress:none:__TI_decompress_none)
                  00004dae    0000000c                                   : copy_zero_init.c.obj (.text:decompress:ZI:__TI_zero_init)
                  00004dba    0000000c     tm4c123gh6pm_startup_ccs.obj (.text)
                  00004dc6    00000004     rtsv7M4_T_le_v4SPD16_eabi.lib : pre_init.c.obj (.text:_system_pre_init)
                  00004dca    00000004                                   : exit.c.obj (.text:abort:abort)

.const     0    00004dd0    0000000c     
                  00004dd0    00000008     port.obj (.const)
                  00004dd8    00000004     tasks.obj (.const)

.cinit     0    00004de0    00000040     
                  00004de0    0000001b     (.cinit..data.load) [load image, compression = lzss]
                  00004dfb    00000001     --HOLE-- [fill = 0]
                  00004dfc    0000000c     (__TI_handler_table)
                  00004e08    00000008     (.cinit..bss.load) [load image, compression = zero_init]
                  00004e10    00000010     (__TI_cinit_table)

.init_array 
*          0    00000000    00000000     UNINITIALIZED

.bss       0    20000000    00002158     UNINITIALIZED
                  20000000    00002000     heap_1.obj (.bss:ucHeap)
                  20002000    00000064     tasks.obj (.bss:pxReadyTasksLists)
                  20002064    0000001c     (.common:ullTasksInTime)
                  20002080    0000001c     (.common:ullTasksOutTime)
                  2000209c    0000001c     (.common:ullTasksTotalTime)
                  200020b8    00000014     timers.obj (.bss:xActiveTimerList1)
                  200020cc    00000014     timers.obj (.bss:xActiveTimerList2)
                  200020e0    00000014     tasks.obj (.bss:xDelayedTaskList1)
                  200020f4    00000014     tasks.obj (.bss:xDelayedTaskList2)
                  20002108    00000014     tasks.obj (.bss:xPendingReadyList)
                  2000211c    00000008     tasks.obj (.bss)
                  20002124    00000008     timers.obj (.bss)
                  2000212c    00000004     (.common:Heater_Status)
                  20002130    00000004     (.common:xBtnSemaphore)
                  20002134    00000004     (.common:xDataMutex)
                  20002138    00000004     (.common:xGPTM_Mutex)
                  2000213c    00000004     (.common:xSystemFailureSemaphore)
                  20002140    00000004     (.common:xTask1Handle)
                  20002144    00000004     (.common:xTask2Handle)
                  20002148    00000004     (.common:xTask3Handle)
                  2000214c    00000004     (.common:xTask4Handle)
                  20002150    00000004     (.common:xTask5Handle)
                  20002154    00000004     (.common:xTask6Handle)

.data      0    20002358    00000060     UNINITIALIZED
                  20002358    00000030     tasks.obj (.data)
                  20002388    0000000d     main.obj (.data)
                  20002395    00000003     --HOLE--
                  20002398    0000000c     port.obj (.data)
                  200023a4    0000000c     timers.obj (.data)
                  200023b0    00000008     heap_1.obj (.data)

.stack     0    20002158    00000200     UNINITIALIZED
                  20002158    00000004     rtsv7M4_T_le_v4SPD16_eabi.lib : boot_cortex_m.c.obj (.stack)
                  2000215c    000001fc     --HOLE--

__llvm_prf_cnts 
*          0    20000000    00000000     UNINITIALIZED

MODULE SUMMARY

       Module                         code    ro data   rw data
       ------                         ----    -------   -------
    .\
       main.obj                       1680    0         141    
       tm4c123gh6pm_startup_ccs.obj   12      620       0      
    +--+------------------------------+-------+---------+---------+
       Total:                         1692    620       141    
                                                               
    .\FreeRTOS\Source\
       tasks.obj                      7408    4         216    
       queue.obj                      4110    0         0      
       timers.obj                     1804    0         60     
       list.obj                       298     0         0      
    +--+------------------------------+-------+---------+---------+
       Total:                         13620   4         276    
                                                               
    .\FreeRTOS\Source\portable\CCS\ARM_CM4F\
       port.obj                       692     8         12     
       portasm.obj                    218     0         0      
    +--+------------------------------+-------+---------+---------+
       Total:                         910     8         12     
                                                               
    .\FreeRTOS\Source\portable\MemMang\
       heap_1.obj                     208     0         8200   
    +--+------------------------------+-------+---------+---------+
       Total:                         208     0         8200   
                                                               
    .\MCAL\ADC\
       adc.obj                        312     0         0      
    +--+------------------------------+-------+---------+---------+
       Total:                         312     0         0      
                                                               
    .\MCAL\GPIO\
       gpio.obj                       492     0         0      
    +--+------------------------------+-------+---------+---------+
       Total:                         492     0         0      
                                                               
    .\MCAL\GPTM\
       GPTM.obj                       84      0         0      
    +--+------------------------------+-------+---------+---------+
       Total:                         84      0         0      
                                                               
    .\MCAL\UART\
       uart0.obj                      456     0         0      
    +--+------------------------------+-------+---------+---------+
       Total:                         456     0         0      
                                                               
    D:\Program Files\ccs\tools\compiler\ti-cgt-arm_20.2.7.LTS\lib\rtsv7M4_T_le_v4SPD16_eabi.lib
       fd_div_t2.asm.obj              310     0         0      
       fd_mul_t2.asm.obj              252     0         0      
       memcpy_t2.asm.obj              156     0         0      
       ull_div_t2.asm.obj             150     0         0      
       memset_t2.asm.obj              122     0         0      
       fd_tos_t2.asm.obj              110     0         0      
       ll_div_t2.asm.obj              110     0         0      
       copy_decompress_lzss.c.obj     104     0         0      
       autoinit.c.obj                 68      0         0      
       boot_cortex_m.c.obj            52      0         0      
       u_tofd_t2.asm.obj              32      0         0      
       strcpy.c.obj                   20      0         0      
       copy_decompress_none.c.obj     14      0         0      
       copy_zero_init.c.obj           12      0         0      
       exit.c.obj                     4       0         0      
       pre_init.c.obj                 4       0         0      
       div0.asm.obj                   2       0         0      
    +--+------------------------------+-------+---------+---------+
       Total:                         1522    0         0      
                                                               
       Stack:                         0       0         512    
       Linker Generated:              0       63        0      
    +--+------------------------------+-------+---------+---------+
       Grand Total:                   19296   695       9141   


LINKER GENERATED COPY TABLES

__TI_cinit_table @ 00004e10 records: 2, size/record: 8, table size: 16
	.data: load addr=00004de0, load size=0000001b bytes, run addr=20002358, run size=00000060 bytes, compression=lzss
	.bss: load addr=00004e08, load size=00000008 bytes, run addr=20000000, run size=00002158 bytes, compression=zero_init


LINKER GENERATED HANDLER TABLE

__TI_handler_table @ 00004dfc records: 3, size/record: 4, table size: 12
	index: 0, handler: __TI_decompress_lzss
	index: 1, handler: __TI_decompress_none
	index: 2, handler: __TI_zero_init


GLOBAL SYMBOLS: SORTED ALPHABETICALLY BY Name 

address   name                               
-------   ----                               
00004371  ADC_init                           
000043e9  ADC_readValue                      
00004dcb  C$$EXIT                            
20002394  Desired_Heater_Lvl                 
00003bd1  GPIOPortF_Handler                  
00004061  GPIO_BlueLedOff                    
0000403d  GPIO_BlueLedOn                     
00004095  GPIO_BlueLedToggle                 
00003fbd  GPIO_BuiltinButtonsLedsInit        
0000406d  GPIO_GreenLedOff                   
00004049  GPIO_GreenLedOn                    
000040a1  GPIO_GreenLedToggle                
00004079  GPIO_LedsOff                       
00004055  GPIO_RedLedOff                     
00004031  GPIO_RedLedOn                      
00004089  GPIO_RedLedToggle                  
000040c1  GPIO_SW1EdgeTriggeredInterruptInit 
000040ad  GPIO_SW1GetState                   
0000410f  GPIO_SW2EdgeTriggeredInterruptInit 
000040b7  GPIO_SW2GetState                   
00004ca1  GPTM_WTimer0Init                   
00004cd1  GPTM_WTimer0Read                   
2000212c  Heater_Status                      
2000238c  Last_Failure_Timestamp             
20002390  Last_HeatLvl_Timestamp             
00004dbb  ResetISR                           
20002388  Temperature                        
000041ff  UART0_Init                         
0000425b  UART0_ReceiveByte                  
0000423f  UART0_SendByte                     
00004291  UART0_SendInteger                  
0000426b  UART0_SendString                   
20002358  __STACK_END                        
00000200  __STACK_SIZE                       
20002358  __STACK_TOP                        
00004e10  __TI_CINIT_Base                    
00004e20  __TI_CINIT_Limit                   
00004dfc  __TI_Handler_Table_Base            
00004e08  __TI_Handler_Table_Limit           
00004cf5  __TI_auto_init_nobinit_nopinit     
00004c39  __TI_decompress_lzss               
00004da1  __TI_decompress_none               
ffffffff  __TI_pprof_out_hndl                
ffffffff  __TI_prof_data_size                
ffffffff  __TI_prof_data_start               
00000000  __TI_static_base__                 
00004daf  __TI_zero_init                     
00004b5d  __aeabi_d2f                        
000044a9  __aeabi_ddiv                       
00004709  __aeabi_dmul                       
00002f6b  __aeabi_idiv0                      
00002f6b  __aeabi_ldiv0                      
00004bcb  __aeabi_ldivmod                    
00004ae3  __aeabi_memclr                     
00004ae3  __aeabi_memclr4                    
00004ae3  __aeabi_memclr8                    
000049b1  __aeabi_memcpy                     
000049b1  __aeabi_memcpy4                    
000049b1  __aeabi_memcpy8                    
00004ae5  __aeabi_memset                     
00004ae5  __aeabi_memset4                    
00004ae5  __aeabi_memset8                    
00004d6d  __aeabi_ui2d                       
00004a4d  __aeabi_uldivmod                   
ffffffff  __binit__                          
ffffffff  __c_args__                         
UNDEFED   __mpu_init                         
20002158  __stack                            
20000000  __start___llvm_prf_cnts            
20000000  __stop___llvm_prf_cnts             
00004d39  _c_int00_noargs                    
UNDEFED   _system_post_cinit                 
00004dc7  _system_pre_init                   
00004dcb  abort                              
ffffffff  binit                              
00000000  g_pfnVectors                       
00003679  main                               
000049b1  memcpy                             
00004aeb  memset                             
000008a9  pcTaskGetName                      
000031d1  pcTimerGetName                     
000048e1  pvPortMalloc                       
00001665  pvTaskIncrementMutexHeldCount      
00003609  pvTimerGetTimerID                  
20002358  pxCurrentTCB                       
00003d09  pxPortInitialiseStack              
00004d8d  strcpy                             
00004dd0  ulMaxSyscallInterruptPriority      
00004815  ulPortGetIPSR                      
0000167d  ulTaskGenericNotifyTake            
00001e75  ulTaskGenericNotifyValueClear      
20002064  ullTasksInTime                     
20002080  ullTasksOutTime                    
2000209c  ullTasksTotalTime                  
000046c1  uxListRemove                       
00002be5  uxQueueMessagesWaiting             
00002c43  uxQueueMessagesWaitingFromISR      
00002c0f  uxQueueSpacesAvailable             
00000891  uxTaskGetNumberOfTasks             
0000163f  uxTaskResetEventItemValue          
00003197  uxTimerGetReloadMode               
00004dd8  uxTopUsedPriority                  
00003795  vControlHeater                     
00003a7d  vDiagnostics                       
00003931  vDisplayDataHandler                
000039dd  vHeaterSettingHandler              
000045df  vListInitialise                    
0000460f  vListInitialiseItem                
0000465b  vListInsert                        
0000461f  vListInsertEnd                     
000048d1  vPortEnableVFP                     
00003e4d  vPortEndScheduler                  
00003e71  vPortEnterCritical                 
00003eb3  vPortExitCritical                  
0000496d  vPortFree                          
00004991  vPortInitialiseBlocks              
0000488d  vPortSVCHandler                    
00003f05  vPortSetupTimerInterrupt           
000048ad  vPortStartFirstTask                
00003f1f  vPortValidateInterruptPriority     
00002c6d  vQueueDelete                       
00002f0f  vQueueWaitForMessageRestricted     
00003889  vReadTemperatureHandler            
00003b45  vRuntimeMeasurements               
00000599  vTaskDelay                         
00000685  vTaskEndScheduler                  
00001c5d  vTaskGenericNotifyGiveFromISR      
000010fd  vTaskInternalSetTimeOutState       
000011c1  vTaskMissedYield                   
00000cc7  vTaskPlaceOnEventList              
00000da5  vTaskPlaceOnEventListRestricted    
00000d05  vTaskPlaceOnUnorderedEventList     
000014f9  vTaskPriorityDisinheritAfterTimeout
00000f91  vTaskRemoveFromUnorderedEventList  
00000b29  vTaskSetApplicationTaskTag         
000010cb  vTaskSetTimeOutState               
000005eb  vTaskStartScheduler                
000006a1  vTaskSuspendAll                    
00000bfd  vTaskSwitchContext                 
00003111  vTimerSetReloadMode                
00003637  vTimerSetTimerID                   
20002130  xBtnSemaphore                      
20002134  xDataMutex                         
20002138  xGPTM_Mutex                        
00004999  xPortGetFreeHeapSize               
0000482d  xPortPendSVHandler                 
00003d95  xPortStartScheduler                
00003edf  xPortSysTickHandler                
00002143  xQueueCreateMutex                  
0000205d  xQueueGenericCreate                
00001f5d  xQueueGenericReset                 
0000216f  xQueueGenericSend                  
00002329  xQueueGenericSendFromISR           
00002461  xQueueGiveFromISR                  
00002e7b  xQueueIsQueueEmptyFromISR          
00002ed5  xQueueIsQueueFullFromISR           
000028b1  xQueuePeek                         
00002b35  xQueuePeekFromISR                  
00002585  xQueueReceive                      
00002a2f  xQueueReceiveFromISR               
000026fd  xQueueSemaphoreTake                
2000213c  xSystemFailureSemaphore            
20002140  xTask1Handle                       
20002144  xTask2Handle                       
20002148  xTask3Handle                       
2000214c  xTask4Handle                       
20002150  xTask5Handle                       
20002154  xTask6Handle                       
00000bb3  xTaskCallApplicationTaskHook       
000008e1  xTaskCatchUpTicks                  
00001125  xTaskCheckForTimeOut               
0000026d  xTaskCreate                        
000004bf  xTaskDelayUntil                    
00001821  xTaskGenericNotify                 
00001a07  xTaskGenericNotifyFromISR          
00001e0d  xTaskGenericNotifyStateClear       
00001739  xTaskGenericNotifyWait             
00000b4f  xTaskGetApplicationTaskTag         
00000b79  xTaskGetApplicationTaskTagFromISR  
00001271  xTaskGetCurrentTaskHandle          
00001281  xTaskGetSchedulerState             
0000086d  xTaskGetTickCount                  
0000087d  xTaskGetTickCountFromISR           
0000094d  xTaskIncrementTick                 
000013d1  xTaskPriorityDisinherit            
000012b1  xTaskPriorityInherit               
00000e25  xTaskRemoveFromEventList           
000006c9  xTaskResumeAll                     
00002fab  xTimerCreate                       
00002f6d  xTimerCreateTimerTask              
00003049  xTimerGenericCommand               
000031a3  xTimerGetExpiryTime                
000030eb  xTimerGetPeriod                    
0000315b  xTimerGetReloadMode                
000030c9  xTimerGetTimerDaemonTaskHandle     
000035c9  xTimerIsTimerActive                


GLOBAL SYMBOLS: SORTED BY Symbol Address 

address   name                               
-------   ----                               
00000000  __TI_static_base__                 
00000000  g_pfnVectors                       
00000200  __STACK_SIZE                       
0000026d  xTaskCreate                        
000004bf  xTaskDelayUntil                    
00000599  vTaskDelay                         
000005eb  vTaskStartScheduler                
00000685  vTaskEndScheduler                  
000006a1  vTaskSuspendAll                    
000006c9  xTaskResumeAll                     
0000086d  xTaskGetTickCount                  
0000087d  xTaskGetTickCountFromISR           
00000891  uxTaskGetNumberOfTasks             
000008a9  pcTaskGetName                      
000008e1  xTaskCatchUpTicks                  
0000094d  xTaskIncrementTick                 
00000b29  vTaskSetApplicationTaskTag         
00000b4f  xTaskGetApplicationTaskTag         
00000b79  xTaskGetApplicationTaskTagFromISR  
00000bb3  xTaskCallApplicationTaskHook       
00000bfd  vTaskSwitchContext                 
00000cc7  vTaskPlaceOnEventList              
00000d05  vTaskPlaceOnUnorderedEventList     
00000da5  vTaskPlaceOnEventListRestricted    
00000e25  xTaskRemoveFromEventList           
00000f91  vTaskRemoveFromUnorderedEventList  
000010cb  vTaskSetTimeOutState               
000010fd  vTaskInternalSetTimeOutState       
00001125  xTaskCheckForTimeOut               
000011c1  vTaskMissedYield                   
00001271  xTaskGetCurrentTaskHandle          
00001281  xTaskGetSchedulerState             
000012b1  xTaskPriorityInherit               
000013d1  xTaskPriorityDisinherit            
000014f9  vTaskPriorityDisinheritAfterTimeout
0000163f  uxTaskResetEventItemValue          
00001665  pvTaskIncrementMutexHeldCount      
0000167d  ulTaskGenericNotifyTake            
00001739  xTaskGenericNotifyWait             
00001821  xTaskGenericNotify                 
00001a07  xTaskGenericNotifyFromISR          
00001c5d  vTaskGenericNotifyGiveFromISR      
00001e0d  xTaskGenericNotifyStateClear       
00001e75  ulTaskGenericNotifyValueClear      
00001f5d  xQueueGenericReset                 
0000205d  xQueueGenericCreate                
00002143  xQueueCreateMutex                  
0000216f  xQueueGenericSend                  
00002329  xQueueGenericSendFromISR           
00002461  xQueueGiveFromISR                  
00002585  xQueueReceive                      
000026fd  xQueueSemaphoreTake                
000028b1  xQueuePeek                         
00002a2f  xQueueReceiveFromISR               
00002b35  xQueuePeekFromISR                  
00002be5  uxQueueMessagesWaiting             
00002c0f  uxQueueSpacesAvailable             
00002c43  uxQueueMessagesWaitingFromISR      
00002c6d  vQueueDelete                       
00002e7b  xQueueIsQueueEmptyFromISR          
00002ed5  xQueueIsQueueFullFromISR           
00002f0f  vQueueWaitForMessageRestricted     
00002f6b  __aeabi_idiv0                      
00002f6b  __aeabi_ldiv0                      
00002f6d  xTimerCreateTimerTask              
00002fab  xTimerCreate                       
00003049  xTimerGenericCommand               
000030c9  xTimerGetTimerDaemonTaskHandle     
000030eb  xTimerGetPeriod                    
00003111  vTimerSetReloadMode                
0000315b  xTimerGetReloadMode                
00003197  uxTimerGetReloadMode               
000031a3  xTimerGetExpiryTime                
000031d1  pcTimerGetName                     
000035c9  xTimerIsTimerActive                
00003609  pvTimerGetTimerID                  
00003637  vTimerSetTimerID                   
00003679  main                               
00003795  vControlHeater                     
00003889  vReadTemperatureHandler            
00003931  vDisplayDataHandler                
000039dd  vHeaterSettingHandler              
00003a7d  vDiagnostics                       
00003b45  vRuntimeMeasurements               
00003bd1  GPIOPortF_Handler                  
00003d09  pxPortInitialiseStack              
00003d95  xPortStartScheduler                
00003e4d  vPortEndScheduler                  
00003e71  vPortEnterCritical                 
00003eb3  vPortExitCritical                  
00003edf  xPortSysTickHandler                
00003f05  vPortSetupTimerInterrupt           
00003f1f  vPortValidateInterruptPriority     
00003fbd  GPIO_BuiltinButtonsLedsInit        
00004031  GPIO_RedLedOn                      
0000403d  GPIO_BlueLedOn                     
00004049  GPIO_GreenLedOn                    
00004055  GPIO_RedLedOff                     
00004061  GPIO_BlueLedOff                    
0000406d  GPIO_GreenLedOff                   
00004079  GPIO_LedsOff                       
00004089  GPIO_RedLedToggle                  
00004095  GPIO_BlueLedToggle                 
000040a1  GPIO_GreenLedToggle                
000040ad  GPIO_SW1GetState                   
000040b7  GPIO_SW2GetState                   
000040c1  GPIO_SW1EdgeTriggeredInterruptInit 
0000410f  GPIO_SW2EdgeTriggeredInterruptInit 
000041ff  UART0_Init                         
0000423f  UART0_SendByte                     
0000425b  UART0_ReceiveByte                  
0000426b  UART0_SendString                   
00004291  UART0_SendInteger                  
00004371  ADC_init                           
000043e9  ADC_readValue                      
000044a9  __aeabi_ddiv                       
000045df  vListInitialise                    
0000460f  vListInitialiseItem                
0000461f  vListInsertEnd                     
0000465b  vListInsert                        
000046c1  uxListRemove                       
00004709  __aeabi_dmul                       
00004815  ulPortGetIPSR                      
0000482d  xPortPendSVHandler                 
0000488d  vPortSVCHandler                    
000048ad  vPortStartFirstTask                
000048d1  vPortEnableVFP                     
000048e1  pvPortMalloc                       
0000496d  vPortFree                          
00004991  vPortInitialiseBlocks              
00004999  xPortGetFreeHeapSize               
000049b1  __aeabi_memcpy                     
000049b1  __aeabi_memcpy4                    
000049b1  __aeabi_memcpy8                    
000049b1  memcpy                             
00004a4d  __aeabi_uldivmod                   
00004ae3  __aeabi_memclr                     
00004ae3  __aeabi_memclr4                    
00004ae3  __aeabi_memclr8                    
00004ae5  __aeabi_memset                     
00004ae5  __aeabi_memset4                    
00004ae5  __aeabi_memset8                    
00004aeb  memset                             
00004b5d  __aeabi_d2f                        
00004bcb  __aeabi_ldivmod                    
00004c39  __TI_decompress_lzss               
00004ca1  GPTM_WTimer0Init                   
00004cd1  GPTM_WTimer0Read                   
00004cf5  __TI_auto_init_nobinit_nopinit     
00004d39  _c_int00_noargs                    
00004d6d  __aeabi_ui2d                       
00004d8d  strcpy                             
00004da1  __TI_decompress_none               
00004daf  __TI_zero_init                     
00004dbb  ResetISR                           
00004dc7  _system_pre_init                   
00004dcb  C$$EXIT                            
00004dcb  abort                              
00004dd0  ulMaxSyscallInterruptPriority      
00004dd8  uxTopUsedPriority                  
00004dfc  __TI_Handler_Table_Base            
00004e08  __TI_Handler_Table_Limit           
00004e10  __TI_CINIT_Base                    
00004e20  __TI_CINIT_Limit                   
20000000  __start___llvm_prf_cnts            
20000000  __stop___llvm_prf_cnts             
20002064  ullTasksInTime                     
20002080  ullTasksOutTime                    
2000209c  ullTasksTotalTime                  
2000212c  Heater_Status                      
20002130  xBtnSemaphore                      
20002134  xDataMutex                         
20002138  xGPTM_Mutex                        
2000213c  xSystemFailureSemaphore            
20002140  xTask1Handle                       
20002144  xTask2Handle                       
20002148  xTask3Handle                       
2000214c  xTask4Handle                       
20002150  xTask5Handle                       
20002154  xTask6Handle                       
20002158  __stack                            
20002358  __STACK_END                        
20002358  __STACK_TOP                        
20002358  pxCurrentTCB                       
20002388  Temperature                        
2000238c  Last_Failure_Timestamp             
20002390  Last_HeatLvl_Timestamp             
20002394  Desired_Heater_Lvl                 
ffffffff  __TI_pprof_out_hndl                
ffffffff  __TI_prof_data_size                
ffffffff  __TI_prof_data_start               
ffffffff  __binit__                          
ffffffff  __c_args__                         
ffffffff  binit                              
UNDEFED   __mpu_init                         
UNDEFED   _system_post_cinit                 

[196 symbols]
