******************************************************************************
                  TI ARM Linker PC v20.2.7                     
******************************************************************************
>> Linked Mon Apr 14 22:37:24 2025

OUTPUT FILE NAME:   <Lab4.out>
ENTRY POINT SYMBOL: "_c_int00_noargs"  address: 00004d59


MEMORY CONFIGURATION

         name            origin    length      used     unused   attr    fill
----------------------  --------  ---------  --------  --------  ----  --------
  FLASH                 00000000   00040000  00004e3a  0003b1c6  R  X
  SRAM                  20000000   00008000  000023ac  00005c54  RW X


SEGMENT ALLOCATION MAP

run origin  load origin   length   init length attrs members
----------  ----------- ---------- ----------- ----- -------
00000000    00000000    00004e40   00004e40    r-x
  00000000    00000000    0000026c   0000026c    r-- .intvecs
  0000026c    0000026c    00004b82   00004b82    r-x .text
  00004df0    00004df0    0000000c   0000000c    r-- .const
  00004e00    00004e00    00000040   00000040    r-- .cinit
20000000    20000000    000023b0   00000000    rw-
  20000000    20000000    0000214c   00000000    rw- .bss
  20002150    20002150    00000200   00000000    rw- .stack
  20002350    20002350    00000060   00000000    rw- .data


SECTION ALLOCATION MAP

 output                                  attributes/
section   page    origin      length       input sections
--------  ----  ----------  ----------   ----------------
.intvecs   0    00000000    0000026c     
                  00000000    0000026c     tm4c123gh6pm_startup_ccs.obj (.intvecs)

.text      0    0000026c    00004b82     
                  0000026c    00001cf0     tasks.obj (.text)
                  00001f5c    0000100e     queue.obj (.text)
                  00002f6a    00000002     rtsv7M4_T_le_v4SPD16_eabi.lib : div0.asm.obj (.text)
                  00002f6c    0000070c     timers.obj (.text)
                  00003678    000006d8     main.obj (.text)
                  00003d50    000002b4     port.obj (.text)
                  00004004    000001ec     gpio.obj (.text)
                  000041f0    000001c8     uart0.obj (.text)
                  000043b8    00000136     rtsv7M4_T_le_v4SPD16_eabi.lib : fd_div_t2.asm.obj (.text)
                  000044ee    0000012a     list.obj (.text)
                  00004618    00000110     adc.obj (.text)
                  00004728    000000fc     rtsv7M4_T_le_v4SPD16_eabi.lib : fd_mul_t2.asm.obj (.text)
                  00004824    000000da     portasm.obj (.text)
                  000048fe    00000002     --HOLE-- [fill = 0]
                  00004900    000000d0     heap_1.obj (.text)
                  000049d0    0000009c     rtsv7M4_T_le_v4SPD16_eabi.lib : memcpy_t2.asm.obj (.text)
                  00004a6c    00000096                                   : ull_div_t2.asm.obj (.text)
                  00004b02    0000007a                                   : memset_t2.asm.obj (.text)
                  00004b7c    0000006e                                   : fd_tos_t2.asm.obj (.text)
                  00004bea    0000006e                                   : ll_div_t2.asm.obj (.text)
                  00004c58    00000068                                   : copy_decompress_lzss.c.obj (.text:decompress:lzss:__TI_decompress_lzss)
                  00004cc0    00000054     GPTM.obj (.text)
                  00004d14    00000044     rtsv7M4_T_le_v4SPD16_eabi.lib : autoinit.c.obj (.text:__TI_auto_init_nobinit_nopinit:__TI_auto_init_nobinit_nopinit)
                  00004d58    00000034                                   : boot_cortex_m.c.obj (.text:_c_int00_noargs:_c_int00_noargs)
                  00004d8c    00000020                                   : u_tofd_t2.asm.obj (.text)
                  00004dac    00000014                                   : strcpy.c.obj (.text:strcpy)
                  00004dc0    0000000e                                   : copy_decompress_none.c.obj (.text:decompress:none:__TI_decompress_none)
                  00004dce    0000000c                                   : copy_zero_init.c.obj (.text:decompress:ZI:__TI_zero_init)
                  00004dda    0000000c     tm4c123gh6pm_startup_ccs.obj (.text)
                  00004de6    00000004     rtsv7M4_T_le_v4SPD16_eabi.lib : pre_init.c.obj (.text:_system_pre_init)
                  00004dea    00000004                                   : exit.c.obj (.text:abort:abort)

.const     0    00004df0    0000000c     
                  00004df0    00000008     port.obj (.const)
                  00004df8    00000004     tasks.obj (.const)

.cinit     0    00004e00    00000040     
                  00004e00    0000001b     (.cinit..data.load) [load image, compression = lzss]
                  00004e1b    00000001     --HOLE-- [fill = 0]
                  00004e1c    0000000c     (__TI_handler_table)
                  00004e28    00000008     (.cinit..bss.load) [load image, compression = zero_init]
                  00004e30    00000010     (__TI_cinit_table)

.init_array 
*          0    00000000    00000000     UNINITIALIZED

.bss       0    20000000    0000214c     UNINITIALIZED
                  20000000    00002000     heap_1.obj (.bss:ucHeap)
                  20002000    00000064     tasks.obj (.bss:pxReadyTasksLists)
                  20002064    00000018     (.common:ullTasksInTime)
                  2000207c    00000018     (.common:ullTasksOutTime)
                  20002094    00000018     (.common:ullTasksTotalTime)
                  200020ac    00000014     timers.obj (.bss:xActiveTimerList1)
                  200020c0    00000014     timers.obj (.bss:xActiveTimerList2)
                  200020d4    00000014     tasks.obj (.bss:xDelayedTaskList1)
                  200020e8    00000014     tasks.obj (.bss:xDelayedTaskList2)
                  200020fc    00000014     tasks.obj (.bss:xPendingReadyList)
                  20002110    00000008     tasks.obj (.bss)
                  20002118    00000008     timers.obj (.bss)
                  20002120    00000004     (.common:Heater_Status)
                  20002124    00000004     (.common:xBtnSemaphore)
                  20002128    00000004     (.common:xDataMutex)
                  2000212c    00000004     (.common:xGPTM_Mutex)
                  20002130    00000004     (.common:xSystemFailureSemaphore)
                  20002134    00000004     (.common:xTask1Handle)
                  20002138    00000004     (.common:xTask2Handle)
                  2000213c    00000004     (.common:xTask3Handle)
                  20002140    00000004     (.common:xTask4Handle)
                  20002144    00000004     (.common:xTask5Handle)
                  20002148    00000004     (.common:xTask6Handle)

.data      0    20002350    00000060     UNINITIALIZED
                  20002350    00000030     tasks.obj (.data)
                  20002380    0000000d     main.obj (.data)
                  2000238d    00000003     --HOLE--
                  20002390    0000000c     port.obj (.data)
                  2000239c    0000000c     timers.obj (.data)
                  200023a8    00000008     heap_1.obj (.data)

.stack     0    20002150    00000200     UNINITIALIZED
                  20002150    00000004     rtsv7M4_T_le_v4SPD16_eabi.lib : boot_cortex_m.c.obj (.stack)
                  20002154    000001fc     --HOLE--

__llvm_prf_cnts 
*          0    20000000    00000000     UNINITIALIZED

MODULE SUMMARY

       Module                         code    ro data   rw data
       ------                         ----    -------   -------
    .\
       main.obj                       1752    0         129    
       tm4c123gh6pm_startup_ccs.obj   12      620       0      
    +--+------------------------------+-------+---------+---------+
       Total:                         1764    620       129    
                                                               
    .\FreeRTOS\Source\
       tasks.obj                      7408    4         216    
       queue.obj                      4110    0         0      
       timers.obj                     1804    0         60     
       list.obj                       298     0         0      
    +--+------------------------------+-------+---------+---------+
       Total:                         13620   4         276    
                                                               
    .\FreeRTOS\Source\portable\CCS\ARM_CM4F\
       port.obj                       692     8         12     
       portasm.obj                    218     0         0      
    +--+------------------------------+-------+---------+---------+
       Total:                         910     8         12     
                                                               
    .\FreeRTOS\Source\portable\MemMang\
       heap_1.obj                     208     0         8200   
    +--+------------------------------+-------+---------+---------+
       Total:                         208     0         8200   
                                                               
    .\MCAL\ADC\
       adc.obj                        272     0         0      
    +--+------------------------------+-------+---------+---------+
       Total:                         272     0         0      
                                                               
    .\MCAL\GPIO\
       gpio.obj                       492     0         0      
    +--+------------------------------+-------+---------+---------+
       Total:                         492     0         0      
                                                               
    .\MCAL\GPTM\
       GPTM.obj                       84      0         0      
    +--+------------------------------+-------+---------+---------+
       Total:                         84      0         0      
                                                               
    .\MCAL\UART\
       uart0.obj                      456     0         0      
    +--+------------------------------+-------+---------+---------+
       Total:                         456     0         0      
                                                               
    D:\Program Files\ccs\tools\compiler\ti-cgt-arm_20.2.7.LTS\lib\rtsv7M4_T_le_v4SPD16_eabi.lib
       fd_div_t2.asm.obj              310     0         0      
       fd_mul_t2.asm.obj              252     0         0      
       memcpy_t2.asm.obj              156     0         0      
       ull_div_t2.asm.obj             150     0         0      
       memset_t2.asm.obj              122     0         0      
       fd_tos_t2.asm.obj              110     0         0      
       ll_div_t2.asm.obj              110     0         0      
       copy_decompress_lzss.c.obj     104     0         0      
       autoinit.c.obj                 68      0         0      
       boot_cortex_m.c.obj            52      0         0      
       u_tofd_t2.asm.obj              32      0         0      
       strcpy.c.obj                   20      0         0      
       copy_decompress_none.c.obj     14      0         0      
       copy_zero_init.c.obj           12      0         0      
       exit.c.obj                     4       0         0      
       pre_init.c.obj                 4       0         0      
       div0.asm.obj                   2       0         0      
    +--+------------------------------+-------+---------+---------+
       Total:                         1522    0         0      
                                                               
       Stack:                         0       0         512    
       Linker Generated:              0       63        0      
    +--+------------------------------+-------+---------+---------+
       Grand Total:                   19328   695       9129   


LINKER GENERATED COPY TABLES

__TI_cinit_table @ 00004e30 records: 2, size/record: 8, table size: 16
	.data: load addr=00004e00, load size=0000001b bytes, run addr=20002350, run size=00000060 bytes, compression=lzss
	.bss: load addr=00004e28, load size=00000008 bytes, run addr=20000000, run size=0000214c bytes, compression=zero_init


LINKER GENERATED HANDLER TABLE

__TI_handler_table @ 00004e1c records: 3, size/record: 4, table size: 12
	index: 0, handler: __TI_decompress_lzss
	index: 1, handler: __TI_decompress_none
	index: 2, handler: __TI_zero_init


GLOBAL SYMBOLS: SORTED ALPHABETICALLY BY Name 

address   name                               
-------   ----                               
00004619  ADC_init                           
00004691  ADC_readValue                      
00004deb  C$$EXIT                            
2000238c  Desired_Heater_Lvl                 
00003c61  GPIOPortF_Handler                  
000040a9  GPIO_BlueLedOff                    
00004085  GPIO_BlueLedOn                     
000040dd  GPIO_BlueLedToggle                 
00004005  GPIO_BuiltinButtonsLedsInit        
000040b5  GPIO_GreenLedOff                   
00004091  GPIO_GreenLedOn                    
000040e9  GPIO_GreenLedToggle                
000040c1  GPIO_LedsOff                       
0000409d  GPIO_RedLedOff                     
00004079  GPIO_RedLedOn                      
000040d1  GPIO_RedLedToggle                  
00004109  GPIO_SW1EdgeTriggeredInterruptInit 
000040f5  GPIO_SW1GetState                   
00004157  GPIO_SW2EdgeTriggeredInterruptInit 
000040ff  GPIO_SW2GetState                   
00004cc1  GPTM_WTimer0Init                   
00004cf1  GPTM_WTimer0Read                   
20002120  Heater_Status                      
20002384  Last_Failure_Timestamp             
20002388  Last_HeatLvl_Timestamp             
00004ddb  ResetISR                           
20002380  Temperature                        
00004247  UART0_Init                         
000042a3  UART0_ReceiveByte                  
00004287  UART0_SendByte                     
000042d9  UART0_SendInteger                  
000042b3  UART0_SendString                   
20002350  __STACK_END                        
00000200  __STACK_SIZE                       
20002350  __STACK_TOP                        
00004e30  __TI_CINIT_Base                    
00004e40  __TI_CINIT_Limit                   
00004e1c  __TI_Handler_Table_Base            
00004e28  __TI_Handler_Table_Limit           
00004d15  __TI_auto_init_nobinit_nopinit     
00004c59  __TI_decompress_lzss               
00004dc1  __TI_decompress_none               
ffffffff  __TI_pprof_out_hndl                
ffffffff  __TI_prof_data_size                
ffffffff  __TI_prof_data_start               
00000000  __TI_static_base__                 
00004dcf  __TI_zero_init                     
00004b7d  __aeabi_d2f                        
000043b9  __aeabi_ddiv                       
00004729  __aeabi_dmul                       
00002f6b  __aeabi_idiv0                      
00002f6b  __aeabi_ldiv0                      
00004beb  __aeabi_ldivmod                    
00004b03  __aeabi_memclr                     
00004b03  __aeabi_memclr4                    
00004b03  __aeabi_memclr8                    
000049d1  __aeabi_memcpy                     
000049d1  __aeabi_memcpy4                    
000049d1  __aeabi_memcpy8                    
00004b05  __aeabi_memset                     
00004b05  __aeabi_memset4                    
00004b05  __aeabi_memset8                    
00004d8d  __aeabi_ui2d                       
00004a6d  __aeabi_uldivmod                   
ffffffff  __binit__                          
ffffffff  __c_args__                         
UNDEFED   __mpu_init                         
20002150  __stack                            
20000000  __start___llvm_prf_cnts            
20000000  __stop___llvm_prf_cnts             
00004d59  _c_int00_noargs                    
UNDEFED   _system_post_cinit                 
00004de7  _system_pre_init                   
00004deb  abort                              
ffffffff  binit                              
00000000  g_pfnVectors                       
00003679  main                               
000049d1  memcpy                             
00004b0b  memset                             
000008a9  pcTaskGetName                      
000031d1  pcTimerGetName                     
00004901  pvPortMalloc                       
00001665  pvTaskIncrementMutexHeldCount      
00003609  pvTimerGetTimerID                  
20002350  pxCurrentTCB                       
00003d51  pxPortInitialiseStack              
00004dad  strcpy                             
00004df0  ulMaxSyscallInterruptPriority      
00004835  ulPortGetIPSR                      
0000167d  ulTaskGenericNotifyTake            
00001e75  ulTaskGenericNotifyValueClear      
20002064  ullTasksInTime                     
2000207c  ullTasksOutTime                    
20002094  ullTasksTotalTime                  
000045d1  uxListRemove                       
00002be5  uxQueueMessagesWaiting             
00002c43  uxQueueMessagesWaitingFromISR      
00002c0f  uxQueueSpacesAvailable             
00000891  uxTaskGetNumberOfTasks             
0000163f  uxTaskResetEventItemValue          
00003197  uxTimerGetReloadMode               
00004df8  uxTopUsedPriority                  
00003795  vControlHeater                     
00003a89  vDiagnostics                       
00003945  vDisplayDataHandler                
000039e9  vHeaterSettingHandler              
000044ef  vListInitialise                    
0000451f  vListInitialiseItem                
0000456b  vListInsert                        
0000452f  vListInsertEnd                     
000048f1  vPortEnableVFP                     
00003e95  vPortEndScheduler                  
00003eb9  vPortEnterCritical                 
00003efb  vPortExitCritical                  
0000498d  vPortFree                          
000049b1  vPortInitialiseBlocks              
000048ad  vPortSVCHandler                    
00003f4d  vPortSetupTimerInterrupt           
000048cd  vPortStartFirstTask                
00003f67  vPortValidateInterruptPriority     
00002c6d  vQueueDelete                       
00002f0f  vQueueWaitForMessageRestricted     
00003891  vReadTemperatureHandler            
00003b7f  vRuntimeMeasurements               
00000599  vTaskDelay                         
00000685  vTaskEndScheduler                  
00001c5d  vTaskGenericNotifyGiveFromISR      
000010fd  vTaskInternalSetTimeOutState       
000011c1  vTaskMissedYield                   
00000cc7  vTaskPlaceOnEventList              
00000da5  vTaskPlaceOnEventListRestricted    
00000d05  vTaskPlaceOnUnorderedEventList     
000014f9  vTaskPriorityDisinheritAfterTimeout
00000f91  vTaskRemoveFromUnorderedEventList  
00000b29  vTaskSetApplicationTaskTag         
000010cb  vTaskSetTimeOutState               
000005eb  vTaskStartScheduler                
000006a1  vTaskSuspendAll                    
00000bfd  vTaskSwitchContext                 
00003111  vTimerSetReloadMode                
00003637  vTimerSetTimerID                   
20002124  xBtnSemaphore                      
20002128  xDataMutex                         
2000212c  xGPTM_Mutex                        
000049b9  xPortGetFreeHeapSize               
0000484d  xPortPendSVHandler                 
00003ddd  xPortStartScheduler                
00003f27  xPortSysTickHandler                
00002143  xQueueCreateMutex                  
0000205d  xQueueGenericCreate                
00001f5d  xQueueGenericReset                 
0000216f  xQueueGenericSend                  
00002329  xQueueGenericSendFromISR           
00002461  xQueueGiveFromISR                  
00002e7b  xQueueIsQueueEmptyFromISR          
00002ed5  xQueueIsQueueFullFromISR           
000028b1  xQueuePeek                         
00002b35  xQueuePeekFromISR                  
00002585  xQueueReceive                      
00002a2f  xQueueReceiveFromISR               
000026fd  xQueueSemaphoreTake                
20002130  xSystemFailureSemaphore            
20002134  xTask1Handle                       
20002138  xTask2Handle                       
2000213c  xTask3Handle                       
20002140  xTask4Handle                       
20002144  xTask5Handle                       
20002148  xTask6Handle                       
00000bb3  xTaskCallApplicationTaskHook       
000008e1  xTaskCatchUpTicks                  
00001125  xTaskCheckForTimeOut               
0000026d  xTaskCreate                        
000004bf  xTaskDelayUntil                    
00001821  xTaskGenericNotify                 
00001a07  xTaskGenericNotifyFromISR          
00001e0d  xTaskGenericNotifyStateClear       
00001739  xTaskGenericNotifyWait             
00000b4f  xTaskGetApplicationTaskTag         
00000b79  xTaskGetApplicationTaskTagFromISR  
00001271  xTaskGetCurrentTaskHandle          
00001281  xTaskGetSchedulerState             
0000086d  xTaskGetTickCount                  
0000087d  xTaskGetTickCountFromISR           
0000094d  xTaskIncrementTick                 
000013d1  xTaskPriorityDisinherit            
000012b1  xTaskPriorityInherit               
00000e25  xTaskRemoveFromEventList           
000006c9  xTaskResumeAll                     
00002fab  xTimerCreate                       
00002f6d  xTimerCreateTimerTask              
00003049  xTimerGenericCommand               
000031a3  xTimerGetExpiryTime                
000030eb  xTimerGetPeriod                    
0000315b  xTimerGetReloadMode                
000030c9  xTimerGetTimerDaemonTaskHandle     
000035c9  xTimerIsTimerActive                


GLOBAL SYMBOLS: SORTED BY Symbol Address 

address   name                               
-------   ----                               
00000000  __TI_static_base__                 
00000000  g_pfnVectors                       
00000200  __STACK_SIZE                       
0000026d  xTaskCreate                        
000004bf  xTaskDelayUntil                    
00000599  vTaskDelay                         
000005eb  vTaskStartScheduler                
00000685  vTaskEndScheduler                  
000006a1  vTaskSuspendAll                    
000006c9  xTaskResumeAll                     
0000086d  xTaskGetTickCount                  
0000087d  xTaskGetTickCountFromISR           
00000891  uxTaskGetNumberOfTasks             
000008a9  pcTaskGetName                      
000008e1  xTaskCatchUpTicks                  
0000094d  xTaskIncrementTick                 
00000b29  vTaskSetApplicationTaskTag         
00000b4f  xTaskGetApplicationTaskTag         
00000b79  xTaskGetApplicationTaskTagFromISR  
00000bb3  xTaskCallApplicationTaskHook       
00000bfd  vTaskSwitchContext                 
00000cc7  vTaskPlaceOnEventList              
00000d05  vTaskPlaceOnUnorderedEventList     
00000da5  vTaskPlaceOnEventListRestricted    
00000e25  xTaskRemoveFromEventList           
00000f91  vTaskRemoveFromUnorderedEventList  
000010cb  vTaskSetTimeOutState               
000010fd  vTaskInternalSetTimeOutState       
00001125  xTaskCheckForTimeOut               
000011c1  vTaskMissedYield                   
00001271  xTaskGetCurrentTaskHandle          
00001281  xTaskGetSchedulerState             
000012b1  xTaskPriorityInherit               
000013d1  xTaskPriorityDisinherit            
000014f9  vTaskPriorityDisinheritAfterTimeout
0000163f  uxTaskResetEventItemValue          
00001665  pvTaskIncrementMutexHeldCount      
0000167d  ulTaskGenericNotifyTake            
00001739  xTaskGenericNotifyWait             
00001821  xTaskGenericNotify                 
00001a07  xTaskGenericNotifyFromISR          
00001c5d  vTaskGenericNotifyGiveFromISR      
00001e0d  xTaskGenericNotifyStateClear       
00001e75  ulTaskGenericNotifyValueClear      
00001f5d  xQueueGenericReset                 
0000205d  xQueueGenericCreate                
00002143  xQueueCreateMutex                  
0000216f  xQueueGenericSend                  
00002329  xQueueGenericSendFromISR           
00002461  xQueueGiveFromISR                  
00002585  xQueueReceive                      
000026fd  xQueueSemaphoreTake                
000028b1  xQueuePeek                         
00002a2f  xQueueReceiveFromISR               
00002b35  xQueuePeekFromISR                  
00002be5  uxQueueMessagesWaiting             
00002c0f  uxQueueSpacesAvailable             
00002c43  uxQueueMessagesWaitingFromISR      
00002c6d  vQueueDelete                       
00002e7b  xQueueIsQueueEmptyFromISR          
00002ed5  xQueueIsQueueFullFromISR           
00002f0f  vQueueWaitForMessageRestricted     
00002f6b  __aeabi_idiv0                      
00002f6b  __aeabi_ldiv0                      
00002f6d  xTimerCreateTimerTask              
00002fab  xTimerCreate                       
00003049  xTimerGenericCommand               
000030c9  xTimerGetTimerDaemonTaskHandle     
000030eb  xTimerGetPeriod                    
00003111  vTimerSetReloadMode                
0000315b  xTimerGetReloadMode                
00003197  uxTimerGetReloadMode               
000031a3  xTimerGetExpiryTime                
000031d1  pcTimerGetName                     
000035c9  xTimerIsTimerActive                
00003609  pvTimerGetTimerID                  
00003637  vTimerSetTimerID                   
00003679  main                               
00003795  vControlHeater                     
00003891  vReadTemperatureHandler            
00003945  vDisplayDataHandler                
000039e9  vHeaterSettingHandler              
00003a89  vDiagnostics                       
00003b7f  vRuntimeMeasurements               
00003c61  GPIOPortF_Handler                  
00003d51  pxPortInitialiseStack              
00003ddd  xPortStartScheduler                
00003e95  vPortEndScheduler                  
00003eb9  vPortEnterCritical                 
00003efb  vPortExitCritical                  
00003f27  xPortSysTickHandler                
00003f4d  vPortSetupTimerInterrupt           
00003f67  vPortValidateInterruptPriority     
00004005  GPIO_BuiltinButtonsLedsInit        
00004079  GPIO_RedLedOn                      
00004085  GPIO_BlueLedOn                     
00004091  GPIO_GreenLedOn                    
0000409d  GPIO_RedLedOff                     
000040a9  GPIO_BlueLedOff                    
000040b5  GPIO_GreenLedOff                   
000040c1  GPIO_LedsOff                       
000040d1  GPIO_RedLedToggle                  
000040dd  GPIO_BlueLedToggle                 
000040e9  GPIO_GreenLedToggle                
000040f5  GPIO_SW1GetState                   
000040ff  GPIO_SW2GetState                   
00004109  GPIO_SW1EdgeTriggeredInterruptInit 
00004157  GPIO_SW2EdgeTriggeredInterruptInit 
00004247  UART0_Init                         
00004287  UART0_SendByte                     
000042a3  UART0_ReceiveByte                  
000042b3  UART0_SendString                   
000042d9  UART0_SendInteger                  
000043b9  __aeabi_ddiv                       
000044ef  vListInitialise                    
0000451f  vListInitialiseItem                
0000452f  vListInsertEnd                     
0000456b  vListInsert                        
000045d1  uxListRemove                       
00004619  ADC_init                           
00004691  ADC_readValue                      
00004729  __aeabi_dmul                       
00004835  ulPortGetIPSR                      
0000484d  xPortPendSVHandler                 
000048ad  vPortSVCHandler                    
000048cd  vPortStartFirstTask                
000048f1  vPortEnableVFP                     
00004901  pvPortMalloc                       
0000498d  vPortFree                          
000049b1  vPortInitialiseBlocks              
000049b9  xPortGetFreeHeapSize               
000049d1  __aeabi_memcpy                     
000049d1  __aeabi_memcpy4                    
000049d1  __aeabi_memcpy8                    
000049d1  memcpy                             
00004a6d  __aeabi_uldivmod                   
00004b03  __aeabi_memclr                     
00004b03  __aeabi_memclr4                    
00004b03  __aeabi_memclr8                    
00004b05  __aeabi_memset                     
00004b05  __aeabi_memset4                    
00004b05  __aeabi_memset8                    
00004b0b  memset                             
00004b7d  __aeabi_d2f                        
00004beb  __aeabi_ldivmod                    
00004c59  __TI_decompress_lzss               
00004cc1  GPTM_WTimer0Init                   
00004cf1  GPTM_WTimer0Read                   
00004d15  __TI_auto_init_nobinit_nopinit     
00004d59  _c_int00_noargs                    
00004d8d  __aeabi_ui2d                       
00004dad  strcpy                             
00004dc1  __TI_decompress_none               
00004dcf  __TI_zero_init                     
00004ddb  ResetISR                           
00004de7  _system_pre_init                   
00004deb  C$$EXIT                            
00004deb  abort                              
00004df0  ulMaxSyscallInterruptPriority      
00004df8  uxTopUsedPriority                  
00004e1c  __TI_Handler_Table_Base            
00004e28  __TI_Handler_Table_Limit           
00004e30  __TI_CINIT_Base                    
00004e40  __TI_CINIT_Limit                   
20000000  __start___llvm_prf_cnts            
20000000  __stop___llvm_prf_cnts             
20002064  ullTasksInTime                     
2000207c  ullTasksOutTime                    
20002094  ullTasksTotalTime                  
20002120  Heater_Status                      
20002124  xBtnSemaphore                      
20002128  xDataMutex                         
2000212c  xGPTM_Mutex                        
20002130  xSystemFailureSemaphore            
20002134  xTask1Handle                       
20002138  xTask2Handle                       
2000213c  xTask3Handle                       
20002140  xTask4Handle                       
20002144  xTask5Handle                       
20002148  xTask6Handle                       
20002150  __stack                            
20002350  __STACK_END                        
20002350  __STACK_TOP                        
20002350  pxCurrentTCB                       
20002380  Temperature                        
20002384  Last_Failure_Timestamp             
20002388  Last_HeatLvl_Timestamp             
2000238c  Desired_Heater_Lvl                 
ffffffff  __TI_pprof_out_hndl                
ffffffff  __TI_prof_data_size                
ffffffff  __TI_prof_data_start               
ffffffff  __binit__                          
ffffffff  __c_args__                         
ffffffff  binit                              
UNDEFED   __mpu_init                         
UNDEFED   _system_post_cinit                 

[196 symbols]
