******************************************************************************
                  TI ARM Linker PC v20.2.7                     
******************************************************************************
>> Linked Tue Apr 15 08:31:06 2025

OUTPUT FILE NAME:   <Lab4.out>
ENTRY POINT SYMBOL: "_c_int00_noargs"  address: 000050f9


MEMORY CONFIGURATION

         name            origin    length      used     unused   attr    fill
----------------------  --------  ---------  --------  --------  ----  --------
  FLASH                 00000000   00040000  000051fa  0003ae06  R  X
  SRAM                  20000000   00008000  00006408  00001bf8  RW X


SEGMENT ALLOCATION MAP

run origin  load origin   length   init length attrs members
----------  ----------- ---------- ----------- ----- -------
00000000    00000000    00005200   00005200    r-x
  00000000    00000000    0000026c   0000026c    r-- .intvecs
  0000026c    0000026c    00004f22   00004f22    r-x .text
  00005190    00005190    0000000c   0000000c    r-- .const
  000051a0    000051a0    00000060   00000060    r-- .cinit
20000000    20000000    00006408   00000000    rw-
  20000000    20000000    00006130   00000000    rw- .bss
  20006130    20006130    00000200   00000000    rw- .stack
  20006330    20006330    000000d8   00000000    rw- .data


SECTION ALLOCATION MAP

 output                                  attributes/
section   page    origin      length       input sections
--------  ----  ----------  ----------   ----------------
.intvecs   0    00000000    0000026c     
                  00000000    0000026c     tm4c123gh6pm_startup_ccs.obj (.intvecs)

.text      0    0000026c    00004f22     
                  0000026c    00001cf0     tasks.obj (.text)
                  00001f5c    0000100e     queue.obj (.text)
                  00002f6a    00000002     rtsv7M4_T_le_v4SPD16_eabi.lib : div0.asm.obj (.text)
                  00002f6c    00000958     main.obj (.text)
                  000038c4    0000070c     timers.obj (.text)
                  00003fd0    000002c4     gpio.obj (.text)
                  00004294    000002b4     port.obj (.text)
                  00004548    000001c8     uart0.obj (.text)
                  00004710    00000138     adc.obj (.text)
                  00004848    00000136     rtsv7M4_T_le_v4SPD16_eabi.lib : fd_div_t2.asm.obj (.text)
                  0000497e    0000012a     list.obj (.text)
                  00004aa8    000000fc     rtsv7M4_T_le_v4SPD16_eabi.lib : fd_mul_t2.asm.obj (.text)
                  00004ba4    000000da     portasm.obj (.text)
                  00004c7e    00000002     --HOLE-- [fill = 0]
                  00004c80    000000d0     heap_1.obj (.text)
                  00004d50    0000009c     rtsv7M4_T_le_v4SPD16_eabi.lib : memcpy_t2.asm.obj (.text)
                  00004dec    00000096                                   : ull_div_t2.asm.obj (.text)
                  00004e82    0000007a                                   : memset_t2.asm.obj (.text)
                  00004efc    00000074     GPTM.obj (.text)
                  00004f70    0000006e     rtsv7M4_T_le_v4SPD16_eabi.lib : fd_tos_t2.asm.obj (.text)
                  00004fde    0000006e                                   : ll_div_t2.asm.obj (.text)
                  0000504c    00000068                                   : copy_decompress_lzss.c.obj (.text:decompress:lzss:__TI_decompress_lzss)
                  000050b4    00000044                                   : autoinit.c.obj (.text:__TI_auto_init_nobinit_nopinit:__TI_auto_init_nobinit_nopinit)
                  000050f8    00000034                                   : boot_cortex_m.c.obj (.text:_c_int00_noargs:_c_int00_noargs)
                  0000512c    00000020                                   : u_tofd_t2.asm.obj (.text)
                  0000514c    00000014                                   : strcpy.c.obj (.text:strcpy)
                  00005160    0000000e                                   : copy_decompress_none.c.obj (.text:decompress:none:__TI_decompress_none)
                  0000516e    0000000c                                   : copy_zero_init.c.obj (.text:decompress:ZI:__TI_zero_init)
                  0000517a    0000000c     tm4c123gh6pm_startup_ccs.obj (.text)
                  00005186    00000004     rtsv7M4_T_le_v4SPD16_eabi.lib : pre_init.c.obj (.text:_system_pre_init)
                  0000518a    00000004                                   : exit.c.obj (.text:abort:abort)

.const     0    00005190    0000000c     
                  00005190    00000008     port.obj (.const)
                  00005198    00000004     tasks.obj (.const)

.cinit     0    000051a0    00000060     
                  000051a0    00000035     (.cinit..data.load) [load image, compression = lzss]
                  000051d5    00000003     --HOLE-- [fill = 0]
                  000051d8    0000000c     (__TI_handler_table)
                  000051e4    00000004     --HOLE-- [fill = 0]
                  000051e8    00000008     (.cinit..bss.load) [load image, compression = zero_init]
                  000051f0    00000010     (__TI_cinit_table)

.init_array 
*          0    00000000    00000000     UNINITIALIZED

.bss       0    20000000    00006130     UNINITIALIZED
                  20000000    00006000     heap_1.obj (.bss:ucHeap)
                  20006000    00000064     tasks.obj (.bss:pxReadyTasksLists)
                  20006064    00000014     timers.obj (.bss:xActiveTimerList1)
                  20006078    00000014     timers.obj (.bss:xActiveTimerList2)
                  2000608c    00000014     tasks.obj (.bss:xDelayedTaskList1)
                  200060a0    00000014     tasks.obj (.bss:xDelayedTaskList2)
                  200060b4    00000014     tasks.obj (.bss:xPendingReadyList)
                  200060c8    00000008     tasks.obj (.bss)
                  200060d0    00000008     timers.obj (.bss)
                  200060d8    00000008     (.common:xBtnSemaphore)
                  200060e0    00000008     (.common:xDesiredHeaterLvlMutex)
                  200060e8    00000008     (.common:xHeaterStatusMutex)
                  200060f0    00000008     (.common:xLastFailureMutex)
                  200060f8    00000008     (.common:xSystemFailureSemaphore)
                  20006100    00000008     (.common:xTempMutex)
                  20006108    00000004     (.common:xGPTM_Mutex)
                  2000610c    00000004     (.common:xTask1Handle)
                  20006110    00000004     (.common:xTask2Handle)
                  20006114    00000004     (.common:xTask3Handle)
                  20006118    00000004     (.common:xTask4Handle)
                  2000611c    00000004     (.common:xTask5Handle)
                  20006120    00000004     (.common:xTask6Handle)
                  20006124    00000004     (.common:xTask7Handle)
                  20006128    00000004     (.common:xTask8Handle)
                  2000612c    00000004     (.common:xUART_Mutex)

.data      0    20006330    000000d8     UNINITIALIZED
                  20006330    00000030     tasks.obj (.data)
                  20006360    0000001c     main.obj (.data:ullTasksInTime)
                  2000637c    0000001c     main.obj (.data:ullTasksOutTime)
                  20006398    0000001c     main.obj (.data:ullTasksTotalTime)
                  200063b4    0000000c     port.obj (.data)
                  200063c0    0000000c     timers.obj (.data)
                  200063cc    00000008     main.obj (.data:Heater_Status)
                  200063d4    00000008     main.obj (.data:Last_Failure_Timestamp)
                  200063dc    00000008     main.obj (.data:Last_HeatLvl_Timestamp)
                  200063e4    00000008     main.obj (.data:arr_BlueLedOn)
                  200063ec    00000008     main.obj (.data:arr_GreenLedOn)
                  200063f4    00000008     main.obj (.data:arr_LedsOff)
                  200063fc    00000008     heap_1.obj (.data)
                  20006404    00000002     main.obj (.data:Desired_Heater_Lvl)
                  20006406    00000002     main.obj (.data:Temperature)

.stack     0    20006130    00000200     UNINITIALIZED
                  20006130    00000004     rtsv7M4_T_le_v4SPD16_eabi.lib : boot_cortex_m.c.obj (.stack)
                  20006134    000001fc     --HOLE--

__llvm_prf_cnts 
*          0    20000000    00000000     UNINITIALIZED

MODULE SUMMARY

       Module                         code    ro data   rw data
       ------                         ----    -------   -------
    .\
       main.obj                       2392    0         224    
       tm4c123gh6pm_startup_ccs.obj   12      620       0      
    +--+------------------------------+-------+---------+---------+
       Total:                         2404    620       224    
                                                               
    .\FreeRTOS\Source\
       tasks.obj                      7408    4         216    
       queue.obj                      4110    0         0      
       timers.obj                     1804    0         60     
       list.obj                       298     0         0      
    +--+------------------------------+-------+---------+---------+
       Total:                         13620   4         276    
                                                               
    .\FreeRTOS\Source\portable\CCS\ARM_CM4F\
       port.obj                       692     8         12     
       portasm.obj                    218     0         0      
    +--+------------------------------+-------+---------+---------+
       Total:                         910     8         12     
                                                               
    .\FreeRTOS\Source\portable\MemMang\
       heap_1.obj                     208     0         24584  
    +--+------------------------------+-------+---------+---------+
       Total:                         208     0         24584  
                                                               
    .\MCAL\ADC\
       adc.obj                        312     0         0      
    +--+------------------------------+-------+---------+---------+
       Total:                         312     0         0      
                                                               
    .\MCAL\GPIO\
       gpio.obj                       708     0         0      
    +--+------------------------------+-------+---------+---------+
       Total:                         708     0         0      
                                                               
    .\MCAL\GPTM\
       GPTM.obj                       116     0         0      
    +--+------------------------------+-------+---------+---------+
       Total:                         116     0         0      
                                                               
    .\MCAL\UART\
       uart0.obj                      456     0         0      
    +--+------------------------------+-------+---------+---------+
       Total:                         456     0         0      
                                                               
    D:\Program Files\ccs\tools\compiler\ti-cgt-arm_20.2.7.LTS\lib\rtsv7M4_T_le_v4SPD16_eabi.lib
       fd_div_t2.asm.obj              310     0         0      
       fd_mul_t2.asm.obj              252     0         0      
       memcpy_t2.asm.obj              156     0         0      
       ull_div_t2.asm.obj             150     0         0      
       memset_t2.asm.obj              122     0         0      
       fd_tos_t2.asm.obj              110     0         0      
       ll_div_t2.asm.obj              110     0         0      
       copy_decompress_lzss.c.obj     104     0         0      
       autoinit.c.obj                 68      0         0      
       boot_cortex_m.c.obj            52      0         0      
       u_tofd_t2.asm.obj              32      0         0      
       strcpy.c.obj                   20      0         0      
       copy_decompress_none.c.obj     14      0         0      
       copy_zero_init.c.obj           12      0         0      
       exit.c.obj                     4       0         0      
       pre_init.c.obj                 4       0         0      
       div0.asm.obj                   2       0         0      
    +--+------------------------------+-------+---------+---------+
       Total:                         1522    0         0      
                                                               
       Stack:                         0       0         512    
       Linker Generated:              0       89        0      
    +--+------------------------------+-------+---------+---------+
       Grand Total:                   20256   721       25608  


LINKER GENERATED COPY TABLES

__TI_cinit_table @ 000051f0 records: 2, size/record: 8, table size: 16
	.data: load addr=000051a0, load size=00000035 bytes, run addr=20006330, run size=000000d8 bytes, compression=lzss
	.bss: load addr=000051e8, load size=00000008 bytes, run addr=20000000, run size=00006130 bytes, compression=zero_init


LINKER GENERATED HANDLER TABLE

__TI_handler_table @ 000051d8 records: 3, size/record: 4, table size: 12
	index: 0, handler: __TI_decompress_lzss
	index: 1, handler: __TI_decompress_none
	index: 2, handler: __TI_zero_init


GLOBAL SYMBOLS: SORTED ALPHABETICALLY BY Name 

address   name                               
-------   ----                               
00004711  ADC_init                           
00004789  ADC_readValue                      
0000518b  C$$EXIT                            
20006404  Desired_Heater_Lvl                 
00003761  GPIOPortF_Handler                  
00004111  GPIO_Blue2LedOff                   
000040c9  GPIO_Blue2LedOn                    
00004105  GPIO_BlueLedOff                    
000040bd  GPIO_BlueLedOn                     
00004161  GPIO_BlueLedToggle                 
00003fd1  GPIO_BuiltinButtonsLedsInit        
00004129  GPIO_Green2LedOff                  
000040e1  GPIO_Green2LedOn                   
0000411d  GPIO_GreenLedOff                   
000040d5  GPIO_GreenLedOn                    
0000416d  GPIO_GreenLedToggle                
00004145  GPIO_Leds2Off                      
00004135  GPIO_LedsOff                       
000040f9  GPIO_Red2LedOff                    
000040b1  GPIO_Red2LedOn                     
000040ed  GPIO_RedLedOff                     
000040a5  GPIO_RedLedOn                      
00004155  GPIO_RedLedToggle                  
0000418d  GPIO_SW1EdgeTriggeredInterruptInit 
00004179  GPIO_SW1GetState                   
000041db  GPIO_SW2EdgeTriggeredInterruptInit 
00004183  GPIO_SW2GetState                   
00004efd  GPTM_WTimer0Init                   
00004f2d  GPTM_WTimer0Read                   
00004f37  GPTM_WTimer0Reset                  
200063cc  Heater_Status                      
200063d4  Last_Failure_Timestamp             
200063dc  Last_HeatLvl_Timestamp             
00004045  PassengerSeatLEDs_Init             
0000517b  ResetISR                           
20006406  Temperature                        
0000459f  UART0_Init                         
000045fb  UART0_ReceiveByte                  
000045df  UART0_SendByte                     
00004631  UART0_SendInteger                  
0000460b  UART0_SendString                   
20006330  __STACK_END                        
00000200  __STACK_SIZE                       
20006330  __STACK_TOP                        
000051f0  __TI_CINIT_Base                    
00005200  __TI_CINIT_Limit                   
000051d8  __TI_Handler_Table_Base            
000051e4  __TI_Handler_Table_Limit           
000050b5  __TI_auto_init_nobinit_nopinit     
0000504d  __TI_decompress_lzss               
00005161  __TI_decompress_none               
ffffffff  __TI_pprof_out_hndl                
ffffffff  __TI_prof_data_size                
ffffffff  __TI_prof_data_start               
00000000  __TI_static_base__                 
0000516f  __TI_zero_init                     
00004f71  __aeabi_d2f                        
00004849  __aeabi_ddiv                       
00004aa9  __aeabi_dmul                       
00002f6b  __aeabi_idiv0                      
00002f6b  __aeabi_ldiv0                      
00004fdf  __aeabi_ldivmod                    
00004e83  __aeabi_memclr                     
00004e83  __aeabi_memclr4                    
00004e83  __aeabi_memclr8                    
00004d51  __aeabi_memcpy                     
00004d51  __aeabi_memcpy4                    
00004d51  __aeabi_memcpy8                    
00004e85  __aeabi_memset                     
00004e85  __aeabi_memset4                    
00004e85  __aeabi_memset8                    
0000512d  __aeabi_ui2d                       
00004ded  __aeabi_uldivmod                   
ffffffff  __binit__                          
ffffffff  __c_args__                         
UNDEFED   __mpu_init                         
20006130  __stack                            
20000000  __start___llvm_prf_cnts            
20000000  __stop___llvm_prf_cnts             
000050f9  _c_int00_noargs                    
UNDEFED   _system_post_cinit                 
00005187  _system_pre_init                   
0000518b  abort                              
200063e4  arr_BlueLedOn                      
200063ec  arr_GreenLedOn                     
200063f4  arr_LedsOff                        
ffffffff  binit                              
00000000  g_pfnVectors                       
00002f6d  main                               
00004d51  memcpy                             
00004e8b  memset                             
000008a9  pcTaskGetName                      
00003b29  pcTimerGetName                     
00004c81  pvPortMalloc                       
00001665  pvTaskIncrementMutexHeldCount      
00003f61  pvTimerGetTimerID                  
20006330  pxCurrentTCB                       
00004295  pxPortInitialiseStack              
0000514d  strcpy                             
00005190  ulMaxSyscallInterruptPriority      
00004bb5  ulPortGetIPSR                      
0000167d  ulTaskGenericNotifyTake            
00001e75  ulTaskGenericNotifyValueClear      
20006360  ullTasksInTime                     
2000637c  ullTasksOutTime                    
20006398  ullTasksTotalTime                  
00004a61  uxListRemove                       
00002be5  uxQueueMessagesWaiting             
00002c43  uxQueueMessagesWaitingFromISR      
00002c0f  uxQueueSpacesAvailable             
00000891  uxTaskGetNumberOfTasks             
0000163f  uxTaskResetEventItemValue          
00003aef  uxTimerGetReloadMode               
00005198  uxTopUsedPriority                  
00003135  vControlHeater                     
00003575  vDiagnostics                       
000033a9  vDisplayDataHandler                
0000343d  vHeaterSettingHandler              
0000497f  vListInitialise                    
000049af  vListInitialiseItem                
000049fb  vListInsert                        
000049bf  vListInsertEnd                     
00004c71  vPortEnableVFP                     
000043d9  vPortEndScheduler                  
000043fd  vPortEnterCritical                 
0000443f  vPortExitCritical                  
00004d0d  vPortFree                          
00004d31  vPortInitialiseBlocks              
00004c2d  vPortSVCHandler                    
00004491  vPortSetupTimerInterrupt           
00004c4d  vPortStartFirstTask                
000044ab  vPortValidateInterruptPriority     
00002c6d  vQueueDelete                       
00002f0f  vQueueWaitForMessageRestricted     
00003301  vReadTemperatureHandler            
00003661  vRuntimeMeasurements               
00000599  vTaskDelay                         
00000685  vTaskEndScheduler                  
00001c5d  vTaskGenericNotifyGiveFromISR      
000010fd  vTaskInternalSetTimeOutState       
000011c1  vTaskMissedYield                   
00000cc7  vTaskPlaceOnEventList              
00000da5  vTaskPlaceOnEventListRestricted    
00000d05  vTaskPlaceOnUnorderedEventList     
000014f9  vTaskPriorityDisinheritAfterTimeout
00000f91  vTaskRemoveFromUnorderedEventList  
00000b29  vTaskSetApplicationTaskTag         
000010cb  vTaskSetTimeOutState               
000005eb  vTaskStartScheduler                
000006a1  vTaskSuspendAll                    
00000bfd  vTaskSwitchContext                 
00003a69  vTimerSetReloadMode                
00003f8f  vTimerSetTimerID                   
200060d8  xBtnSemaphore                      
200060e0  xDesiredHeaterLvlMutex             
20006108  xGPTM_Mutex                        
200060e8  xHeaterStatusMutex                 
200060f0  xLastFailureMutex                  
00004d39  xPortGetFreeHeapSize               
00004bcd  xPortPendSVHandler                 
00004321  xPortStartScheduler                
0000446b  xPortSysTickHandler                
00002143  xQueueCreateMutex                  
0000205d  xQueueGenericCreate                
00001f5d  xQueueGenericReset                 
0000216f  xQueueGenericSend                  
00002329  xQueueGenericSendFromISR           
00002461  xQueueGiveFromISR                  
00002e7b  xQueueIsQueueEmptyFromISR          
00002ed5  xQueueIsQueueFullFromISR           
000028b1  xQueuePeek                         
00002b35  xQueuePeekFromISR                  
00002585  xQueueReceive                      
00002a2f  xQueueReceiveFromISR               
000026fd  xQueueSemaphoreTake                
200060f8  xSystemFailureSemaphore            
2000610c  xTask1Handle                       
20006110  xTask2Handle                       
20006114  xTask3Handle                       
20006118  xTask4Handle                       
2000611c  xTask5Handle                       
20006120  xTask6Handle                       
20006124  xTask7Handle                       
20006128  xTask8Handle                       
00000bb3  xTaskCallApplicationTaskHook       
000008e1  xTaskCatchUpTicks                  
00001125  xTaskCheckForTimeOut               
0000026d  xTaskCreate                        
000004bf  xTaskDelayUntil                    
00001821  xTaskGenericNotify                 
00001a07  xTaskGenericNotifyFromISR          
00001e0d  xTaskGenericNotifyStateClear       
00001739  xTaskGenericNotifyWait             
00000b4f  xTaskGetApplicationTaskTag         
00000b79  xTaskGetApplicationTaskTagFromISR  
00001271  xTaskGetCurrentTaskHandle          
00001281  xTaskGetSchedulerState             
0000086d  xTaskGetTickCount                  
0000087d  xTaskGetTickCountFromISR           
0000094d  xTaskIncrementTick                 
000013d1  xTaskPriorityDisinherit            
000012b1  xTaskPriorityInherit               
00000e25  xTaskRemoveFromEventList           
000006c9  xTaskResumeAll                     
20006100  xTempMutex                         
00003903  xTimerCreate                       
000038c5  xTimerCreateTimerTask              
000039a1  xTimerGenericCommand               
00003afb  xTimerGetExpiryTime                
00003a43  xTimerGetPeriod                    
00003ab3  xTimerGetReloadMode                
00003a21  xTimerGetTimerDaemonTaskHandle     
00003f21  xTimerIsTimerActive                
2000612c  xUART_Mutex                        


GLOBAL SYMBOLS: SORTED BY Symbol Address 

address   name                               
-------   ----                               
00000000  __TI_static_base__                 
00000000  g_pfnVectors                       
00000200  __STACK_SIZE                       
0000026d  xTaskCreate                        
000004bf  xTaskDelayUntil                    
00000599  vTaskDelay                         
000005eb  vTaskStartScheduler                
00000685  vTaskEndScheduler                  
000006a1  vTaskSuspendAll                    
000006c9  xTaskResumeAll                     
0000086d  xTaskGetTickCount                  
0000087d  xTaskGetTickCountFromISR           
00000891  uxTaskGetNumberOfTasks             
000008a9  pcTaskGetName                      
000008e1  xTaskCatchUpTicks                  
0000094d  xTaskIncrementTick                 
00000b29  vTaskSetApplicationTaskTag         
00000b4f  xTaskGetApplicationTaskTag         
00000b79  xTaskGetApplicationTaskTagFromISR  
00000bb3  xTaskCallApplicationTaskHook       
00000bfd  vTaskSwitchContext                 
00000cc7  vTaskPlaceOnEventList              
00000d05  vTaskPlaceOnUnorderedEventList     
00000da5  vTaskPlaceOnEventListRestricted    
00000e25  xTaskRemoveFromEventList           
00000f91  vTaskRemoveFromUnorderedEventList  
000010cb  vTaskSetTimeOutState               
000010fd  vTaskInternalSetTimeOutState       
00001125  xTaskCheckForTimeOut               
000011c1  vTaskMissedYield                   
00001271  xTaskGetCurrentTaskHandle          
00001281  xTaskGetSchedulerState             
000012b1  xTaskPriorityInherit               
000013d1  xTaskPriorityDisinherit            
000014f9  vTaskPriorityDisinheritAfterTimeout
0000163f  uxTaskResetEventItemValue          
00001665  pvTaskIncrementMutexHeldCount      
0000167d  ulTaskGenericNotifyTake            
00001739  xTaskGenericNotifyWait             
00001821  xTaskGenericNotify                 
00001a07  xTaskGenericNotifyFromISR          
00001c5d  vTaskGenericNotifyGiveFromISR      
00001e0d  xTaskGenericNotifyStateClear       
00001e75  ulTaskGenericNotifyValueClear      
00001f5d  xQueueGenericReset                 
0000205d  xQueueGenericCreate                
00002143  xQueueCreateMutex                  
0000216f  xQueueGenericSend                  
00002329  xQueueGenericSendFromISR           
00002461  xQueueGiveFromISR                  
00002585  xQueueReceive                      
000026fd  xQueueSemaphoreTake                
000028b1  xQueuePeek                         
00002a2f  xQueueReceiveFromISR               
00002b35  xQueuePeekFromISR                  
00002be5  uxQueueMessagesWaiting             
00002c0f  uxQueueSpacesAvailable             
00002c43  uxQueueMessagesWaitingFromISR      
00002c6d  vQueueDelete                       
00002e7b  xQueueIsQueueEmptyFromISR          
00002ed5  xQueueIsQueueFullFromISR           
00002f0f  vQueueWaitForMessageRestricted     
00002f6b  __aeabi_idiv0                      
00002f6b  __aeabi_ldiv0                      
00002f6d  main                               
00003135  vControlHeater                     
00003301  vReadTemperatureHandler            
000033a9  vDisplayDataHandler                
0000343d  vHeaterSettingHandler              
00003575  vDiagnostics                       
00003661  vRuntimeMeasurements               
00003761  GPIOPortF_Handler                  
000038c5  xTimerCreateTimerTask              
00003903  xTimerCreate                       
000039a1  xTimerGenericCommand               
00003a21  xTimerGetTimerDaemonTaskHandle     
00003a43  xTimerGetPeriod                    
00003a69  vTimerSetReloadMode                
00003ab3  xTimerGetReloadMode                
00003aef  uxTimerGetReloadMode               
00003afb  xTimerGetExpiryTime                
00003b29  pcTimerGetName                     
00003f21  xTimerIsTimerActive                
00003f61  pvTimerGetTimerID                  
00003f8f  vTimerSetTimerID                   
00003fd1  GPIO_BuiltinButtonsLedsInit        
00004045  PassengerSeatLEDs_Init             
000040a5  GPIO_RedLedOn                      
000040b1  GPIO_Red2LedOn                     
000040bd  GPIO_BlueLedOn                     
000040c9  GPIO_Blue2LedOn                    
000040d5  GPIO_GreenLedOn                    
000040e1  GPIO_Green2LedOn                   
000040ed  GPIO_RedLedOff                     
000040f9  GPIO_Red2LedOff                    
00004105  GPIO_BlueLedOff                    
00004111  GPIO_Blue2LedOff                   
0000411d  GPIO_GreenLedOff                   
00004129  GPIO_Green2LedOff                  
00004135  GPIO_LedsOff                       
00004145  GPIO_Leds2Off                      
00004155  GPIO_RedLedToggle                  
00004161  GPIO_BlueLedToggle                 
0000416d  GPIO_GreenLedToggle                
00004179  GPIO_SW1GetState                   
00004183  GPIO_SW2GetState                   
0000418d  GPIO_SW1EdgeTriggeredInterruptInit 
000041db  GPIO_SW2EdgeTriggeredInterruptInit 
00004295  pxPortInitialiseStack              
00004321  xPortStartScheduler                
000043d9  vPortEndScheduler                  
000043fd  vPortEnterCritical                 
0000443f  vPortExitCritical                  
0000446b  xPortSysTickHandler                
00004491  vPortSetupTimerInterrupt           
000044ab  vPortValidateInterruptPriority     
0000459f  UART0_Init                         
000045df  UART0_SendByte                     
000045fb  UART0_ReceiveByte                  
0000460b  UART0_SendString                   
00004631  UART0_SendInteger                  
00004711  ADC_init                           
00004789  ADC_readValue                      
00004849  __aeabi_ddiv                       
0000497f  vListInitialise                    
000049af  vListInitialiseItem                
000049bf  vListInsertEnd                     
000049fb  vListInsert                        
00004a61  uxListRemove                       
00004aa9  __aeabi_dmul                       
00004bb5  ulPortGetIPSR                      
00004bcd  xPortPendSVHandler                 
00004c2d  vPortSVCHandler                    
00004c4d  vPortStartFirstTask                
00004c71  vPortEnableVFP                     
00004c81  pvPortMalloc                       
00004d0d  vPortFree                          
00004d31  vPortInitialiseBlocks              
00004d39  xPortGetFreeHeapSize               
00004d51  __aeabi_memcpy                     
00004d51  __aeabi_memcpy4                    
00004d51  __aeabi_memcpy8                    
00004d51  memcpy                             
00004ded  __aeabi_uldivmod                   
00004e83  __aeabi_memclr                     
00004e83  __aeabi_memclr4                    
00004e83  __aeabi_memclr8                    
00004e85  __aeabi_memset                     
00004e85  __aeabi_memset4                    
00004e85  __aeabi_memset8                    
00004e8b  memset                             
00004efd  GPTM_WTimer0Init                   
00004f2d  GPTM_WTimer0Read                   
00004f37  GPTM_WTimer0Reset                  
00004f71  __aeabi_d2f                        
00004fdf  __aeabi_ldivmod                    
0000504d  __TI_decompress_lzss               
000050b5  __TI_auto_init_nobinit_nopinit     
000050f9  _c_int00_noargs                    
0000512d  __aeabi_ui2d                       
0000514d  strcpy                             
00005161  __TI_decompress_none               
0000516f  __TI_zero_init                     
0000517b  ResetISR                           
00005187  _system_pre_init                   
0000518b  C$$EXIT                            
0000518b  abort                              
00005190  ulMaxSyscallInterruptPriority      
00005198  uxTopUsedPriority                  
000051d8  __TI_Handler_Table_Base            
000051e4  __TI_Handler_Table_Limit           
000051f0  __TI_CINIT_Base                    
00005200  __TI_CINIT_Limit                   
20000000  __start___llvm_prf_cnts            
20000000  __stop___llvm_prf_cnts             
200060d8  xBtnSemaphore                      
200060e0  xDesiredHeaterLvlMutex             
200060e8  xHeaterStatusMutex                 
200060f0  xLastFailureMutex                  
200060f8  xSystemFailureSemaphore            
20006100  xTempMutex                         
20006108  xGPTM_Mutex                        
2000610c  xTask1Handle                       
20006110  xTask2Handle                       
20006114  xTask3Handle                       
20006118  xTask4Handle                       
2000611c  xTask5Handle                       
20006120  xTask6Handle                       
20006124  xTask7Handle                       
20006128  xTask8Handle                       
2000612c  xUART_Mutex                        
20006130  __stack                            
20006330  __STACK_END                        
20006330  __STACK_TOP                        
20006330  pxCurrentTCB                       
20006360  ullTasksInTime                     
2000637c  ullTasksOutTime                    
20006398  ullTasksTotalTime                  
200063cc  Heater_Status                      
200063d4  Last_Failure_Timestamp             
200063dc  Last_HeatLvl_Timestamp             
200063e4  arr_BlueLedOn                      
200063ec  arr_GreenLedOn                     
200063f4  arr_LedsOff                        
20006404  Desired_Heater_Lvl                 
20006406  Temperature                        
ffffffff  __TI_pprof_out_hndl                
ffffffff  __TI_prof_data_size                
ffffffff  __TI_prof_data_start               
ffffffff  __binit__                          
ffffffff  __c_args__                         
ffffffff  binit                              
UNDEFED   __mpu_init                         
UNDEFED   _system_post_cinit                 

[214 symbols]
