******************************************************************************
                  TI ARM Linker PC v20.2.7                     
******************************************************************************
>> Linked Tue Apr 15 03:22:10 2025

OUTPUT FILE NAME:   <Lab4.out>
ENTRY POINT SYMBOL: "_c_int00_noargs"  address: 00004e1d


MEMORY CONFIGURATION

         name            origin    length      used     unused   attr    fill
----------------------  --------  ---------  --------  --------  ----  --------
  FLASH                 00000000   00040000  00004efe  0003b102  R  X
  SRAM                  20000000   00008000  000023b8  00005c48  RW X


SEGMENT ALLOCATION MAP

run origin  load origin   length   init length attrs members
----------  ----------- ---------- ----------- ----- -------
00000000    00000000    00004f00   00004f00    r-x
  00000000    00000000    0000026c   0000026c    r-- .intvecs
  0000026c    0000026c    00004c46   00004c46    r-x .text
  00004eb4    00004eb4    0000000c   0000000c    r-- .const
  00004ec0    00004ec0    00000040   00000040    r-- .cinit
20000000    20000000    000023bc   00000000    rw-
  20000000    20000000    00002104   00000000    rw- .bss
  20002108    20002108    00000200   00000000    rw- .stack
  20002308    20002308    000000b4   00000000    rw- .data


SECTION ALLOCATION MAP

 output                                  attributes/
section   page    origin      length       input sections
--------  ----  ----------  ----------   ----------------
.intvecs   0    00000000    0000026c     
                  00000000    0000026c     tm4c123gh6pm_startup_ccs.obj (.intvecs)

.text      0    0000026c    00004c46     
                  0000026c    00001cf0     tasks.obj (.text)
                  00001f5c    0000100e     queue.obj (.text)
                  00002f6a    00000002     rtsv7M4_T_le_v4SPD16_eabi.lib : div0.asm.obj (.text)
                  00002f6c    00000754     main.obj (.text)
                  000036c0    0000070c     timers.obj (.text)
                  00003dcc    000002b4     port.obj (.text)
                  00004080    000001ec     gpio.obj (.text)
                  0000426c    000001c8     uart0.obj (.text)
                  00004434    00000138     adc.obj (.text)
                  0000456c    00000136     rtsv7M4_T_le_v4SPD16_eabi.lib : fd_div_t2.asm.obj (.text)
                  000046a2    0000012a     list.obj (.text)
                  000047cc    000000fc     rtsv7M4_T_le_v4SPD16_eabi.lib : fd_mul_t2.asm.obj (.text)
                  000048c8    000000da     portasm.obj (.text)
                  000049a2    00000002     --HOLE-- [fill = 0]
                  000049a4    000000d0     heap_1.obj (.text)
                  00004a74    0000009c     rtsv7M4_T_le_v4SPD16_eabi.lib : memcpy_t2.asm.obj (.text)
                  00004b10    00000096                                   : ull_div_t2.asm.obj (.text)
                  00004ba6    0000007a                                   : memset_t2.asm.obj (.text)
                  00004c20    00000074     GPTM.obj (.text)
                  00004c94    0000006e     rtsv7M4_T_le_v4SPD16_eabi.lib : fd_tos_t2.asm.obj (.text)
                  00004d02    0000006e                                   : ll_div_t2.asm.obj (.text)
                  00004d70    00000068                                   : copy_decompress_lzss.c.obj (.text:decompress:lzss:__TI_decompress_lzss)
                  00004dd8    00000044                                   : autoinit.c.obj (.text:__TI_auto_init_nobinit_nopinit:__TI_auto_init_nobinit_nopinit)
                  00004e1c    00000034                                   : boot_cortex_m.c.obj (.text:_c_int00_noargs:_c_int00_noargs)
                  00004e50    00000020                                   : u_tofd_t2.asm.obj (.text)
                  00004e70    00000014                                   : strcpy.c.obj (.text:strcpy)
                  00004e84    0000000e                                   : copy_decompress_none.c.obj (.text:decompress:none:__TI_decompress_none)
                  00004e92    0000000c                                   : copy_zero_init.c.obj (.text:decompress:ZI:__TI_zero_init)
                  00004e9e    0000000c     tm4c123gh6pm_startup_ccs.obj (.text)
                  00004eaa    00000004     rtsv7M4_T_le_v4SPD16_eabi.lib : pre_init.c.obj (.text:_system_pre_init)
                  00004eae    00000004                                   : exit.c.obj (.text:abort:abort)

.const     0    00004eb4    0000000c     
                  00004eb4    00000008     port.obj (.const)
                  00004ebc    00000004     tasks.obj (.const)

.cinit     0    00004ec0    00000040     
                  00004ec0    0000001b     (.cinit..data.load) [load image, compression = lzss]
                  00004edb    00000001     --HOLE-- [fill = 0]
                  00004edc    0000000c     (__TI_handler_table)
                  00004ee8    00000008     (.cinit..bss.load) [load image, compression = zero_init]
                  00004ef0    00000010     (__TI_cinit_table)

.init_array 
*          0    00000000    00000000     UNINITIALIZED

.bss       0    20000000    00002104     UNINITIALIZED
                  20000000    00002000     heap_1.obj (.bss:ucHeap)
                  20002000    00000064     tasks.obj (.bss:pxReadyTasksLists)
                  20002064    00000014     timers.obj (.bss:xActiveTimerList1)
                  20002078    00000014     timers.obj (.bss:xActiveTimerList2)
                  2000208c    00000014     tasks.obj (.bss:xDelayedTaskList1)
                  200020a0    00000014     tasks.obj (.bss:xDelayedTaskList2)
                  200020b4    00000014     tasks.obj (.bss:xPendingReadyList)
                  200020c8    00000008     tasks.obj (.bss)
                  200020d0    00000008     timers.obj (.bss)
                  200020d8    00000004     (.common:Heater_Status)
                  200020dc    00000004     (.common:xBtnSemaphore)
                  200020e0    00000004     (.common:xDataMutex)
                  200020e4    00000004     (.common:xGPTM_Mutex)
                  200020e8    00000004     (.common:xSystemFailureSemaphore)
                  200020ec    00000004     (.common:xTask1Handle)
                  200020f0    00000004     (.common:xTask2Handle)
                  200020f4    00000004     (.common:xTask3Handle)
                  200020f8    00000004     (.common:xTask4Handle)
                  200020fc    00000004     (.common:xTask5Handle)
                  20002100    00000004     (.common:xTask6Handle)

.data      0    20002308    000000b4     UNINITIALIZED
                  20002308    00000030     tasks.obj (.data)
                  20002338    0000001c     main.obj (.data:ullTasksInTime)
                  20002354    0000001c     main.obj (.data:ullTasksOutTime)
                  20002370    0000001c     main.obj (.data:ullTasksTotalTime)
                  2000238c    0000000d     main.obj (.data)
                  20002399    00000003     --HOLE--
                  2000239c    0000000c     port.obj (.data)
                  200023a8    0000000c     timers.obj (.data)
                  200023b4    00000008     heap_1.obj (.data)

.stack     0    20002108    00000200     UNINITIALIZED
                  20002108    00000004     rtsv7M4_T_le_v4SPD16_eabi.lib : boot_cortex_m.c.obj (.stack)
                  2000210c    000001fc     --HOLE--

__llvm_prf_cnts 
*          0    20000000    00000000     UNINITIALIZED

MODULE SUMMARY

       Module                         code    ro data   rw data
       ------                         ----    -------   -------
    .\
       main.obj                       1876    0         141    
       tm4c123gh6pm_startup_ccs.obj   12      620       0      
    +--+------------------------------+-------+---------+---------+
       Total:                         1888    620       141    
                                                               
    .\FreeRTOS\Source\
       tasks.obj                      7408    4         216    
       queue.obj                      4110    0         0      
       timers.obj                     1804    0         60     
       list.obj                       298     0         0      
    +--+------------------------------+-------+---------+---------+
       Total:                         13620   4         276    
                                                               
    .\FreeRTOS\Source\portable\CCS\ARM_CM4F\
       port.obj                       692     8         12     
       portasm.obj                    218     0         0      
    +--+------------------------------+-------+---------+---------+
       Total:                         910     8         12     
                                                               
    .\FreeRTOS\Source\portable\MemMang\
       heap_1.obj                     208     0         8200   
    +--+------------------------------+-------+---------+---------+
       Total:                         208     0         8200   
                                                               
    .\MCAL\ADC\
       adc.obj                        312     0         0      
    +--+------------------------------+-------+---------+---------+
       Total:                         312     0         0      
                                                               
    .\MCAL\GPIO\
       gpio.obj                       492     0         0      
    +--+------------------------------+-------+---------+---------+
       Total:                         492     0         0      
                                                               
    .\MCAL\GPTM\
       GPTM.obj                       116     0         0      
    +--+------------------------------+-------+---------+---------+
       Total:                         116     0         0      
                                                               
    .\MCAL\UART\
       uart0.obj                      456     0         0      
    +--+------------------------------+-------+---------+---------+
       Total:                         456     0         0      
                                                               
    D:\Program Files\ccs\tools\compiler\ti-cgt-arm_20.2.7.LTS\lib\rtsv7M4_T_le_v4SPD16_eabi.lib
       fd_div_t2.asm.obj              310     0         0      
       fd_mul_t2.asm.obj              252     0         0      
       memcpy_t2.asm.obj              156     0         0      
       ull_div_t2.asm.obj             150     0         0      
       memset_t2.asm.obj              122     0         0      
       fd_tos_t2.asm.obj              110     0         0      
       ll_div_t2.asm.obj              110     0         0      
       copy_decompress_lzss.c.obj     104     0         0      
       autoinit.c.obj                 68      0         0      
       boot_cortex_m.c.obj            52      0         0      
       u_tofd_t2.asm.obj              32      0         0      
       strcpy.c.obj                   20      0         0      
       copy_decompress_none.c.obj     14      0         0      
       copy_zero_init.c.obj           12      0         0      
       exit.c.obj                     4       0         0      
       pre_init.c.obj                 4       0         0      
       div0.asm.obj                   2       0         0      
    +--+------------------------------+-------+---------+---------+
       Total:                         1522    0         0      
                                                               
       Stack:                         0       0         512    
       Linker Generated:              0       63        0      
    +--+------------------------------+-------+---------+---------+
       Grand Total:                   19524   695       9141   


LINKER GENERATED COPY TABLES

__TI_cinit_table @ 00004ef0 records: 2, size/record: 8, table size: 16
	.data: load addr=00004ec0, load size=0000001b bytes, run addr=20002308, run size=000000b4 bytes, compression=lzss
	.bss: load addr=00004ee8, load size=00000008 bytes, run addr=20000000, run size=00002104 bytes, compression=zero_init


LINKER GENERATED HANDLER TABLE

__TI_handler_table @ 00004edc records: 3, size/record: 4, table size: 12
	index: 0, handler: __TI_decompress_lzss
	index: 1, handler: __TI_decompress_none
	index: 2, handler: __TI_zero_init


GLOBAL SYMBOLS: SORTED ALPHABETICALLY BY Name 

address   name                               
-------   ----                               
00004435  ADC_init                           
000044ad  ADC_readValue                      
00004eaf  C$$EXIT                            
20002398  Desired_Heater_Lvl                 
0000356d  GPIOPortF_Handler                  
00004125  GPIO_BlueLedOff                    
00004101  GPIO_BlueLedOn                     
00004159  GPIO_BlueLedToggle                 
00004081  GPIO_BuiltinButtonsLedsInit        
00004131  GPIO_GreenLedOff                   
0000410d  GPIO_GreenLedOn                    
00004165  GPIO_GreenLedToggle                
0000413d  GPIO_LedsOff                       
00004119  GPIO_RedLedOff                     
000040f5  GPIO_RedLedOn                      
0000414d  GPIO_RedLedToggle                  
00004185  GPIO_SW1EdgeTriggeredInterruptInit 
00004171  GPIO_SW1GetState                   
000041d3  GPIO_SW2EdgeTriggeredInterruptInit 
0000417b  GPIO_SW2GetState                   
00004c21  GPTM_WTimer0Init                   
00004c51  GPTM_WTimer0Read                   
00004c5b  GPTM_WTimer0Reset                  
200020d8  Heater_Status                      
20002390  Last_Failure_Timestamp             
20002394  Last_HeatLvl_Timestamp             
00004e9f  ResetISR                           
2000238c  Temperature                        
000042c3  UART0_Init                         
0000431f  UART0_ReceiveByte                  
00004303  UART0_SendByte                     
00004355  UART0_SendInteger                  
0000432f  UART0_SendString                   
20002308  __STACK_END                        
00000200  __STACK_SIZE                       
20002308  __STACK_TOP                        
00004ef0  __TI_CINIT_Base                    
00004f00  __TI_CINIT_Limit                   
00004edc  __TI_Handler_Table_Base            
00004ee8  __TI_Handler_Table_Limit           
00004dd9  __TI_auto_init_nobinit_nopinit     
00004d71  __TI_decompress_lzss               
00004e85  __TI_decompress_none               
ffffffff  __TI_pprof_out_hndl                
ffffffff  __TI_prof_data_size                
ffffffff  __TI_prof_data_start               
00000000  __TI_static_base__                 
00004e93  __TI_zero_init                     
00004c95  __aeabi_d2f                        
0000456d  __aeabi_ddiv                       
000047cd  __aeabi_dmul                       
00002f6b  __aeabi_idiv0                      
00002f6b  __aeabi_ldiv0                      
00004d03  __aeabi_ldivmod                    
00004ba7  __aeabi_memclr                     
00004ba7  __aeabi_memclr4                    
00004ba7  __aeabi_memclr8                    
00004a75  __aeabi_memcpy                     
00004a75  __aeabi_memcpy4                    
00004a75  __aeabi_memcpy8                    
00004ba9  __aeabi_memset                     
00004ba9  __aeabi_memset4                    
00004ba9  __aeabi_memset8                    
00004e51  __aeabi_ui2d                       
00004b11  __aeabi_uldivmod                   
ffffffff  __binit__                          
ffffffff  __c_args__                         
UNDEFED   __mpu_init                         
20002108  __stack                            
20000000  __start___llvm_prf_cnts            
20000000  __stop___llvm_prf_cnts             
00004e1d  _c_int00_noargs                    
UNDEFED   _system_post_cinit                 
00004eab  _system_pre_init                   
00004eaf  abort                              
ffffffff  binit                              
00000000  g_pfnVectors                       
00002f6d  main                               
00004a75  memcpy                             
00004baf  memset                             
000008a9  pcTaskGetName                      
00003925  pcTimerGetName                     
000049a5  pvPortMalloc                       
00001665  pvTaskIncrementMutexHeldCount      
00003d5d  pvTimerGetTimerID                  
20002308  pxCurrentTCB                       
00003dcd  pxPortInitialiseStack              
00004e71  strcpy                             
00004eb4  ulMaxSyscallInterruptPriority      
000048d9  ulPortGetIPSR                      
0000167d  ulTaskGenericNotifyTake            
00001e75  ulTaskGenericNotifyValueClear      
20002338  ullTasksInTime                     
20002354  ullTasksOutTime                    
20002370  ullTasksTotalTime                  
00004785  uxListRemove                       
00002be5  uxQueueMessagesWaiting             
00002c43  uxQueueMessagesWaitingFromISR      
00002c0f  uxQueueSpacesAvailable             
00000891  uxTaskGetNumberOfTasks             
0000163f  uxTaskResetEventItemValue          
000038eb  uxTimerGetReloadMode               
00004ebc  uxTopUsedPriority                  
00003089  vControlHeater                     
00003371  vDiagnostics                       
00003225  vDisplayDataHandler                
000032d1  vHeaterSettingHandler              
000046a3  vListInitialise                    
000046d3  vListInitialiseItem                
0000471f  vListInsert                        
000046e3  vListInsertEnd                     
00004995  vPortEnableVFP                     
00003f11  vPortEndScheduler                  
00003f35  vPortEnterCritical                 
00003f77  vPortExitCritical                  
00004a31  vPortFree                          
00004a55  vPortInitialiseBlocks              
00004951  vPortSVCHandler                    
00003fc9  vPortSetupTimerInterrupt           
00004971  vPortStartFirstTask                
00003fe3  vPortValidateInterruptPriority     
00002c6d  vQueueDelete                       
00002f0f  vQueueWaitForMessageRestricted     
0000317d  vReadTemperatureHandler            
0000344d  vRuntimeMeasurements               
00000599  vTaskDelay                         
00000685  vTaskEndScheduler                  
00001c5d  vTaskGenericNotifyGiveFromISR      
000010fd  vTaskInternalSetTimeOutState       
000011c1  vTaskMissedYield                   
00000cc7  vTaskPlaceOnEventList              
00000da5  vTaskPlaceOnEventListRestricted    
00000d05  vTaskPlaceOnUnorderedEventList     
000014f9  vTaskPriorityDisinheritAfterTimeout
00000f91  vTaskRemoveFromUnorderedEventList  
00000b29  vTaskSetApplicationTaskTag         
000010cb  vTaskSetTimeOutState               
000005eb  vTaskStartScheduler                
000006a1  vTaskSuspendAll                    
00000bfd  vTaskSwitchContext                 
00003865  vTimerSetReloadMode                
00003d8b  vTimerSetTimerID                   
200020dc  xBtnSemaphore                      
200020e0  xDataMutex                         
200020e4  xGPTM_Mutex                        
00004a5d  xPortGetFreeHeapSize               
000048f1  xPortPendSVHandler                 
00003e59  xPortStartScheduler                
00003fa3  xPortSysTickHandler                
00002143  xQueueCreateMutex                  
0000205d  xQueueGenericCreate                
00001f5d  xQueueGenericReset                 
0000216f  xQueueGenericSend                  
00002329  xQueueGenericSendFromISR           
00002461  xQueueGiveFromISR                  
00002e7b  xQueueIsQueueEmptyFromISR          
00002ed5  xQueueIsQueueFullFromISR           
000028b1  xQueuePeek                         
00002b35  xQueuePeekFromISR                  
00002585  xQueueReceive                      
00002a2f  xQueueReceiveFromISR               
000026fd  xQueueSemaphoreTake                
200020e8  xSystemFailureSemaphore            
200020ec  xTask1Handle                       
200020f0  xTask2Handle                       
200020f4  xTask3Handle                       
200020f8  xTask4Handle                       
200020fc  xTask5Handle                       
20002100  xTask6Handle                       
00000bb3  xTaskCallApplicationTaskHook       
000008e1  xTaskCatchUpTicks                  
00001125  xTaskCheckForTimeOut               
0000026d  xTaskCreate                        
000004bf  xTaskDelayUntil                    
00001821  xTaskGenericNotify                 
00001a07  xTaskGenericNotifyFromISR          
00001e0d  xTaskGenericNotifyStateClear       
00001739  xTaskGenericNotifyWait             
00000b4f  xTaskGetApplicationTaskTag         
00000b79  xTaskGetApplicationTaskTagFromISR  
00001271  xTaskGetCurrentTaskHandle          
00001281  xTaskGetSchedulerState             
0000086d  xTaskGetTickCount                  
0000087d  xTaskGetTickCountFromISR           
0000094d  xTaskIncrementTick                 
000013d1  xTaskPriorityDisinherit            
000012b1  xTaskPriorityInherit               
00000e25  xTaskRemoveFromEventList           
000006c9  xTaskResumeAll                     
000036ff  xTimerCreate                       
000036c1  xTimerCreateTimerTask              
0000379d  xTimerGenericCommand               
000038f7  xTimerGetExpiryTime                
0000383f  xTimerGetPeriod                    
000038af  xTimerGetReloadMode                
0000381d  xTimerGetTimerDaemonTaskHandle     
00003d1d  xTimerIsTimerActive                


GLOBAL SYMBOLS: SORTED BY Symbol Address 

address   name                               
-------   ----                               
00000000  __TI_static_base__                 
00000000  g_pfnVectors                       
00000200  __STACK_SIZE                       
0000026d  xTaskCreate                        
000004bf  xTaskDelayUntil                    
00000599  vTaskDelay                         
000005eb  vTaskStartScheduler                
00000685  vTaskEndScheduler                  
000006a1  vTaskSuspendAll                    
000006c9  xTaskResumeAll                     
0000086d  xTaskGetTickCount                  
0000087d  xTaskGetTickCountFromISR           
00000891  uxTaskGetNumberOfTasks             
000008a9  pcTaskGetName                      
000008e1  xTaskCatchUpTicks                  
0000094d  xTaskIncrementTick                 
00000b29  vTaskSetApplicationTaskTag         
00000b4f  xTaskGetApplicationTaskTag         
00000b79  xTaskGetApplicationTaskTagFromISR  
00000bb3  xTaskCallApplicationTaskHook       
00000bfd  vTaskSwitchContext                 
00000cc7  vTaskPlaceOnEventList              
00000d05  vTaskPlaceOnUnorderedEventList     
00000da5  vTaskPlaceOnEventListRestricted    
00000e25  xTaskRemoveFromEventList           
00000f91  vTaskRemoveFromUnorderedEventList  
000010cb  vTaskSetTimeOutState               
000010fd  vTaskInternalSetTimeOutState       
00001125  xTaskCheckForTimeOut               
000011c1  vTaskMissedYield                   
00001271  xTaskGetCurrentTaskHandle          
00001281  xTaskGetSchedulerState             
000012b1  xTaskPriorityInherit               
000013d1  xTaskPriorityDisinherit            
000014f9  vTaskPriorityDisinheritAfterTimeout
0000163f  uxTaskResetEventItemValue          
00001665  pvTaskIncrementMutexHeldCount      
0000167d  ulTaskGenericNotifyTake            
00001739  xTaskGenericNotifyWait             
00001821  xTaskGenericNotify                 
00001a07  xTaskGenericNotifyFromISR          
00001c5d  vTaskGenericNotifyGiveFromISR      
00001e0d  xTaskGenericNotifyStateClear       
00001e75  ulTaskGenericNotifyValueClear      
00001f5d  xQueueGenericReset                 
0000205d  xQueueGenericCreate                
00002143  xQueueCreateMutex                  
0000216f  xQueueGenericSend                  
00002329  xQueueGenericSendFromISR           
00002461  xQueueGiveFromISR                  
00002585  xQueueReceive                      
000026fd  xQueueSemaphoreTake                
000028b1  xQueuePeek                         
00002a2f  xQueueReceiveFromISR               
00002b35  xQueuePeekFromISR                  
00002be5  uxQueueMessagesWaiting             
00002c0f  uxQueueSpacesAvailable             
00002c43  uxQueueMessagesWaitingFromISR      
00002c6d  vQueueDelete                       
00002e7b  xQueueIsQueueEmptyFromISR          
00002ed5  xQueueIsQueueFullFromISR           
00002f0f  vQueueWaitForMessageRestricted     
00002f6b  __aeabi_idiv0                      
00002f6b  __aeabi_ldiv0                      
00002f6d  main                               
00003089  vControlHeater                     
0000317d  vReadTemperatureHandler            
00003225  vDisplayDataHandler                
000032d1  vHeaterSettingHandler              
00003371  vDiagnostics                       
0000344d  vRuntimeMeasurements               
0000356d  GPIOPortF_Handler                  
000036c1  xTimerCreateTimerTask              
000036ff  xTimerCreate                       
0000379d  xTimerGenericCommand               
0000381d  xTimerGetTimerDaemonTaskHandle     
0000383f  xTimerGetPeriod                    
00003865  vTimerSetReloadMode                
000038af  xTimerGetReloadMode                
000038eb  uxTimerGetReloadMode               
000038f7  xTimerGetExpiryTime                
00003925  pcTimerGetName                     
00003d1d  xTimerIsTimerActive                
00003d5d  pvTimerGetTimerID                  
00003d8b  vTimerSetTimerID                   
00003dcd  pxPortInitialiseStack              
00003e59  xPortStartScheduler                
00003f11  vPortEndScheduler                  
00003f35  vPortEnterCritical                 
00003f77  vPortExitCritical                  
00003fa3  xPortSysTickHandler                
00003fc9  vPortSetupTimerInterrupt           
00003fe3  vPortValidateInterruptPriority     
00004081  GPIO_BuiltinButtonsLedsInit        
000040f5  GPIO_RedLedOn                      
00004101  GPIO_BlueLedOn                     
0000410d  GPIO_GreenLedOn                    
00004119  GPIO_RedLedOff                     
00004125  GPIO_BlueLedOff                    
00004131  GPIO_GreenLedOff                   
0000413d  GPIO_LedsOff                       
0000414d  GPIO_RedLedToggle                  
00004159  GPIO_BlueLedToggle                 
00004165  GPIO_GreenLedToggle                
00004171  GPIO_SW1GetState                   
0000417b  GPIO_SW2GetState                   
00004185  GPIO_SW1EdgeTriggeredInterruptInit 
000041d3  GPIO_SW2EdgeTriggeredInterruptInit 
000042c3  UART0_Init                         
00004303  UART0_SendByte                     
0000431f  UART0_ReceiveByte                  
0000432f  UART0_SendString                   
00004355  UART0_SendInteger                  
00004435  ADC_init                           
000044ad  ADC_readValue                      
0000456d  __aeabi_ddiv                       
000046a3  vListInitialise                    
000046d3  vListInitialiseItem                
000046e3  vListInsertEnd                     
0000471f  vListInsert                        
00004785  uxListRemove                       
000047cd  __aeabi_dmul                       
000048d9  ulPortGetIPSR                      
000048f1  xPortPendSVHandler                 
00004951  vPortSVCHandler                    
00004971  vPortStartFirstTask                
00004995  vPortEnableVFP                     
000049a5  pvPortMalloc                       
00004a31  vPortFree                          
00004a55  vPortInitialiseBlocks              
00004a5d  xPortGetFreeHeapSize               
00004a75  __aeabi_memcpy                     
00004a75  __aeabi_memcpy4                    
00004a75  __aeabi_memcpy8                    
00004a75  memcpy                             
00004b11  __aeabi_uldivmod                   
00004ba7  __aeabi_memclr                     
00004ba7  __aeabi_memclr4                    
00004ba7  __aeabi_memclr8                    
00004ba9  __aeabi_memset                     
00004ba9  __aeabi_memset4                    
00004ba9  __aeabi_memset8                    
00004baf  memset                             
00004c21  GPTM_WTimer0Init                   
00004c51  GPTM_WTimer0Read                   
00004c5b  GPTM_WTimer0Reset                  
00004c95  __aeabi_d2f                        
00004d03  __aeabi_ldivmod                    
00004d71  __TI_decompress_lzss               
00004dd9  __TI_auto_init_nobinit_nopinit     
00004e1d  _c_int00_noargs                    
00004e51  __aeabi_ui2d                       
00004e71  strcpy                             
00004e85  __TI_decompress_none               
00004e93  __TI_zero_init                     
00004e9f  ResetISR                           
00004eab  _system_pre_init                   
00004eaf  C$$EXIT                            
00004eaf  abort                              
00004eb4  ulMaxSyscallInterruptPriority      
00004ebc  uxTopUsedPriority                  
00004edc  __TI_Handler_Table_Base            
00004ee8  __TI_Handler_Table_Limit           
00004ef0  __TI_CINIT_Base                    
00004f00  __TI_CINIT_Limit                   
20000000  __start___llvm_prf_cnts            
20000000  __stop___llvm_prf_cnts             
200020d8  Heater_Status                      
200020dc  xBtnSemaphore                      
200020e0  xDataMutex                         
200020e4  xGPTM_Mutex                        
200020e8  xSystemFailureSemaphore            
200020ec  xTask1Handle                       
200020f0  xTask2Handle                       
200020f4  xTask3Handle                       
200020f8  xTask4Handle                       
200020fc  xTask5Handle                       
20002100  xTask6Handle                       
20002108  __stack                            
20002308  __STACK_END                        
20002308  __STACK_TOP                        
20002308  pxCurrentTCB                       
20002338  ullTasksInTime                     
20002354  ullTasksOutTime                    
20002370  ullTasksTotalTime                  
2000238c  Temperature                        
20002390  Last_Failure_Timestamp             
20002394  Last_HeatLvl_Timestamp             
20002398  Desired_Heater_Lvl                 
ffffffff  __TI_pprof_out_hndl                
ffffffff  __TI_prof_data_size                
ffffffff  __TI_prof_data_start               
ffffffff  __binit__                          
ffffffff  __c_args__                         
ffffffff  binit                              
UNDEFED   __mpu_init                         
UNDEFED   _system_post_cinit                 

[197 symbols]
